<html>
<body>
<pre>
<h1>µVision Build Log</h1>
<h2>Project:</h2>
D:\CODE\Keil MDK\STM32F401RE-nucleo\MyProj\Ext_LCD\proj\lcd.uvproj
Project File Date:  09/22/2014

<h2>Output:</h2>
Build target 'Target 1'
compiling main.c...
linking...
Program Size: Code=3102 RO-data=478 RW-data=64 ZI-data=1024  
".\opt\lcd.axf" - 0 Error(s), 0 Warning(s).
</pre>
</body>
</html>
STM32F401RE-nucleo\\MyProj\\Ext_LCD\\proj\\opt\\lcd.axf" 
Erase Done.
Programming Done.
Verify OK.
\\opt\\lcd.axf" 
Erase Done.
Programming Done.
Verify OK.
mpiling stm32f4xx_hal_rcc.c...
compiling stm32f4xx_hal_rcc_ex.c...
linking...
Program Size: Code=2680 RO-data=460 RW-data=32 ZI-data=1024  
".\opt\lcd.axf" - 0 Error(s), 0 Warning(s).
Load "D:\\CODE\\Keil MDK\\STM32F401RE-nucleo\\MyProj\\Ext_LCD\\proj\\opt\\lcd.axf" 
Erase Done.
Programming Done.
Verify OK.
