<html>
<body>
<pre>
<h1>µVision Build Log</h1>
<h2>Project:</h2>
D:\CODE\Keil MDK\STM32F401RE-nucleo\MyProj\FatFs\proj\fatfs.uvproj
Project File Date:  06/26/2014

<h2>Output:</h2>
Build target 'Target 1'
linking...
Program Size: Code=21552 RO-data=3672 RW-data=96 ZI-data=2512  
".\opt\fatfs.axf" - 0 Error(s), 0 Warning(s).
Load "D:\\CODE\\Keil MDK\\STM32F401RE-nucleo\\MyProj\\FatFs\\proj\\opt\\fatfs.axf" 
Erase Done.
Programming Done.
Verify OK.
</pre>
</body>
</html>
Done.
Verify OK.
.c...
compiling stm32f4xx_hal_flash_ex.c...
compiling stm32f4xx_hal_gpio.c...
compiling stm32f4xx_hal_rcc.c...
compiling stm32f4xx_hal_rcc_ex.c...
compiling stm32f4xx_hal_sd.c...
compiling stm32f4xx_ll_sdmmc.c...
compiling stm32f4xx_hal_dma.c...
compiling stm32f4xx_hal_crc.c...
compiling diskio.c...
compiling ff.c...
compiling ff_gen_drv.c...
compiling sd_diskio.c...
linking...
Program Size: Code=7464 RO-data=3500 RW-data=48 ZI-data=1368  
".\opt\fatfs.axf" - 0 Error(s), 0 Warning(s).
ash.c...
compiling stm32f4xx_hal_flash_ex.c...
compiling stm32f4xx_hal_gpio.c...
compiling stm32f4xx_hal_rcc.c...
compiling stm32f4xx_hal_rcc_ex.c...
compiling stm32f4xx_hal_sd.c...
compiling stm32f4xx_ll_sdmmc.c...
compiling stm32f4xx_hal_dma.c...
compiling stm32f4xx_hal_crc.c...
compiling diskio.c...
..\inc\ffconf.h(22): error:  #35: #error directive: "Please select first the Board used in your application (in boardname_eval.h file)"
    #error "Please select first the Board used in your application (in boardname_eval.h file)"
..\..\Middlewares\Third_Party\FatFs\src\diskio.c: 0 warnings, 1 error
compiling ff.c...
..\inc\ffconf.h(22): error:  #35: #error directive: "Please select first the Board used in your application (in boardname_eval.h file)"
    #error "Please select first the Board used in your application (in boardname_eval.h file)"
..\..\Middlewares\Third_Party\FatFs\src\ff.c: 0 warnings, 1 error
compiling ff_gen_drv.c...
..\inc\ffconf.h(22): error:  #35: #error directive: "Please select first the Board used in your application (in boardname_eval.h file)"
    #error "Please select first the Board used in your application (in boardname_eval.h file)"
..\..\Middlewares\Third_Party\FatFs\src\ff_gen_drv.c: 0 warnings, 1 error
compiling sd_diskio.c...
..\inc\ffconf.h(22): error:  #35: #error directive: "Please select first the Board used in your application (in boardname_eval.h file)"
    #error "Please select first the Board used in your application (in boardname_eval.h file)"
..\..\Middlewares\Third_Party\FatFs\src\drivers\sd_diskio.c: 0 warnings, 1 error
".\opt\fatfs.axf" - 6 Error(s), 0 Warning(s).
Target not created
