Component: ARM Compiler 5.05 (build 41) Tool: armlink [4d0eb9]

==============================================================================

Section Cross References

    startup_stm32f401xe.o(RESET) refers to startup_stm32f401xe.o(STACK) for __initial_sp
    startup_stm32f401xe.o(RESET) refers to startup_stm32f401xe.o(.text) for Reset_Handler
    startup_stm32f401xe.o(RESET) refers to stm32f4xx_it.o(i.NMI_Handler) for NMI_Handler
    startup_stm32f401xe.o(RESET) refers to stm32f4xx_it.o(i.HardFault_Handler) for HardFault_Handler
    startup_stm32f401xe.o(RESET) refers to stm32f4xx_it.o(i.MemManage_Handler) for MemManage_Handler
    startup_stm32f401xe.o(RESET) refers to stm32f4xx_it.o(i.BusFault_Handler) for BusFault_Handler
    startup_stm32f401xe.o(RESET) refers to stm32f4xx_it.o(i.UsageFault_Handler) for UsageFault_Handler
    startup_stm32f401xe.o(RESET) refers to stm32f4xx_it.o(i.SVC_Handler) for SVC_Handler
    startup_stm32f401xe.o(RESET) refers to stm32f4xx_it.o(i.DebugMon_Handler) for DebugMon_Handler
    startup_stm32f401xe.o(RESET) refers to stm32f4xx_it.o(i.PendSV_Handler) for PendSV_Handler
    startup_stm32f401xe.o(RESET) refers to stm32f4xx_it.o(i.SysTick_Handler) for SysTick_Handler
    startup_stm32f401xe.o(.text) refers to system_stm32f4xx.o(i.SystemInit) for SystemInit
    startup_stm32f401xe.o(.text) refers to entry.o(.ARM.Collect$$$$00000000) for __main
    main.o(i.Error_Handler) refers to stm32f4xx_nucleo.o(i.BSP_LED_Toggle) for BSP_LED_Toggle
    main.o(i.Error_Handler) refers to stm32f4xx_hal.o(i.HAL_Delay) for HAL_Delay
    main.o(i.SDCard_Config) refers to ff_gen_drv.o(i.FATFS_LinkDriver) for FATFS_LinkDriver
    main.o(i.SDCard_Config) refers to stm32f4xx_nucleo_extlcd.o(i.LCD_GetFont) for LCD_GetFont
    main.o(i.SDCard_Config) refers to stm32f4xx_nucleo_extlcd.o(i.LCD_DisplayStringLine) for LCD_DisplayStringLine
    main.o(i.SDCard_Config) refers to main.o(i.Error_Handler) for Error_Handler
    main.o(i.SDCard_Config) refers to stm32f4xx_nucleo_extsd.o(i.BSP_SD_Init) for BSP_SD_Init
    main.o(i.SDCard_Config) refers to ff.o(i.f_mount) for f_mount
    main.o(i.SDCard_Config) refers to main.o(.data) for .data
    main.o(i.SDCard_Config) refers to sd_diskio.o(.data) for SD_Driver
    main.o(i.SDCard_Config) refers to main.o(.bss) for .bss
    main.o(i.SystemClock_Config) refers to stm32f4xx_hal_rcc.o(i.HAL_RCC_OscConfig) for HAL_RCC_OscConfig
    main.o(i.SystemClock_Config) refers to stm32f4xx_hal_rcc.o(i.HAL_RCC_ClockConfig) for HAL_RCC_ClockConfig
    main.o(i.SystemClock_Config) refers to main.o(i.Error_Handler) for Error_Handler
    main.o(i.main) refers to stm32f4xx_hal.o(i.HAL_Init) for HAL_Init
    main.o(i.main) refers to main.o(i.SystemClock_Config) for SystemClock_Config
    main.o(i.main) refers to stm32f4xx_nucleo.o(i.BSP_LED_Init) for BSP_LED_Init
    main.o(i.main) refers to stm32f4xx_nucleo.o(i.BSP_PB_Init) for BSP_PB_Init
    main.o(i.main) refers to stm32f4xx_nucleo_extlcd.o(i.LCD_Init) for LCD_Init
    main.o(i.main) refers to stm32f4xx_nucleo_extlcd.o(i.LCD_Clear) for LCD_Clear
    main.o(i.main) refers to stm32f4xx_nucleo_extlcd.o(i.LCD_SetDisplayDirect) for LCD_SetDisplayDirect
    main.o(i.main) refers to stm32f4xx_nucleo_extlcd.o(i.LCD_GetFont) for LCD_GetFont
    main.o(i.main) refers to stm32f4xx_nucleo_extlcd.o(i.LCD_DisplayStringLine) for LCD_DisplayStringLine
    main.o(i.main) refers to main.o(i.SDCard_Config) for SDCard_Config
    main.o(i.main) refers to stm32f4xx_nucleo_ext25q16.o(i.W25Q16_Init) for W25Q16_Init
    main.o(i.main) refers to stm32f4xx_hal.o(i.HAL_Delay) for HAL_Delay
    main.o(i.main) refers to stm32f4xx_nucleo_ext25q16.o(i.SPI_Flash_ReadID) for SPI_Flash_ReadID
    main.o(i.main) refers to stm32f4xx_nucleo.o(i.BSP_PB_GetState) for BSP_PB_GetState
    main.o(i.main) refers to printf4.o(i.__0sprintf$4) for __2sprintf
    main.o(i.main) refers to ff.o(i.f_open) for f_open
    main.o(i.main) refers to ff.o(i.f_close) for f_close
    main.o(i.main) refers to main.o(i.Error_Handler) for Error_Handler
    main.o(i.main) refers to ff.o(i.f_read) for f_read
    main.o(i.main) refers to stm32f4xx_nucleo_ext25q16.o(i.SPI_Flash_Write) for SPI_Flash_Write
    main.o(i.main) refers to stm32f4xx_nucleo.o(i.BSP_LED_Toggle) for BSP_LED_Toggle
    main.o(i.main) refers to stm32f4xx_nucleo_extlcd.o(i.LCD_STRING) for LCD_STRING
    main.o(i.main) refers to stm32f4xx_nucleo_extlcd.o(i.LCD_STRING_ON) for LCD_STRING_ON
    main.o(i.main) refers to ff_gen_drv.o(i.FATFS_UnLinkDriver) for FATFS_UnLinkDriver
    main.o(i.main) refers to main.o(.bss) for .bss
    main.o(i.main) refers to main.o(.data) for .data
    main.o(i.main) refers to main.o(.conststring) for .conststring
    stm32f4xx_it.o(i.SysTick_Handler) refers to stm32f4xx_hal.o(i.HAL_IncTick) for HAL_IncTick
    system_stm32f4xx.o(i.SystemCoreClockUpdate) refers to system_stm32f4xx.o(.data) for .data
[...]
    Removing stm32f4xx_hal_gpio.o(.revsh_text), (4 bytes).
    Removing stm32f4xx_hal_gpio.o(i.HAL_GPIO_DeInit), (164 bytes).
    Removing stm32f4xx_hal_gpio.o(i.HAL_GPIO_EXTI_Callback), (2 bytes).
    Removing stm32f4xx_hal_gpio.o(i.HAL_GPIO_EXTI_IRQHandler), (24 bytes).
    Removing stm32f4xx_hal_gpio.o(i.HAL_GPIO_LockPin), (34 bytes).
    Removing stm32f4xx_hal_pwr.o(.rev16_text), (4 bytes).
    Removing stm32f4xx_hal_pwr.o(.revsh_text), (4 bytes).
    Removing stm32f4xx_hal_pwr.o(i.HAL_PWR_DeInit), (24 bytes).
    Removing stm32f4xx_hal_pwr.o(i.HAL_PWR_DisableBkUpAccess), (12 bytes).
    Removing stm32f4xx_hal_pwr.o(i.HAL_PWR_DisablePVD), (12 bytes).
    Removing stm32f4xx_hal_pwr.o(i.HAL_PWR_DisableWakeUpPin), (16 bytes).
    Removing stm32f4xx_hal_pwr.o(i.HAL_PWR_EnableBkUpAccess), (12 bytes).
    Removing stm32f4xx_hal_pwr.o(i.HAL_PWR_EnablePVD), (12 bytes).
    Removing stm32f4xx_hal_pwr.o(i.HAL_PWR_EnableWakeUpPin), (16 bytes).
    Removing stm32f4xx_hal_pwr.o(i.HAL_PWR_EnterSLEEPMode), (16 bytes).
    Removing stm32f4xx_hal_pwr.o(i.HAL_PWR_EnterSTANDBYMode), (32 bytes).
    Removing stm32f4xx_hal_pwr.o(i.HAL_PWR_EnterSTOPMode), (52 bytes).
    Removing stm32f4xx_hal_pwr.o(i.HAL_PWR_PVDCallback), (2 bytes).
    Removing stm32f4xx_hal_pwr.o(i.HAL_PWR_PVDConfig), (108 bytes).
    Removing stm32f4xx_hal_pwr.o(i.HAL_PWR_PVD_IRQHandler), (28 bytes).
    Removing stm32f4xx_hal_pwr_ex.o(.rev16_text), (4 bytes).
    Removing stm32f4xx_hal_pwr_ex.o(.revsh_text), (4 bytes).
    Removing stm32f4xx_hal_pwr_ex.o(i.HAL_PWREx_DisableBkUpReg), (60 bytes).
    Removing stm32f4xx_hal_pwr_ex.o(i.HAL_PWREx_DisableFlashPowerDown), (12 bytes).
    Removing stm32f4xx_hal_pwr_ex.o(i.HAL_PWREx_DisableLowRegulatorLowVoltage), (12 bytes).
    Removing stm32f4xx_hal_pwr_ex.o(i.HAL_PWREx_DisableMainRegulatorLowVoltage), (12 bytes).
    Removing stm32f4xx_hal_pwr_ex.o(i.HAL_PWREx_EnableBkUpReg), (60 bytes).
    Removing stm32f4xx_hal_pwr_ex.o(i.HAL_PWREx_EnableFlashPowerDown), (12 bytes).
    Removing stm32f4xx_hal_pwr_ex.o(i.HAL_PWREx_EnableLowRegulatorLowVoltage), (12 bytes).
    Removing stm32f4xx_hal_pwr_ex.o(i.HAL_PWREx_EnableMainRegulatorLowVoltage), (12 bytes).
    Removing stm32f4xx_hal_rcc.o(.rev16_text), (4 bytes).
    Removing stm32f4xx_hal_rcc.o(.revsh_text), (4 bytes).
    Removing stm32f4xx_hal_rcc.o(i.HAL_RCC_CCSCallback), (2 bytes).
    Removing stm32f4xx_hal_rcc.o(i.HAL_RCC_DeInit), (88 bytes).
    Removing stm32f4xx_hal_rcc.o(i.HAL_RCC_DisableCSS), (12 bytes).
    Removing stm32f4xx_hal_rcc.o(i.HAL_RCC_EnableCSS), (12 bytes).
    Removing stm32f4xx_hal_rcc.o(i.HAL_RCC_GetClockConfig), (64 bytes).
    Removing stm32f4xx_hal_rcc.o(i.HAL_RCC_GetOscConfig), (224 bytes).
    Removing stm32f4xx_hal_rcc.o(i.HAL_RCC_GetPCLK1Freq), (44 bytes).
    Removing stm32f4xx_hal_rcc.o(i.HAL_RCC_GetPCLK2Freq), (44 bytes).
    Removing stm32f4xx_hal_rcc.o(i.HAL_RCC_MCOConfig), (116 bytes).
    Removing stm32f4xx_hal_rcc.o(i.HAL_RCC_NMI_IRQHandler), (28 bytes).
    Removing stm32f4xx_hal_rcc_ex.o(.rev16_text), (4 bytes).
    Removing stm32f4xx_hal_rcc_ex.o(.revsh_text), (4 bytes).
    Removing stm32f4xx_hal_rcc_ex.o(i.HAL_RCCEx_GetPeriphCLKConfig), (80 bytes).
    Removing stm32f4xx_hal_rcc_ex.o(i.HAL_RCCEx_PeriphCLKConfig), (328 bytes).
    Removing stm32f4xx_hal_spi.o(.rev16_text), (4 bytes).
    Removing stm32f4xx_hal_spi.o(.revsh_text), (4 bytes).
    Removing stm32f4xx_hal_spi.o(i.HAL_SPI_DMAPause), (48 bytes).
    Removing stm32f4xx_hal_spi.o(i.HAL_SPI_DMAResume), (48 bytes).
    Removing stm32f4xx_hal_spi.o(i.HAL_SPI_DMAStop), (50 bytes).
    Removing stm32f4xx_hal_spi.o(i.HAL_SPI_ErrorCallback), (2 bytes).
    Removing stm32f4xx_hal_spi.o(i.HAL_SPI_GetError), (6 bytes).
    Removing stm32f4xx_hal_spi.o(i.HAL_SPI_IRQHandler), (198 bytes).
    Removing stm32f4xx_hal_spi.o(i.HAL_SPI_Receive), (470 bytes).
    Removing stm32f4xx_hal_spi.o(i.HAL_SPI_Receive_DMA), (224 bytes).
    Removing stm32f4xx_hal_spi.o(i.HAL_SPI_Receive_IT), (180 bytes).
    Removing stm32f4xx_hal_spi.o(i.HAL_SPI_RxCpltCallback), (2 bytes).
    Removing stm32f4xx_hal_spi.o(i.HAL_SPI_RxHalfCpltCallback), (2 bytes).
    Removing stm32f4xx_hal_spi.o(i.HAL_SPI_TransmitReceive_DMA), (260 bytes).
    Removing stm32f4xx_hal_spi.o(i.HAL_SPI_TransmitReceive_IT), (172 bytes).
    Removing stm32f4xx_hal_spi.o(i.HAL_SPI_Transmit_DMA), (192 bytes).
    Removing stm32f4xx_hal_spi.o(i.HAL_SPI_Transmit_IT), (164 bytes).
    Removing stm32f4xx_hal_spi.o(i.HAL_SPI_TxCpltCallback), (2 bytes).
    Removing stm32f4xx_hal_spi.o(i.HAL_SPI_TxHalfCpltCallback), (2 bytes).
    Removing stm32f4xx_hal_spi.o(i.HAL_SPI_TxRxCpltCallback), (2 bytes).
    Removing stm32f4xx_hal_spi.o(i.HAL_SPI_TxRxHalfCpltCallback), (2 bytes).
    Removing stm32f4xx_hal_spi.o(i.SPI_2LinesRxISR), (44 bytes).
    Removing stm32f4xx_hal_spi.o(i.SPI_DMAError), (34 bytes).
    Removing stm32f4xx_hal_spi.o(i.SPI_DMAHalfReceiveCplt), (10 bytes).
    Removing stm32f4xx_hal_spi.o(i.SPI_DMAHalfTransmitCplt), (10 bytes).
    Removing stm32f4xx_hal_spi.o(i.SPI_DMAHalfTransmitReceiveCplt), (10 bytes).
    Removing stm32f4xx_hal_spi.o(i.SPI_DMAReceiveCplt), (192 bytes).
    Removing stm32f4xx_hal_spi.o(i.SPI_DMATransmitCplt), (116 bytes).
    Removing stm32f4xx_hal_spi.o(i.SPI_DMATransmitReceiveCplt), (200 bytes).
    Removing stm32f4xx_hal_spi.o(i.SPI_RxCloseIRQHandler), (218 bytes).
    Removing stm32f4xx_hal_spi.o(i.SPI_RxISR), (70 bytes).
    Removing stm32f4xx_hal_spi.o(i.SPI_TxCloseIRQHandler), (138 bytes).
    Removing stm32f4xx_hal_spi.o(i.SPI_TxISR), (66 bytes).
    Removing diskio.o(.rev16_text), (4 bytes).
    Removing diskio.o(.revsh_text), (4 bytes).
    Removing ff.o(.rev16_text), (4 bytes).
    Removing ff.o(.revsh_text), (4 bytes).
    Removing ff.o(i.dir_read), (98 bytes).
    Removing ff.o(i.dir_remove), (52 bytes).
    Removing ff.o(i.f_chmod), (82 bytes).
    Removing ff.o(i.f_closedir), (36 bytes).
    Removing ff.o(i.f_getfree), (200 bytes).
    Removing ff.o(i.f_gets), (72 bytes).
    Removing ff.o(i.f_lseek), (644 bytes).
    Removing ff.o(i.f_mkdir), (356 bytes).
    Removing ff.o(i.f_mkfs), (1322 bytes).
    Removing ff.o(i.f_opendir), (148 bytes).
    Removing ff.o(i.f_printf), (490 bytes).
    Removing ff.o(i.f_putc), (60 bytes).
    Removing ff.o(i.f_puts), (70 bytes).
    Removing ff.o(i.f_readdir), (82 bytes).
    Removing ff.o(i.f_rename), (312 bytes).
    Removing ff.o(i.f_stat), (64 bytes).
    Removing ff.o(i.f_truncate), (216 bytes).
    Removing ff.o(i.f_unlink), (188 bytes).
    Removing ff.o(i.f_utime), (86 bytes).
    Removing ff.o(i.f_write), (472 bytes).
    Removing ff.o(i.get_fileinfo), (80 bytes).
    Removing ff.o(i.putc_bfd), (70 bytes).
    Removing ff_gen_drv.o(.rev16_text), (4 bytes).
    Removing ff_gen_drv.o(.revsh_text), (4 bytes).
    Removing ff_gen_drv.o(i.FATFS_GetAttachedDriversNbr), (12 bytes).
    Removing sd_diskio.o(.rev16_text), (4 bytes).
    Removing sd_diskio.o(.revsh_text), (4 bytes).
    Removing dadd.o(.text), (334 bytes).
    Removing dmul.o(.text), (228 bytes).
    Removing ddiv.o(.text), (222 bytes).
    Removing dfixul.o(.text), (48 bytes).
    Removing cdrcmple.o(.text), (48 bytes).
    Removing depilogue.o(.text), (186 bytes).

248 unused section(s) (total 38770 bytes) removed from the image.

==============================================================================

Image Symbol Table

    Local Symbols

    Symbol Name                              Value     Ov Type        Size  Object(Section)

    ../clib/microlib/division.c              0x00000000   Number         0  uldiv.o ABSOLUTE
    ../clib/microlib/division.c              0x00000000   Number         0  uidiv.o ABSOLUTE
    ../clib/microlib/init/entry.s            0x00000000   Number         0  entry7a.o ABSOLUTE
    ../clib/microlib/init/entry.s            0x00000000   Number         0  entry9a.o ABSOLUTE
    ../clib/microlib/init/entry.s            0x00000000   Number         0  entry2.o ABSOLUTE
    ../clib/microlib/init/entry.s            0x00000000   Number         0  entry5.o ABSOLUTE
    ../clib/microlib/init/entry.s            0x00000000   Number         0  entry11b.o ABSOLUTE
    ../clib/microlib/init/entry.s            0x00000000   Number         0  entry.o ABSOLUTE
    ../clib/microlib/init/entry.s            0x00000000   Number         0  entry8b.o ABSOLUTE
    ../clib/microlib/init/entry.s            0x00000000   Number         0  entry9b.o ABSOLUTE
    ../clib/microlib/init/entry.s            0x00000000   Number         0  entry10a.o ABSOLUTE
    ../clib/microlib/init/entry.s            0x00000000   Number         0  entry8a.o ABSOLUTE
    ../clib/microlib/init/entry.s            0x00000000   Number         0  entry7b.o ABSOLUTE
    ../clib/microlib/init/entry.s            0x00000000   Number         0  entry10b.o ABSOLUTE
    ../clib/microlib/init/entry.s            0x00000000   Number         0  entry11a.o ABSOLUTE
    ../clib/microlib/longlong.c              0x00000000   Number         0  llsshr.o ABSOLUTE
    ../clib/microlib/longlong.c              0x00000000   Number         0  llushr.o ABSOLUTE
    ../clib/microlib/longlong.c              0x00000000   Number         0  llshl.o ABSOLUTE
    ../clib/microlib/printf/printf.c         0x00000000   Number         0  printf8.o ABSOLUTE
    ../clib/microlib/printf/printf.c         0x00000000   Number         0  printf7.o ABSOLUTE
    ../clib/microlib/printf/printf.c         0x00000000   Number         0  printf6.o ABSOLUTE
    ../clib/microlib/printf/printf.c         0x00000000   Number         0  printfa.o ABSOLUTE
    ../clib/microlib/printf/printf.c         0x00000000   Number         0  printf5.o ABSOLUTE
    ../clib/microlib/printf/printf.c         0x00000000   Number         0  printf3.o ABSOLUTE
    ../clib/microlib/printf/printf.c         0x00000000   Number         0  printf4.o ABSOLUTE
    ../clib/microlib/printf/printf.c         0x00000000   Number         0  printf1.o ABSOLUTE
    ../clib/microlib/printf/printf.c         0x00000000   Number         0  printf0.o ABSOLUTE
    ../clib/microlib/printf/printf.c         0x00000000   Number         0  printfb.o ABSOLUTE
    ../clib/microlib/printf/printf.c         0x00000000   Number         0  printf2.o ABSOLUTE
    ../clib/microlib/printf/stubs.s          0x00000000   Number         0  stubs.o ABSOLUTE
    ../clib/microlib/stdio/fputc.c           0x00000000   Number         0  fputc.o ABSOLUTE
    ../clib/microlib/stdio/semi.s            0x00000000   Number         0  semi.o ABSOLUTE
    ../clib/microlib/stdio/streams.c         0x00000000   Number         0  stdout.o ABSOLUTE
    ../clib/microlib/stubs.s                 0x00000000   Number         0  iusesemip.o ABSOLUTE
    ../clib/microlib/stubs.s                 0x00000000   Number         0  iusefp.o ABSOLUTE
    ../fplib/microlib/fpadd.c                0x00000000   Number         0  dadd.o ABSOLUTE
    ../fplib/microlib/fpdiv.c                0x00000000   Number         0  ddiv.o ABSOLUTE
    ../fplib/microlib/fpepilogue.c           0x00000000   Number         0  depilogue.o ABSOLUTE
    ../fplib/microlib/fpfix.c                0x00000000   Number         0  dfixul.o ABSOLUTE
    ../fplib/microlib/fpmul.c                0x00000000   Number         0  dmul.o ABSOLUTE
    ..\..\Drivers\BSP\STM32F4xx-Nucleo\stm32f4xx_nucleo.c 0x00000000   Number         0  stm32f4xx_nucleo.o ABSOLUTE
    ..\..\Drivers\Ext_Board\src\sd_diskio.c  0x00000000   Number         0  sd_diskio.o ABSOLUTE
    ..\..\Drivers\Ext_Board\src\stm32f4xx_nucleo_Ext25Q16.c 0x00000000   Number         0  stm32f4xx_nucleo_ext25q16.o ABSOLUTE
    ..\..\Drivers\Ext_Board\src\stm32f4xx_nucleo_ExtLCD.c 0x00000000   Number         0  stm32f4xx_nucleo_extlcd.o ABSOLUTE
    ..\..\Drivers\Ext_Board\src\stm32f4xx_nucleo_ExtSD.c 0x00000000   Number         0  stm32f4xx_nucleo_extsd.o ABSOLUTE
    ..\..\Drivers\STM32F4xx_HAL_Driver\Src\stm32f4xx_hal.c 0x00000000   Number         0  stm32f4xx_hal.o ABSOLUTE
    ..\..\Drivers\STM32F4xx_HAL_Driver\Src\stm32f4xx_hal_cortex.c 0x00000000   Number         0  stm32f4xx_hal_cortex.o ABSOLUTE
    ..\..\Drivers\STM32F4xx_HAL_Driver\Src\stm32f4xx_hal_dma.c 0x00000000   Number         0  stm32f4xx_hal_dma.o ABSOLUTE
    ..\..\Drivers\STM32F4xx_HAL_Driver\Src\stm32f4xx_hal_dma_ex.c 0x00000000   Number         0  stm32f4xx_hal_dma_ex.o ABSOLUTE
    ..\..\Drivers\STM32F4xx_HAL_Driver\Src\stm32f4xx_hal_flash.c 0x00000000   Number         0  stm32f4xx_hal_flash.o ABSOLUTE
    ..\..\Drivers\STM32F4xx_HAL_Driver\Src\stm32f4xx_hal_flash_ex.c 0x00000000   Number         0  stm32f4xx_hal_flash_ex.o ABSOLUTE
    ..\..\Drivers\STM32F4xx_HAL_Driver\Src\stm32f4xx_hal_gpio.c 0x00000000   Number         0  stm32f4xx_hal_gpio.o ABSOLUTE
    ..\..\Drivers\STM32F4xx_HAL_Driver\Src\stm32f4xx_hal_pwr.c 0x00000000   Number         0  stm32f4xx_hal_pwr.o ABSOLUTE
    ..\..\Drivers\STM32F4xx_HAL_Driver\Src\stm32f4xx_hal_pwr_ex.c 0x00000000   Number         0  stm32f4xx_hal_pwr_ex.o ABSOLUTE
    ..\..\Drivers\STM32F4xx_HAL_Driver\Src\stm32f4xx_hal_rcc.c 0x00000000   Number         0  stm32f4xx_hal_rcc.o ABSOLUTE
    ..\..\Drivers\STM32F4xx_HAL_Driver\Src\stm32f4xx_hal_rcc_ex.c 0x00000000   Number         0  stm32f4xx_hal_rcc_ex.o ABSOLUTE
    ..\..\Drivers\STM32F4xx_HAL_Driver\Src\stm32f4xx_hal_spi.c 0x00000000   Number         0  stm32f4xx_hal_spi.o ABSOLUTE
    ..\..\Middlewares\Third_Party\FatFs\src\diskio.c 0x00000000   Number         0  diskio.o ABSOLUTE
    ..\..\Middlewares\Third_Party\FatFs\src\ff.c 0x00000000   Number         0  ff.o ABSOLUTE
    ..\..\Middlewares\Third_Party\FatFs\src\ff_gen_drv.c 0x00000000   Number         0  ff_gen_drv.o ABSOLUTE
    ..\\..\\Drivers\\BSP\\STM32F4xx-Nucleo\\stm32f4xx_nucleo.c 0x00000000   Number         0  stm32f4xx_nucleo.o ABSOLUTE
    ..\\..\\Drivers\\Ext_Board\\src\\sd_diskio.c 0x00000000   Number         0  sd_diskio.o ABSOLUTE
    ..\\..\\Drivers\\Ext_Board\\src\\stm32f4xx_nucleo_Ext25Q16.c 0x00000000   Number         0  stm32f4xx_nucleo_ext25q16.o ABSOLUTE
    ..\\..\\Drivers\\Ext_Board\\src\\stm32f4xx_nucleo_ExtLCD.c 0x00000000   Number         0  stm32f4xx_nucleo_extlcd.o ABSOLUTE
    ..\\..\\Drivers\\STM32F4xx_HAL_Driver\\Src\\stm32f4xx_hal.c 0x00000000   Number         0  stm32f4xx_hal.o ABSOLUTE
    ..\\..\\Drivers\\STM32F4xx_HAL_Driver\\Src\\stm32f4xx_hal_cortex.c 0x00000000   Number         0  stm32f4xx_hal_cortex.o ABSOLUTE
    ..\\..\\Drivers\\STM32F4xx_HAL_Driver\\Src\\stm32f4xx_hal_dma.c 0x00000000   Number         0  stm32f4xx_hal_dma.o ABSOLUTE
    ..\\..\\Drivers\\STM32F4xx_HAL_Driver\\Src\\stm32f4xx_hal_dma_ex.c 0x00000000   Number         0  stm32f4xx_hal_dma_ex.o ABSOLUTE
    ..\\..\\Drivers\\STM32F4xx_HAL_Driver\\Src\\stm32f4xx_hal_flash.c 0x00000000   Number         0  stm32f4xx_hal_flash.o ABSOLUTE
    ..\\..\\Drivers\\STM32F4xx_HAL_Driver\\Src\\stm32f4xx_hal_flash_ex.c 0x00000000   Number         0  stm32f4xx_hal_flash_ex.o ABSOLUTE
    ..\\..\\Drivers\\STM32F4xx_HAL_Driver\\Src\\stm32f4xx_hal_gpio.c 0x00000000   Number         0  stm32f4xx_hal_gpio.o ABSOLUTE
    ..\\..\\Drivers\\STM32F4xx_HAL_Driver\\Src\\stm32f4xx_hal_pwr.c 0x00000000   Number         0  stm32f4xx_hal_pwr.o ABSOLUTE
    ..\\..\\Drivers\\STM32F4xx_HAL_Driver\\Src\\stm32f4xx_hal_pwr_ex.c 0x00000000   Number         0  stm32f4xx_hal_pwr_ex.o ABSOLUTE
    ..\\..\\Drivers\\STM32F4xx_HAL_Driver\\Src\\stm32f4xx_hal_rcc.c 0x00000000   Number         0  stm32f4xx_hal_rcc.o ABSOLUTE
    ..\\..\\Drivers\\STM32F4xx_HAL_Driver\\Src\\stm32f4xx_hal_rcc_ex.c 0x00000000   Number         0  stm32f4xx_hal_rcc_ex.o ABSOLUTE
    ..\\..\\Drivers\\STM32F4xx_HAL_Driver\\Src\\stm32f4xx_hal_spi.c 0x00000000   Number         0  stm32f4xx_hal_spi.o ABSOLUTE
    ..\\..\\Middlewares\\Third_Party\\FatFs\\src\\diskio.c 0x00000000   Number         0  diskio.o ABSOLUTE
    ..\\..\\Middlewares\\Third_Party\\FatFs\\src\\ff.c 0x00000000   Number         0  ff.o ABSOLUTE
    ..\\..\\Middlewares\\Third_Party\\FatFs\\src\\ff_gen_drv.c 0x00000000   Number         0  ff_gen_drv.o ABSOLUTE
    ..\\main\\main.c                         0x00000000   Number         0  main.o ABSOLUTE
    ..\\main\\stm32f4xx_it.c                 0x00000000   Number         0  stm32f4xx_it.o ABSOLUTE
    ..\\main\\system_stm32f4xx.c             0x00000000   Number         0  system_stm32f4xx.o ABSOLUTE
    ..\main\main.c                           0x00000000   Number         0  main.o ABSOLUTE
    ..\main\stm32f4xx_it.c                   0x00000000   Number         0  stm32f4xx_it.o ABSOLUTE
    ..\main\system_stm32f4xx.c               0x00000000   Number         0  system_stm32f4xx.o ABSOLUTE
    cdrcmple.s                               0x00000000   Number         0  cdrcmple.o ABSOLUTE
    dc.s                                     0x00000000   Number         0  dc.o ABSOLUTE
    handlers.s                               0x00000000   Number         0  handlers.o ABSOLUTE
    init.s                                   0x00000000   Number         0  init.o ABSOLUTE
    startup_stm32f401xe.s                    0x00000000   Number         0  startup_stm32f401xe.o ABSOLUTE
    RESET                                    0x08000000   Section      404  startup_stm32f401xe.o(RESET)
    .ARM.Collect$$$$00000000                 0x08000194   Section        0  entry.o(.ARM.Collect$$$$00000000)
    .ARM.Collect$$$$00000001                 0x08000194   Section        4  entry2.o(.ARM.Collect$$$$00000001)
    .ARM.Collect$$$$00000004                 0x08000198   Section        4  entry5.o(.ARM.Collect$$$$00000004)
    .ARM.Collect$$$$00000008                 0x0800019c   Section        0  entry7b.o(.ARM.Collect$$$$00000008)
    .ARM.Collect$$$$0000000A                 0x0800019c   Section        0  entry8b.o(.ARM.Collect$$$$0000000A)
    .ARM.Collect$$$$0000000B                 0x0800019c   Section        8  entry9a.o(.ARM.Collect$$$$0000000B)
    .ARM.Collect$$$$0000000D                 0x080001a4   Section        0  entry10a.o(.ARM.Collect$$$$0000000D)
    .ARM.Collect$$$$0000000F                 0x080001a4   Section        0  entry11a.o(.ARM.Collect$$$$0000000F)
    .ARM.Collect$$$$00002712                 0x080001a4   Section        4  entry2.o(.ARM.Collect$$$$00002712)
    __lit__00000000                          0x080001a4   Data           4  entry2.o(.ARM.Collect$$$$00002712)
    .text                                    0x080001a8   Section       36  startup_stm32f401xe.o(.text)
    $v0                                      0x080001a8   Number         0  startup_stm32f401xe.o(.text)
    .text                                    0x080001cc   Section        0  uldiv.o(.text)
    .text                                    0x08000230   Section       36  init.o(.text)
    .text                                    0x08000254   Section        0  llshl.o(.text)
    .text                                    0x08000272   Section        0  llushr.o(.text)
    i.BSP_LED_Init                           0x08000294   Section        0  stm32f4xx_nucleo.o(i.BSP_LED_Init)
    i.BSP_LED_Toggle                         0x080002e8   Section        0  stm32f4xx_nucleo.o(i.BSP_LED_Toggle)
    i.BSP_PB_GetState                        0x08000300   Section        0  stm32f4xx_nucleo.o(i.BSP_PB_GetState)
    i.BSP_PB_Init                            0x08000318   Section        0  stm32f4xx_nucleo.o(i.BSP_PB_Init)
    i.BSP_SD_GetCardInfo                     0x080003ac   Section        0  stm32f4xx_nucleo_extsd.o(i.BSP_SD_GetCardInfo)
    i.BSP_SD_GetStatus                       0x080003ea   Section        0  stm32f4xx_nucleo_extsd.o(i.BSP_SD_GetStatus)
    i.BSP_SD_Init                            0x08000414   Section        0  stm32f4xx_nucleo_extsd.o(i.BSP_SD_Init)
    i.BSP_SD_ReadBlocks                      0x08000448   Section        0  stm32f4xx_nucleo_extsd.o(i.BSP_SD_ReadBlocks)
    i.BSP_SD_WriteBlocks                     0x080004bc   Section        0  stm32f4xx_nucleo_extsd.o(i.BSP_SD_WriteBlocks)
    i.BusFault_Handler                       0x08000550   Section        0  stm32f4xx_it.o(i.BusFault_Handler)
    i.DebugMon_Handler                       0x08000552   Section        0  stm32f4xx_it.o(i.DebugMon_Handler)
    i.DrawCharacter                          0x08000554   Section        0  stm32f4xx_nucleo_extlcd.o(i.DrawCharacter)
    i.DrawCharacter_On                       0x080005b0   Section        0  stm32f4xx_nucleo_extlcd.o(i.DrawCharacter_On)
    i.DrawPiont                              0x08000604   Section        0  stm32f4xx_nucleo_extlcd.o(i.DrawPiont)
    i.Error_Handler                          0x08000658   Section        0  main.o(i.Error_Handler)
    Error_Handler                            0x08000659   Thumb Code    14  main.o(i.Error_Handler)
    i.FATFS_LinkDriver                       0x08000668   Section        0  ff_gen_drv.o(i.FATFS_LinkDriver)
    i.FATFS_UnLinkDriver                     0x080006a0   Section        0  ff_gen_drv.o(i.FATFS_UnLinkDriver)
    i.GetHzCode                              0x080006d0   Section        0  stm32f4xx_nucleo_extlcd.o(i.GetHzCode)
    i.HAL_Delay                              0x080006f8   Section        0  stm32f4xx_hal.o(i.HAL_Delay)
    i.HAL_GPIO_Init                          0x08000710   Section        0  stm32f4xx_hal_gpio.o(i.HAL_GPIO_Init)
    i.HAL_GPIO_ReadPin                       0x080008d4   Section        0  stm32f4xx_hal_gpio.o(i.HAL_GPIO_ReadPin)
    i.HAL_GPIO_TogglePin                     0x080008de   Section        0  stm32f4xx_hal_gpio.o(i.HAL_GPIO_TogglePin)
    i.HAL_GPIO_WritePin                      0x080008e6   Section        0  stm32f4xx_hal_gpio.o(i.HAL_GPIO_WritePin)
    i.HAL_GetTick                            0x080008f0   Section        0  stm32f4xx_hal.o(i.HAL_GetTick)
    i.HAL_IncTick                            0x080008fc   Section        0  stm32f4xx_hal.o(i.HAL_IncTick)
    i.HAL_Init                               0x0800090c   Section        0  stm32f4xx_hal.o(i.HAL_Init)
    i.HAL_InitTick                           0x08000940   Section        0  stm32f4xx_hal.o(i.HAL_InitTick)
    i.HAL_MspInit                            0x08000962   Section        0  stm32f4xx_hal.o(i.HAL_MspInit)
    i.HAL_NVIC_EnableIRQ                     0x08000964   Section        0  stm32f4xx_hal_cortex.o(i.HAL_NVIC_EnableIRQ)
    i.HAL_NVIC_SetPriority                   0x0800097c   Section        0  stm32f4xx_hal_cortex.o(i.HAL_NVIC_SetPriority)
    i.HAL_NVIC_SetPriorityGrouping           0x080009bc   Section        0  stm32f4xx_hal_cortex.o(i.HAL_NVIC_SetPriorityGrouping)
    i.HAL_RCC_ClockConfig                    0x080009e0   Section        0  stm32f4xx_hal_rcc.o(i.HAL_RCC_ClockConfig)
    i.HAL_RCC_GetHCLKFreq                    0x08000b98   Section        0  stm32f4xx_hal_rcc.o(i.HAL_RCC_GetHCLKFreq)
    i.HAL_RCC_GetSysClockFreq                0x08000bcc   Section        0  stm32f4xx_hal_rcc.o(i.HAL_RCC_GetSysClockFreq)
    i.HAL_RCC_OscConfig                      0x08000c4c   Section        0  stm32f4xx_hal_rcc.o(i.HAL_RCC_OscConfig)
    i.HAL_SPI_DeInit                         0x08000f84   Section        0  stm32f4xx_hal_spi.o(i.HAL_SPI_DeInit)
    i.HAL_SPI_GetState                       0x08000fae   Section        0  stm32f4xx_hal_spi.o(i.HAL_SPI_GetState)
    i.HAL_SPI_Init                           0x08000fb4   Section        0  stm32f4xx_hal_spi.o(i.HAL_SPI_Init)
    i.HAL_SPI_MspDeInit                      0x08001036   Section        0  stm32f4xx_hal_spi.o(i.HAL_SPI_MspDeInit)
    i.HAL_SPI_MspInit                        0x08001038   Section        0  stm32f4xx_hal_spi.o(i.HAL_SPI_MspInit)
    i.HAL_SPI_Transmit                       0x0800103a   Section        0  stm32f4xx_hal_spi.o(i.HAL_SPI_Transmit)
    i.HAL_SPI_TransmitReceive                0x08001180   Section        0  stm32f4xx_hal_spi.o(i.HAL_SPI_TransmitReceive)
    i.HAL_SYSTICK_Config                     0x08001430   Section        0  stm32f4xx_hal_cortex.o(i.HAL_SYSTICK_Config)
    i.HardFault_Handler                      0x08001458   Section        0  stm32f4xx_it.o(i.HardFault_Handler)
    i.LCD_Clear                              0x0800145c   Section        0  stm32f4xx_nucleo_extlcd.o(i.LCD_Clear)
    i.LCD_CtrlLinesConfig                    0x0800148c   Section        0  stm32f4xx_nucleo_extlcd.o(i.LCD_CtrlLinesConfig)
    i.LCD_DisplayChar                        0x080014fc   Section        0  stm32f4xx_nucleo_extlcd.o(i.LCD_DisplayChar)
    i.LCD_DisplayStringLine                  0x08001520   Section        0  stm32f4xx_nucleo_extlcd.o(i.LCD_DisplayStringLine)
    i.LCD_DrawChar                           0x08001558   Section        0  stm32f4xx_nucleo_extlcd.o(i.LCD_DrawChar)
    i.LCD_GetFont                            0x080015dc   Section        0  stm32f4xx_nucleo_extlcd.o(i.LCD_GetFont)
    i.LCD_Init                               0x080015e8   Section        0  stm32f4xx_nucleo_extlcd.o(i.LCD_Init)
    i.LCD_STRING                             0x0800176c   Section        0  stm32f4xx_nucleo_extlcd.o(i.LCD_STRING)
    i.LCD_STRING_ON                          0x080017f0   Section        0  stm32f4xx_nucleo_extlcd.o(i.LCD_STRING_ON)
    i.LCD_SetDisplayDirect                   0x08001868   Section        0  stm32f4xx_nucleo_extlcd.o(i.LCD_SetDisplayDirect)
    i.LCD_SetRamAddr                         0x08001940   Section        0  stm32f4xx_nucleo_extlcd.o(i.LCD_SetRamAddr)
    i.LCD_Write_Char                         0x08001990   Section        0  stm32f4xx_nucleo_extlcd.o(i.LCD_Write_Char)
    i.LCD_Write_Char_On                      0x08001a04   Section        0  stm32f4xx_nucleo_extlcd.o(i.LCD_Write_Char_On)
    i.MemManage_Handler                      0x08001a68   Section        0  stm32f4xx_it.o(i.MemManage_Handler)
    i.NMI_Handler                            0x08001a6a   Section        0  stm32f4xx_it.o(i.NMI_Handler)
    i.NVIC_SetPriority                       0x08001a6c   Section        0  stm32f4xx_hal_cortex.o(i.NVIC_SetPriority)
    NVIC_SetPriority                         0x08001a6d   Thumb Code    32  stm32f4xx_hal_cortex.o(i.NVIC_SetPriority)
    i.PendSV_Handler                         0x08001a8c   Section        0  stm32f4xx_it.o(i.PendSV_Handler)
    i.SDCard_Config                          0x08001a90   Section        0  main.o(i.SDCard_Config)
    SDCard_Config                            0x08001a91   Thumb Code    70  main.o(i.SDCard_Config)
    i.SD_GetCIDRegister                      0x08001b18   Section        0  stm32f4xx_nucleo_extsd.o(i.SD_GetCIDRegister)
    SD_GetCIDRegister                        0x08001b19   Thumb Code   236  stm32f4xx_nucleo_extsd.o(i.SD_GetCIDRegister)
    i.SD_GetCSDRegister                      0x08001c04   Section        0  stm32f4xx_nucleo_extsd.o(i.SD_GetCSDRegister)
    SD_GetCSDRegister                        0x08001c05   Thumb Code   398  stm32f4xx_nucleo_extsd.o(i.SD_GetCSDRegister)
    i.SD_IO_Init                             0x08001d94   Section        0  stm32f4xx_nucleo.o(i.SD_IO_Init)
    i.SD_IO_ReadByte                         0x08001de4   Section        0  stm32f4xx_nucleo.o(i.SD_IO_ReadByte)
    i.SD_IO_WaitResponse                     0x08001dee   Section        0  stm32f4xx_nucleo.o(i.SD_IO_WaitResponse)
    i.SD_IO_WriteByte                        0x08001e12   Section        0  stm32f4xx_nucleo.o(i.SD_IO_WriteByte)
    i.SD_IO_WriteCmd                         0x08001e18   Section        0  stm32f4xx_nucleo.o(i.SD_IO_WriteCmd)
    i.SD_IO_WriteDummy                       0x08001e6c   Section        0  stm32f4xx_nucleo.o(i.SD_IO_WriteDummy)
    i.SD_SendCmd                             0x08001e88   Section        0  stm32f4xx_nucleo_extsd.o(i.SD_SendCmd)
    SD_SendCmd                               0x08001e89   Thumb Code    16  stm32f4xx_nucleo_extsd.o(i.SD_SendCmd)
    i.SD_initialize                          0x08001e98   Section        0  sd_diskio.o(i.SD_initialize)
    i.SD_ioctl                               0x08001eb8   Section        0  sd_diskio.o(i.SD_ioctl)
    i.SD_read                                0x08001f04   Section        0  sd_diskio.o(i.SD_read)
    i.SD_status                              0x08001f1c   Section        0  sd_diskio.o(i.SD_status)
    i.SD_write                               0x08001f3c   Section        0  sd_diskio.o(i.SD_write)
    i.SPI_FLASH_Write_Enable                 0x08001f54   Section        0  stm32f4xx_nucleo_ext25q16.o(i.SPI_FLASH_Write_Enable)
    i.SPI_Flash_Erase_Sector                 0x08001f7c   Section        0  stm32f4xx_nucleo_ext25q16.o(i.SPI_Flash_Erase_Sector)
    i.SPI_Flash_Read                         0x08001fc8   Section        0  stm32f4xx_nucleo_ext25q16.o(i.SPI_Flash_Read)
    i.SPI_Flash_ReadID                       0x0800201c   Section        0  stm32f4xx_nucleo_ext25q16.o(i.SPI_Flash_ReadID)
    i.SPI_Flash_ReadSR                       0x08002068   Section        0  stm32f4xx_nucleo_ext25q16.o(i.SPI_Flash_ReadSR)
    i.SPI_Flash_Wait_Busy                    0x08002094   Section        0  stm32f4xx_nucleo_ext25q16.o(i.SPI_Flash_Wait_Busy)
    i.SPI_Flash_Write                        0x080020a4   Section        0  stm32f4xx_nucleo_ext25q16.o(i.SPI_Flash_Write)
    i.SPI_Flash_Write_NoCheck                0x08002140   Section        0  stm32f4xx_nucleo_ext25q16.o(i.SPI_Flash_Write_NoCheck)
    i.SPI_Flash_Write_Page                   0x08002180   Section        0  stm32f4xx_nucleo_ext25q16.o(i.SPI_Flash_Write_Page)
    i.SPI_WaitOnFlagUntilTimeout             0x080021dc   Section        0  stm32f4xx_hal_spi.o(i.SPI_WaitOnFlagUntilTimeout)
    SPI_WaitOnFlagUntilTimeout               0x080021dd   Thumb Code   158  stm32f4xx_hal_spi.o(i.SPI_WaitOnFlagUntilTimeout)
    i.SPIx_Error                             0x0800227c   Section        0  stm32f4xx_nucleo.o(i.SPIx_Error)
    SPIx_Error                               0x0800227d   Thumb Code    16  stm32f4xx_nucleo.o(i.SPIx_Error)
    i.SPIx_Init                              0x08002290   Section        0  stm32f4xx_nucleo.o(i.SPIx_Init)
    SPIx_Init                                0x08002291   Thumb Code    74  stm32f4xx_nucleo.o(i.SPIx_Init)
    i.SPIx_MspInit                           0x080022e4   Section        0  stm32f4xx_nucleo.o(i.SPIx_MspInit)
    SPIx_MspInit                             0x080022e5   Thumb Code    98  stm32f4xx_nucleo.o(i.SPIx_MspInit)
    i.SPIx_Read                              0x08002350   Section        0  stm32f4xx_nucleo.o(i.SPIx_Read)
    SPIx_Read                                0x08002351   Thumb Code    38  stm32f4xx_nucleo.o(i.SPIx_Read)
    i.SPIx_Write                             0x08002380   Section        0  stm32f4xx_nucleo.o(i.SPIx_Write)
    SPIx_Write                               0x08002381   Thumb Code    26  stm32f4xx_nucleo.o(i.SPIx_Write)
    i.SVC_Handler                            0x080023a4   Section        0  stm32f4xx_it.o(i.SVC_Handler)
    i.SysTick_Handler                        0x080023a6   Section        0  stm32f4xx_it.o(i.SysTick_Handler)
    i.SystemClock_Config                     0x080023ac   Section        0  main.o(i.SystemClock_Config)
    SystemClock_Config                       0x080023ad   Thumb Code   106  main.o(i.SystemClock_Config)
    i.SystemInit                             0x08002420   Section        0  system_stm32f4xx.o(i.SystemInit)
    i.UsageFault_Handler                     0x08002474   Section        0  stm32f4xx_it.o(i.UsageFault_Handler)
    i.W25Q16_IO_Init                         0x08002478   Section        0  stm32f4xx_nucleo.o(i.W25Q16_IO_Init)
    i.W25Q16_IO_ReadByte                     0x080024b4   Section        0  stm32f4xx_nucleo.o(i.W25Q16_IO_ReadByte)
    i.W25Q16_IO_WriteByte                    0x080024be   Section        0  stm32f4xx_nucleo.o(i.W25Q16_IO_WriteByte)
    i.W25Q16_Init                            0x080024c2   Section        0  stm32f4xx_nucleo_ext25q16.o(i.W25Q16_Init)
    i.W25Q16_SPI_Init                        0x080024d8   Section        0  stm32f4xx_nucleo.o(i.W25Q16_SPI_Init)
    i.WriteCOM                               0x080024dc   Section        0  stm32f4xx_nucleo_extlcd.o(i.WriteCOM)
    i.WriteColor                             0x0800253c   Section        0  stm32f4xx_nucleo_extlcd.o(i.WriteColor)
    i.WriteDAT                               0x080025a0   Section        0  stm32f4xx_nucleo_extlcd.o(i.WriteDAT)
    i.__0sprintf$4                           0x08002600   Section        0  printf4.o(i.__0sprintf$4)
    i.__scatterload_copy                     0x08002628   Section       14  handlers.o(i.__scatterload_copy)
    i.__scatterload_null                     0x08002636   Section        2  handlers.o(i.__scatterload_null)
    i.__scatterload_zeroinit                 0x08002638   Section       14  handlers.o(i.__scatterload_zeroinit)
    i._printf_core                           0x08002648   Section        0  printf4.o(i._printf_core)
    _printf_core                             0x08002649   Thumb Code   552  printf4.o(i._printf_core)
    i._sputc                                 0x08002874   Section        0  printf4.o(i._sputc)
    _sputc                                   0x08002875   Thumb Code    10  printf4.o(i._sputc)
    i.check_fs                               0x08002880   Section        0  ff.o(i.check_fs)
    check_fs                                 0x08002881   Thumb Code    90  ff.o(i.check_fs)
    i.chk_lock                               0x080028e0   Section        0  ff.o(i.chk_lock)
    chk_lock                                 0x080028e1   Thumb Code   102  ff.o(i.chk_lock)
    i.clear_lock                             0x0800294c   Section        0  ff.o(i.clear_lock)
    clear_lock                               0x0800294d   Thumb Code    32  ff.o(i.clear_lock)
    i.clmt_clust                             0x08002970   Section        0  ff.o(i.clmt_clust)
    clmt_clust                               0x08002971   Thumb Code    42  ff.o(i.clmt_clust)
    i.clust2sect                             0x0800299a   Section        0  ff.o(i.clust2sect)
    i.create_chain                           0x080029b8   Section        0  ff.o(i.create_chain)
    create_chain                             0x080029b9   Thumb Code   172  ff.o(i.create_chain)
    i.create_name                            0x08002a64   Section        0  ff.o(i.create_name)
    create_name                              0x08002a65   Thumb Code   234  ff.o(i.create_name)
    i.dec_lock                               0x08002b64   Section        0  ff.o(i.dec_lock)
    dec_lock                                 0x08002b65   Thumb Code    54  ff.o(i.dec_lock)
    i.delay                                  0x08002ba0   Section        0  stm32f4xx_nucleo_extlcd.o(i.delay)
    delay                                    0x08002ba1   Thumb Code    24  stm32f4xx_nucleo_extlcd.o(i.delay)
    i.dir_next                               0x08002bb8   Section        0  ff.o(i.dir_next)
    dir_next                                 0x08002bb9   Thumb Code   288  ff.o(i.dir_next)
    i.dir_register                           0x08002cd8   Section        0  ff.o(i.dir_register)
    dir_register                             0x08002cd9   Thumb Code   118  ff.o(i.dir_register)
    i.dir_sdi                                0x08002d4e   Section        0  ff.o(i.dir_sdi)
    dir_sdi                                  0x08002d4f   Thumb Code   158  ff.o(i.dir_sdi)
    i.disk_initialize                        0x08002dec   Section        0  diskio.o(i.disk_initialize)
    i.disk_ioctl                             0x08002e10   Section        0  diskio.o(i.disk_ioctl)
    i.disk_read                              0x08002e2c   Section        0  diskio.o(i.disk_read)
    i.disk_status                            0x08002e4c   Section        0  diskio.o(i.disk_status)
    i.disk_write                             0x08002e50   Section        0  diskio.o(i.disk_write)
    i.f_close                                0x08002e70   Section        0  ff.o(i.f_close)
    i.f_mount                                0x08002e9c   Section        0  ff.o(i.f_mount)
    i.f_open                                 0x08002ef8   Section        0  ff.o(i.f_open)
    i.f_read                                 0x08003098   Section        0  ff.o(i.f_read)
    i.f_sync                                 0x08003226   Section        0  ff.o(i.f_sync)
    i.find_volume                            0x080032e0   Section        0  ff.o(i.find_volume)
    find_volume                              0x080032e1   Thumb Code   588  ff.o(i.find_volume)
    i.follow_path                            0x08003538   Section        0  ff.o(i.follow_path)
    follow_path                              0x08003539   Thumb Code   192  ff.o(i.follow_path)
    i.get_fat                                0x080035f8   Section        0  ff.o(i.get_fat)
    i.get_fattime                            0x080036b2   Section        0  diskio.o(i.get_fattime)
    i.get_ldnumber                           0x080036b6   Section        0  ff.o(i.get_ldnumber)
    get_ldnumber                             0x080036b7   Thumb Code    46  ff.o(i.get_ldnumber)
    i.inc_lock                               0x080036e4   Section        0  ff.o(i.inc_lock)
    inc_lock                                 0x080036e5   Thumb Code   154  ff.o(i.inc_lock)
    i.ld_clust                               0x08003784   Section        0  ff.o(i.ld_clust)
    ld_clust                                 0x08003785   Thumb Code    20  ff.o(i.ld_clust)
    i.main                                   0x08003798   Section        0  main.o(i.main)
    i.mem_cpy                                0x08003b40   Section        0  ff.o(i.mem_cpy)
    mem_cpy                                  0x08003b41   Thumb Code    18  ff.o(i.mem_cpy)
    i.mem_set                                0x08003b52   Section        0  ff.o(i.mem_set)
    mem_set                                  0x08003b53   Thumb Code    14  ff.o(i.mem_set)
    i.move_window                            0x08003b60   Section        0  ff.o(i.move_window)
    move_window                              0x08003b61   Thumb Code    50  ff.o(i.move_window)
    i.put_fat                                0x08003b94   Section        0  ff.o(i.put_fat)
    i.remove_chain                           0x08003c92   Section        0  ff.o(i.remove_chain)
    remove_chain                             0x08003c93   Thumb Code   110  ff.o(i.remove_chain)
    i.st_clust                               0x08003d00   Section        0  ff.o(i.st_clust)
    st_clust                                 0x08003d01   Thumb Code    16  ff.o(i.st_clust)
    i.sync_fs                                0x08003d10   Section        0  ff.o(i.sync_fs)
    sync_fs                                  0x08003d11   Thumb Code   182  ff.o(i.sync_fs)
    i.sync_window                            0x08003dc6   Section        0  ff.o(i.sync_window)
    sync_window                              0x08003dc7   Thumb Code    90  ff.o(i.sync_window)
    i.validate                               0x08003e20   Section        0  ff.o(i.validate)
    validate                                 0x08003e21   Thumb Code    48  ff.o(i.validate)
    .constdata                               0x08003e50   Section       26  stm32f4xx_nucleo.o(.constdata)
    .constdata                               0x08003e6a   Section     3040  stm32f4xx_nucleo_extlcd.o(.constdata)
    .constdata                               0x08004a4a   Section       16  stm32f4xx_hal_rcc.o(.constdata)
    .constdata                               0x08004a5a   Section      172  ff.o(.constdata)
    ExCvt                                    0x08004a5a   Data         128  ff.o(.constdata)
    vst                                      0x08004ada   Data          22  ff.o(.constdata)
    cst                                      0x08004af0   Data          22  ff.o(.constdata)
    .conststring                             0x08004b08   Section      136  main.o(.conststring)
    .data                                    0x20000000   Section       20  main.o(.data)
    .data                                    0x20000014   Section       20  system_stm32f4xx.o(.data)
    .data                                    0x20000028   Section       44  stm32f4xx_nucleo.o(.data)
    .data                                    0x20000054   Section        1  stm32f4xx_nucleo_extsd.o(.data)
    .data                                    0x20000058   Section       20  stm32f4xx_nucleo_extlcd.o(.data)
    LCD_CurrentDir                           0x2000005a   Data           1  stm32f4xx_nucleo_extlcd.o(.data)
    TextColor                                0x2000005c   Data           2  stm32f4xx_nucleo_extlcd.o(.data)
    BackColor                                0x2000005e   Data           2  stm32f4xx_nucleo_extlcd.o(.data)
    LCD_Currentfonts                         0x20000060   Data           4  stm32f4xx_nucleo_extlcd.o(.data)
    .data                                    0x2000006c   Section        4  stm32f4xx_hal.o(.data)
    uwTick                                   0x2000006c   Data           4  stm32f4xx_hal.o(.data)
    .data                                    0x20000070   Section        8  ff.o(.data)
    Fsid                                     0x20000070   Data           2  ff.o(.data)
    FatFs                                    0x20000074   Data           4  ff.o(.data)
    .data                                    0x20000078   Section        1  sd_diskio.o(.data)
    Stat                                     0x20000078   Data           1  sd_diskio.o(.data)
    .data                                    0x2000007c   Section       20  sd_diskio.o(.data)
    .bss                                     0x20000090   Section     5232  main.o(.bss)
    pBuffer                                  0x20000090   Data        4096  main.o(.bss)
    .bss                                     0x20001500   Section       84  stm32f4xx_nucleo.o(.bss)
    hnucleo_Spi                              0x20001500   Data          84  stm32f4xx_nucleo.o(.bss)
    .bss                                     0x20001554   Section     4096  stm32f4xx_nucleo_ext25q16.o(.bss)
    .bss                                     0x20002554   Section       24  ff.o(.bss)
    Files                                    0x20002554   Data          24  ff.o(.bss)
    .bss                                     0x2000256c   Section       12  ff_gen_drv.o(.bss)
    STACK                                    0x20002578   Section     1024  startup_stm32f401xe.o(STACK)

    Global Symbols

    Symbol Name                              Value     Ov Type        Size  Object(Section)

    BuildAttributes$$THM_ISAv4$E$P$D$K$B$S$7EM$VFPi3$EXTD16$VFPS$VFMA$PE$A:L22UL41UL21$X:L11$S22US41US21$IEEE1$IW$USESV6$~STKCKD$USESV7$~SHL$OSPACE$ROPI$EBA8$MICROLIB$REQ8$PRES8$EABIv2 0x00000000   Number         0  anon$$obj.o ABSOLUTE
    __ARM_use_no_argv                        0x00000000   Number         0  main.o ABSOLUTE
    _printf_a                                0x00000000   Number         0  stubs.o ABSOLUTE
    _printf_c                                0x00000000   Number         0  stubs.o ABSOLUTE
    _printf_charcount                        0x00000000   Number         0  stubs.o ABSOLUTE
    _printf_d                                0x00000000   Number         0  stubs.o ABSOLUTE
    _printf_e                                0x00000000   Number         0  stubs.o ABSOLUTE
    _printf_f                                0x00000000   Number         0  stubs.o ABSOLUTE
    _printf_flags                            0x00000000   Number         0  stubs.o ABSOLUTE
    _printf_fp_dec                           0x00000000   Number         0  stubs.o ABSOLUTE
    _printf_fp_hex                           0x00000000   Number         0  stubs.o ABSOLUTE
    _printf_g                                0x00000000   Number         0  stubs.o ABSOLUTE
    _printf_i                                0x00000000   Number         0  stubs.o ABSOLUTE
    _printf_int_dec                          0x00000000   Number         0  stubs.o ABSOLUTE
    _printf_l                                0x00000000   Number         0  stubs.o ABSOLUTE
    _printf_lc                               0x00000000   Number         0  stubs.o ABSOLUTE
    _printf_ll                               0x00000000   Number         0  stubs.o ABSOLUTE
    _printf_lld                              0x00000000   Number         0  stubs.o ABSOLUTE
    _printf_lli                              0x00000000   Number         0  stubs.o ABSOLUTE
    _printf_llo                              0x00000000   Number         0  stubs.o ABSOLUTE
    _printf_llu                              0x00000000   Number         0  stubs.o ABSOLUTE
    _printf_llx                              0x00000000   Number         0  stubs.o ABSOLUTE
    _printf_longlong_dec                     0x00000000   Number         0  stubs.o ABSOLUTE
    _printf_longlong_hex                     0x00000000   Number         0  stubs.o ABSOLUTE
    _printf_longlong_oct                     0x00000000   Number         0  stubs.o ABSOLUTE
    _printf_ls                               0x00000000   Number         0  stubs.o ABSOLUTE
    _printf_mbtowc                           0x00000000   Number         0  stubs.o ABSOLUTE
    _printf_n                                0x00000000   Number         0  stubs.o ABSOLUTE
    _printf_o                                0x00000000   Number         0  stubs.o ABSOLUTE
    _printf_p                                0x00000000   Number         0  stubs.o ABSOLUTE
    _printf_percent                          0x00000000   Number         0  stubs.o ABSOLUTE
    _printf_pre_padding                      0x00000000   Number         0  stubs.o ABSOLUTE
    _printf_return_value                     0x00000000   Number         0  stubs.o ABSOLUTE
    _printf_s                                0x00000000   Number         0  stubs.o ABSOLUTE
    _printf_sizespec                         0x00000000   Number         0  stubs.o ABSOLUTE
    _printf_str                              0x00000000   Number         0  stubs.o ABSOLUTE
    _printf_truncate_signed                  0x00000000   Number         0  stubs.o ABSOLUTE
    _printf_truncate_unsigned                0x00000000   Number         0  stubs.o ABSOLUTE
    _printf_u                                0x00000000   Number         0  stubs.o ABSOLUTE
    _printf_wc                               0x00000000   Number         0  stubs.o ABSOLUTE
    _printf_wctomb                           0x00000000   Number         0  stubs.o ABSOLUTE
    _printf_widthprec                        0x00000000   Number         0  stubs.o ABSOLUTE
    _printf_x                                0x00000000   Number         0  stubs.o ABSOLUTE
    __cpp_initialize__aeabi_                  - Undefined Weak Reference
    __cxa_finalize                            - Undefined Weak Reference
    __decompress                              - Undefined Weak Reference
    _clock_init                               - Undefined Weak Reference
    _microlib_exit                            - Undefined Weak Reference
    __Vectors_Size                           0x00000194   Number         0  startup_stm32f401xe.o ABSOLUTE
    __Vectors                                0x08000000   Data           4  startup_stm32f401xe.o(RESET)
    __Vectors_End                            0x08000194   Data           0  startup_stm32f401xe.o(RESET)
    __main                                   0x08000195   Thumb Code     0  entry.o(.ARM.Collect$$$$00000000)
    _main_stk                                0x08000195   Thumb Code     0  entry2.o(.ARM.Collect$$$$00000001)
    _main_scatterload                        0x08000199   Thumb Code     0  entry5.o(.ARM.Collect$$$$00000004)
    __main_after_scatterload                 0x0800019d   Thumb Code     0  entry5.o(.ARM.Collect$$$$00000004)
    _main_clock                              0x0800019d   Thumb Code     0  entry7b.o(.ARM.Collect$$$$00000008)
    _main_cpp_init                           0x0800019d   Thumb Code     0  entry8b.o(.ARM.Collect$$$$0000000A)
    _main_init                               0x0800019d   Thumb Code     0  entry9a.o(.ARM.Collect$$$$0000000B)
    __rt_final_cpp                           0x080001a5   Thumb Code     0  entry10a.o(.ARM.Collect$$$$0000000D)
    __rt_final_exit                          0x080001a5   Thumb Code     0  entry11a.o(.ARM.Collect$$$$0000000F)
    Reset_Handler                            0x080001a9   Thumb Code     8  startup_stm32f401xe.o(.text)
    ADC_IRQHandler                           0x080001c3   Thumb Code     0  startup_stm32f401xe.o(.text)
    DMA1_Stream0_IRQHandler                  0x080001c3   Thumb Code     0  startup_stm32f401xe.o(.text)
    DMA1_Stream1_IRQHandler                  0x080001c3   Thumb Code     0  startup_stm32f401xe.o(.text)
    DMA1_Stream2_IRQHandler                  0x080001c3   Thumb Code     0  startup_stm32f401xe.o(.text)
    DMA1_Stream3_IRQHandler                  0x080001c3   Thumb Code     0  startup_stm32f401xe.o(.text)
    DMA1_Stream4_IRQHandler                  0x080001c3   Thumb Code     0  startup_stm32f401xe.o(.text)
    DMA1_Stream5_IRQHandler                  0x080001c3   Thumb Code     0  startup_stm32f401xe.o(.text)
    DMA1_Stream6_IRQHandler                  0x080001c3   Thumb Code     0  startup_stm32f401xe.o(.text)
    DMA1_Stream7_IRQHandler                  0x080001c3   Thumb Code     0  startup_stm32f401xe.o(.text)
    DMA2_Stream0_IRQHandler                  0x080001c3   Thumb Code     0  startup_stm32f401xe.o(.text)
    DMA2_Stream1_IRQHandler                  0x080001c3   Thumb Code     0  startup_stm32f401xe.o(.text)
    DMA2_Stream2_IRQHandler                  0x080001c3   Thumb Code     0  startup_stm32f401xe.o(.text)
    DMA2_Stream3_IRQHandler                  0x080001c3   Thumb Code     0  startup_stm32f401xe.o(.text)
    DMA2_Stream4_IRQHandler                  0x080001c3   Thumb Code     0  startup_stm32f401xe.o(.text)
    DMA2_Stream5_IRQHandler                  0x080001c3   Thumb Code     0  startup_stm32f401xe.o(.text)
    DMA2_Stream6_IRQHandler                  0x080001c3   Thumb Code     0  startup_stm32f401xe.o(.text)
    DMA2_Stream7_IRQHandler                  0x080001c3   Thumb Code     0  startup_stm32f401xe.o(.text)
    EXTI0_IRQHandler                         0x080001c3   Thumb Code     0  startup_stm32f401xe.o(.text)
    EXTI15_10_IRQHandler                     0x080001c3   Thumb Code     0  startup_stm32f401xe.o(.text)
    EXTI1_IRQHandler                         0x080001c3   Thumb Code     0  startup_stm32f401xe.o(.text)
    EXTI2_IRQHandler                         0x080001c3   Thumb Code     0  startup_stm32f401xe.o(.text)
    EXTI3_IRQHandler                         0x080001c3   Thumb Code     0  startup_stm32f401xe.o(.text)
    EXTI4_IRQHandler                         0x080001c3   Thumb Code     0  startup_stm32f401xe.o(.text)
    EXTI9_5_IRQHandler                       0x080001c3   Thumb Code     0  startup_stm32f401xe.o(.text)
    FLASH_IRQHandler                         0x080001c3   Thumb Code     0  startup_stm32f401xe.o(.text)
    FPU_IRQHandler                           0x080001c3   Thumb Code     0  startup_stm32f401xe.o(.text)
    I2C1_ER_IRQHandler                       0x080001c3   Thumb Code     0  startup_stm32f401xe.o(.text)
    I2C1_EV_IRQHandler                       0x080001c3   Thumb Code     0  startup_stm32f401xe.o(.text)
    I2C2_ER_IRQHandler                       0x080001c3   Thumb Code     0  startup_stm32f401xe.o(.text)
    I2C2_EV_IRQHandler                       0x080001c3   Thumb Code     0  startup_stm32f401xe.o(.text)
    I2C3_ER_IRQHandler                       0x080001c3   Thumb Code     0  startup_stm32f401xe.o(.text)
    I2C3_EV_IRQHandler                       0x080001c3   Thumb Code     0  startup_stm32f401xe.o(.text)
    OTG_FS_IRQHandler                        0x080001c3   Thumb Code     0  startup_stm32f401xe.o(.text)
    OTG_FS_WKUP_IRQHandler                   0x080001c3   Thumb Code     0  startup_stm32f401xe.o(.text)
    PVD_IRQHandler                           0x080001c3   Thumb Code     0  startup_stm32f401xe.o(.text)
    RCC_IRQHandler                           0x080001c3   Thumb Code     0  startup_stm32f401xe.o(.text)
    RTC_Alarm_IRQHandler                     0x080001c3   Thumb Code     0  startup_stm32f401xe.o(.text)
    RTC_WKUP_IRQHandler                      0x080001c3   Thumb Code     0  startup_stm32f401xe.o(.text)
    SDIO_IRQHandler                          0x080001c3   Thumb Code     0  startup_stm32f401xe.o(.text)
    SPI1_IRQHandler                          0x080001c3   Thumb Code     0  startup_stm32f401xe.o(.text)
    SPI2_IRQHandler                          0x080001c3   Thumb Code     0  startup_stm32f401xe.o(.text)
    SPI3_IRQHandler                          0x080001c3   Thumb Code     0  startup_stm32f401xe.o(.text)
    SPI4_IRQHandler                          0x080001c3   Thumb Code     0  startup_stm32f401xe.o(.text)
    TAMP_STAMP_IRQHandler                    0x080001c3   Thumb Code     0  startup_stm32f401xe.o(.text)
    TIM1_BRK_TIM9_IRQHandler                 0x080001c3   Thumb Code     0  startup_stm32f401xe.o(.text)
    TIM1_CC_IRQHandler                       0x080001c3   Thumb Code     0  startup_stm32f401xe.o(.text)
    TIM1_TRG_COM_TIM11_IRQHandler            0x080001c3   Thumb Code     0  startup_stm32f401xe.o(.text)
    TIM1_UP_TIM10_IRQHandler                 0x080001c3   Thumb Code     0  startup_stm32f401xe.o(.text)
    TIM2_IRQHandler                          0x080001c3   Thumb Code     0  startup_stm32f401xe.o(.text)
    TIM3_IRQHandler                          0x080001c3   Thumb Code     0  startup_stm32f401xe.o(.text)
    TIM4_IRQHandler                          0x080001c3   Thumb Code     0  startup_stm32f401xe.o(.text)
    TIM5_IRQHandler                          0x080001c3   Thumb Code     0  startup_stm32f401xe.o(.text)
    USART1_IRQHandler                        0x080001c3   Thumb Code     0  startup_stm32f401xe.o(.text)
    USART2_IRQHandler                        0x080001c3   Thumb Code     0  startup_stm32f401xe.o(.text)
    USART6_IRQHandler                        0x080001c3   Thumb Code     0  startup_stm32f401xe.o(.text)
    WWDG_IRQHandler                          0x080001c3   Thumb Code     0  startup_stm32f401xe.o(.text)
    __aeabi_uldivmod                         0x080001cd   Thumb Code    98  uldiv.o(.text)
    __scatterload                            0x08000231   Thumb Code    28  init.o(.text)
    __scatterload_rt2                        0x08000231   Thumb Code     0  init.o(.text)
    __aeabi_llsl                             0x08000255   Thumb Code    30  llshl.o(.text)
    _ll_shift_l                              0x08000255   Thumb Code     0  llshl.o(.text)
    __aeabi_llsr                             0x08000273   Thumb Code    32  llushr.o(.text)
    _ll_ushift_r                             0x08000273   Thumb Code     0  llushr.o(.text)
    BSP_LED_Init                             0x08000295   Thumb Code    72  stm32f4xx_nucleo.o(i.BSP_LED_Init)
    BSP_LED_Toggle                           0x080002e9   Thumb Code    16  stm32f4xx_nucleo.o(i.BSP_LED_Toggle)
    BSP_PB_GetState                          0x08000301   Thumb Code    16  stm32f4xx_nucleo.o(i.BSP_PB_GetState)
    BSP_PB_Init                              0x08000319   Thumb Code   132  stm32f4xx_nucleo.o(i.BSP_PB_Init)
    BSP_SD_GetCardInfo                       0x080003ad   Thumb Code    62  stm32f4xx_nucleo_extsd.o(i.BSP_SD_GetCardInfo)
    BSP_SD_GetStatus                         0x080003eb   Thumb Code    42  stm32f4xx_nucleo_extsd.o(i.BSP_SD_GetStatus)
    BSP_SD_Init                              0x08000415   Thumb Code    48  stm32f4xx_nucleo_extsd.o(i.BSP_SD_Init)
    BSP_SD_ReadBlocks                        0x08000449   Thumb Code   116  stm32f4xx_nucleo_extsd.o(i.BSP_SD_ReadBlocks)
    BSP_SD_WriteBlocks                       0x080004bd   Thumb Code   148  stm32f4xx_nucleo_extsd.o(i.BSP_SD_WriteBlocks)
    BusFault_Handler                         0x08000551   Thumb Code     2  stm32f4xx_it.o(i.BusFault_Handler)
    DebugMon_Handler                         0x08000553   Thumb Code     2  stm32f4xx_it.o(i.DebugMon_Handler)
    DrawCharacter                            0x08000555   Thumb Code    88  stm32f4xx_nucleo_extlcd.o(i.DrawCharacter)
    DrawCharacter_On                         0x080005b1   Thumb Code    80  stm32f4xx_nucleo_extlcd.o(i.DrawCharacter_On)
    DrawPiont                                0x08000605   Thumb Code    84  stm32f4xx_nucleo_extlcd.o(i.DrawPiont)
    FATFS_LinkDriver                         0x08000669   Thumb Code    52  ff_gen_drv.o(i.FATFS_LinkDriver)
    FATFS_UnLinkDriver                       0x080006a1   Thumb Code    42  ff_gen_drv.o(i.FATFS_UnLinkDriver)
    GetHzCode                                0x080006d1   Thumb Code    40  stm32f4xx_nucleo_extlcd.o(i.GetHzCode)
    HAL_Delay                                0x080006f9   Thumb Code    22  stm32f4xx_hal.o(i.HAL_Delay)
    HAL_GPIO_Init                            0x08000711   Thumb Code   400  stm32f4xx_hal_gpio.o(i.HAL_GPIO_Init)
    HAL_GPIO_ReadPin                         0x080008d5   Thumb Code    10  stm32f4xx_hal_gpio.o(i.HAL_GPIO_ReadPin)
    HAL_GPIO_TogglePin                       0x080008df   Thumb Code     8  stm32f4xx_hal_gpio.o(i.HAL_GPIO_TogglePin)
    HAL_GPIO_WritePin                        0x080008e7   Thumb Code    10  stm32f4xx_hal_gpio.o(i.HAL_GPIO_WritePin)
    HAL_GetTick                              0x080008f1   Thumb Code     6  stm32f4xx_hal.o(i.HAL_GetTick)
    HAL_IncTick                              0x080008fd   Thumb Code    10  stm32f4xx_hal.o(i.HAL_IncTick)
    HAL_Init                                 0x0800090d   Thumb Code    48  stm32f4xx_hal.o(i.HAL_Init)
    HAL_InitTick                             0x08000941   Thumb Code    34  stm32f4xx_hal.o(i.HAL_InitTick)
    HAL_MspInit                              0x08000963   Thumb Code     2  stm32f4xx_hal.o(i.HAL_MspInit)
    HAL_NVIC_EnableIRQ                       0x08000965   Thumb Code    22  stm32f4xx_hal_cortex.o(i.HAL_NVIC_EnableIRQ)
    HAL_NVIC_SetPriority                     0x0800097d   Thumb Code    60  stm32f4xx_hal_cortex.o(i.HAL_NVIC_SetPriority)
    HAL_NVIC_SetPriorityGrouping             0x080009bd   Thumb Code    26  stm32f4xx_hal_cortex.o(i.HAL_NVIC_SetPriorityGrouping)
    HAL_RCC_ClockConfig                      0x080009e1   Thumb Code   432  stm32f4xx_hal_rcc.o(i.HAL_RCC_ClockConfig)
    HAL_RCC_GetHCLKFreq                      0x08000b99   Thumb Code    38  stm32f4xx_hal_rcc.o(i.HAL_RCC_GetHCLKFreq)
    HAL_RCC_GetSysClockFreq                  0x08000bcd   Thumb Code   120  stm32f4xx_hal_rcc.o(i.HAL_RCC_GetSysClockFreq)
    HAL_RCC_OscConfig                        0x08000c4d   Thumb Code   802  stm32f4xx_hal_rcc.o(i.HAL_RCC_OscConfig)
    HAL_SPI_DeInit                           0x08000f85   Thumb Code    42  stm32f4xx_hal_spi.o(i.HAL_SPI_DeInit)
    HAL_SPI_GetState                         0x08000faf   Thumb Code     6  stm32f4xx_hal_spi.o(i.HAL_SPI_GetState)
    HAL_SPI_Init                             0x08000fb5   Thumb Code   130  stm32f4xx_hal_spi.o(i.HAL_SPI_Init)
    HAL_SPI_MspDeInit                        0x08001037   Thumb Code     2  stm32f4xx_hal_spi.o(i.HAL_SPI_MspDeInit)
    HAL_SPI_MspInit                          0x08001039   Thumb Code     2  stm32f4xx_hal_spi.o(i.HAL_SPI_MspInit)
    HAL_SPI_Transmit                         0x0800103b   Thumb Code   326  stm32f4xx_hal_spi.o(i.HAL_SPI_Transmit)
    HAL_SPI_TransmitReceive                  0x08001181   Thumb Code   688  stm32f4xx_hal_spi.o(i.HAL_SPI_TransmitReceive)
    HAL_SYSTICK_Config                       0x08001431   Thumb Code    40  stm32f4xx_hal_cortex.o(i.HAL_SYSTICK_Config)
    HardFault_Handler                        0x08001459   Thumb Code     2  stm32f4xx_it.o(i.HardFault_Handler)
    LCD_Clear                                0x0800145d   Thumb Code    42  stm32f4xx_nucleo_extlcd.o(i.LCD_Clear)
    LCD_CtrlLinesConfig                      0x0800148d   Thumb Code    96  stm32f4xx_nucleo_extlcd.o(i.LCD_CtrlLinesConfig)
    LCD_DisplayChar                          0x080014fd   Thumb Code    32  stm32f4xx_nucleo_extlcd.o(i.LCD_DisplayChar)
    LCD_DisplayStringLine                    0x08001521   Thumb Code    50  stm32f4xx_nucleo_extlcd.o(i.LCD_DisplayStringLine)
    LCD_DrawChar                             0x08001559   Thumb Code   126  stm32f4xx_nucleo_extlcd.o(i.LCD_DrawChar)
    LCD_GetFont                              0x080015dd   Thumb Code     6  stm32f4xx_nucleo_extlcd.o(i.LCD_GetFont)
    LCD_Init                                 0x080015e9   Thumb Code   382  stm32f4xx_nucleo_extlcd.o(i.LCD_Init)
    LCD_STRING                               0x0800176d   Thumb Code   126  stm32f4xx_nucleo_extlcd.o(i.LCD_STRING)
    LCD_STRING_ON                            0x080017f1   Thumb Code   114  stm32f4xx_nucleo_extlcd.o(i.LCD_STRING_ON)
    LCD_SetDisplayDirect                     0x08001869   Thumb Code   210  stm32f4xx_nucleo_extlcd.o(i.LCD_SetDisplayDirect)
    LCD_SetRamAddr                           0x08001941   Thumb Code    80  stm32f4xx_nucleo_extlcd.o(i.LCD_SetRamAddr)
    LCD_Write_Char                           0x08001991   Thumb Code   116  stm32f4xx_nucleo_extlcd.o(i.LCD_Write_Char)
    LCD_Write_Char_On                        0x08001a05   Thumb Code   100  stm32f4xx_nucleo_extlcd.o(i.LCD_Write_Char_On)
    MemManage_Handler                        0x08001a69   Thumb Code     2  stm32f4xx_it.o(i.MemManage_Handler)
    NMI_Handler                              0x08001a6b   Thumb Code     2  stm32f4xx_it.o(i.NMI_Handler)
    PendSV_Handler                           0x08001a8d   Thumb Code     2  stm32f4xx_it.o(i.PendSV_Handler)
    SD_IO_Init                               0x08001d95   Thumb Code    72  stm32f4xx_nucleo.o(i.SD_IO_Init)
    SD_IO_ReadByte                           0x08001de5   Thumb Code    10  stm32f4xx_nucleo.o(i.SD_IO_ReadByte)
    SD_IO_WaitResponse                       0x08001def   Thumb Code    36  stm32f4xx_nucleo.o(i.SD_IO_WaitResponse)
    SD_IO_WriteByte                          0x08001e13   Thumb Code     4  stm32f4xx_nucleo.o(i.SD_IO_WriteByte)
    SD_IO_WriteCmd                           0x08001e19   Thumb Code    80  stm32f4xx_nucleo.o(i.SD_IO_WriteCmd)
    SD_IO_WriteDummy                         0x08001e6d   Thumb Code    22  stm32f4xx_nucleo.o(i.SD_IO_WriteDummy)
    SD_initialize                            0x08001e99   Thumb Code    26  sd_diskio.o(i.SD_initialize)
    SD_ioctl                                 0x08001eb9   Thumb Code    70  sd_diskio.o(i.SD_ioctl)
    SD_read                                  0x08001f05   Thumb Code    24  sd_diskio.o(i.SD_read)
    SD_status                                0x08001f1d   Thumb Code    26  sd_diskio.o(i.SD_status)
    SD_write                                 0x08001f3d   Thumb Code    24  sd_diskio.o(i.SD_write)
    SPI_FLASH_Write_Enable                   0x08001f55   Thumb Code    34  stm32f4xx_nucleo_ext25q16.o(i.SPI_FLASH_Write_Enable)
    SPI_Flash_Erase_Sector                   0x08001f7d   Thumb Code    70  stm32f4xx_nucleo_ext25q16.o(i.SPI_Flash_Erase_Sector)
    SPI_Flash_Read                           0x08001fc9   Thumb Code    80  stm32f4xx_nucleo_ext25q16.o(i.SPI_Flash_Read)
    SPI_Flash_ReadID                         0x0800201d   Thumb Code    70  stm32f4xx_nucleo_ext25q16.o(i.SPI_Flash_ReadID)
    SPI_Flash_ReadSR                         0x08002069   Thumb Code    40  stm32f4xx_nucleo_ext25q16.o(i.SPI_Flash_ReadSR)
    SPI_Flash_Wait_Busy                      0x08002095   Thumb Code    14  stm32f4xx_nucleo_ext25q16.o(i.SPI_Flash_Wait_Busy)
    SPI_Flash_Write                          0x080020a5   Thumb Code   152  stm32f4xx_nucleo_ext25q16.o(i.SPI_Flash_Write)
    SPI_Flash_Write_NoCheck                  0x08002141   Thumb Code    62  stm32f4xx_nucleo_ext25q16.o(i.SPI_Flash_Write_NoCheck)
    SPI_Flash_Write_Page                     0x08002181   Thumb Code    88  stm32f4xx_nucleo_ext25q16.o(i.SPI_Flash_Write_Page)
    SVC_Handler                              0x080023a5   Thumb Code     2  stm32f4xx_it.o(i.SVC_Handler)
    SysTick_Handler                          0x080023a7   Thumb Code     4  stm32f4xx_it.o(i.SysTick_Handler)
    SystemInit                               0x08002421   Thumb Code    66  system_stm32f4xx.o(i.SystemInit)
    UsageFault_Handler                       0x08002475   Thumb Code     2  stm32f4xx_it.o(i.UsageFault_Handler)
    W25Q16_IO_Init                           0x08002479   Thumb Code    52  stm32f4xx_nucleo.o(i.W25Q16_IO_Init)
    W25Q16_IO_ReadByte                       0x080024b5   Thumb Code    10  stm32f4xx_nucleo.o(i.W25Q16_IO_ReadByte)
    W25Q16_IO_WriteByte                      0x080024bf   Thumb Code     4  stm32f4xx_nucleo.o(i.W25Q16_IO_WriteByte)
    W25Q16_Init                              0x080024c3   Thumb Code    22  stm32f4xx_nucleo_ext25q16.o(i.W25Q16_Init)
    W25Q16_SPI_Init                          0x080024d9   Thumb Code     4  stm32f4xx_nucleo.o(i.W25Q16_SPI_Init)
    WriteCOM                                 0x080024dd   Thumb Code    88  stm32f4xx_nucleo_extlcd.o(i.WriteCOM)
    WriteColor                               0x0800253d   Thumb Code    92  stm32f4xx_nucleo_extlcd.o(i.WriteColor)
    WriteDAT                                 0x080025a1   Thumb Code    88  stm32f4xx_nucleo_extlcd.o(i.WriteDAT)
    __0sprintf$4                             0x08002601   Thumb Code    34  printf4.o(i.__0sprintf$4)
    __1sprintf$4                             0x08002601   Thumb Code     0  printf4.o(i.__0sprintf$4)
    __2sprintf                               0x08002601   Thumb Code     0  printf4.o(i.__0sprintf$4)
    __scatterload_copy                       0x08002629   Thumb Code    14  handlers.o(i.__scatterload_copy)
    __scatterload_null                       0x08002637   Thumb Code     2  handlers.o(i.__scatterload_null)
    __scatterload_zeroinit                   0x08002639   Thumb Code    14  handlers.o(i.__scatterload_zeroinit)
    clust2sect                               0x0800299b   Thumb Code    30  ff.o(i.clust2sect)
    disk_initialize                          0x08002ded   Thumb Code    30  diskio.o(i.disk_initialize)
    disk_ioctl                               0x08002e11   Thumb Code    22  diskio.o(i.disk_ioctl)
    disk_read                                0x08002e2d   Thumb Code    28  diskio.o(i.disk_read)
    disk_status                              0x08002e4d   Thumb Code     4  diskio.o(i.disk_status)
    disk_write                               0x08002e51   Thumb Code    28  diskio.o(i.disk_write)
    f_close                                  0x08002e71   Thumb Code    42  ff.o(i.f_close)
    f_mount                                  0x08002e9d   Thumb Code    88  ff.o(i.f_mount)
    f_open                                   0x08002ef9   Thumb Code   412  ff.o(i.f_open)
    f_read                                   0x08003099   Thumb Code   398  ff.o(i.f_read)
    f_sync                                   0x08003227   Thumb Code   184  ff.o(i.f_sync)
    get_fat                                  0x080035f9   Thumb Code   186  ff.o(i.get_fat)
    get_fattime                              0x080036b3   Thumb Code     4  diskio.o(i.get_fattime)
    main                                     0x08003799   Thumb Code   560  main.o(i.main)
    put_fat                                  0x08003b95   Thumb Code   254  ff.o(i.put_fat)
    BUTTON_IRQn                              0x08003e50   Data           5  stm32f4xx_nucleo.o(.constdata)
    GPIO_PIN                                 0x08003e56   Data          10  stm32f4xx_nucleo.o(.constdata)
    BUTTON_PIN                               0x08003e60   Data          10  stm32f4xx_nucleo.o(.constdata)
    ASCII8x16_Table                          0x08003e6a   Data        3040  stm32f4xx_nucleo_extlcd.o(.constdata)
    APBAHBPrescTable                         0x08004a4a   Data          16  stm32f4xx_hal_rcc.o(.constdata)
    Region$$Table$$Base                      0x08004b90   Number         0  anon$$obj.o(Region$$Table)
    Region$$Table$$Limit                     0x08004bb0   Number         0  anon$$obj.o(Region$$Table)
    fres                                     0x20000000   Data           1  main.o(.data)
    NumOfPackage                             0x20000004   Data           4  main.o(.data)
    SD_Path                                  0x20000008   Data           4  main.o(.data)
    countbr                                  0x2000000c   Data           4  main.o(.data)
    temp                                     0x20000010   Data           4  main.o(.data)
    SystemCoreClock                          0x20000014   Data           4  system_stm32f4xx.o(.data)
    AHBPrescTable                            0x20000018   Data          16  system_stm32f4xx.o(.data)
    SpixTimeout                              0x20000028   Data           4  stm32f4xx_nucleo.o(.data)
    GPIO_PORT                                0x2000002c   Data          20  stm32f4xx_nucleo.o(.data)
    BUTTON_PORT                              0x20000040   Data          20  stm32f4xx_nucleo.o(.data)
    SdStatus                                 0x20000054   Data           1  stm32f4xx_nucleo_extsd.o(.data)
    LCD_PIXEL_WIDTH                          0x20000058   Data           1  stm32f4xx_nucleo_extlcd.o(.data)
    LCD_PIXEL_HEIGHT                         0x20000059   Data           1  stm32f4xx_nucleo_extlcd.o(.data)
    Font8x16                                 0x20000064   Data           8  stm32f4xx_nucleo_extlcd.o(.data)
    SD_Driver                                0x2000007c   Data          20  sd_diskio.o(.data)
    SD_FatFs                                 0x20001090   Data         560  main.o(.bss)
    file                                     0x200012c0   Data         556  main.o(.bss)
    Info                                     0x200014ec   Data          20  main.o(.bss)
    SPI_FLASH_BUF                            0x20001554   Data        4096  stm32f4xx_nucleo_ext25q16.o(.bss)
    disk                                     0x2000256c   Data          12  ff_gen_drv.o(.bss)
    __initial_sp                             0x20002978   Data           0  startup_stm32f401xe.o(STACK)



==============================================================================

Memory Map of the image

  Image Entry point : 0x08000195

  Load Region LR_IROM1 (Base: 0x08000000, Size: 0x00004c40, Max: 0x00060000, ABSOLUTE)

    Execution Region ER_IROM1 (Base: 0x08000000, Size: 0x00004bb0, Max: 0x00060000, ABSOLUTE)

    Base Addr    Size         Type   Attr      Idx    E Section Name        Object

    0x08000000   0x00000194   Data   RO            3    RESET               startup_stm32f401xe.o
    0x08000194   0x00000000   Code   RO         2468  * .ARM.Collect$$$$00000000  mc_w.l(entry.o)
    0x08000194   0x00000004   Code   RO         2732    .ARM.Collect$$$$00000001  mc_w.l(entry2.o)
    0x08000198   0x00000004   Code   RO         2735    .ARM.Collect$$$$00000004  mc_w.l(entry5.o)
    0x0800019c   0x00000000   Code   RO         2737    .ARM.Collect$$$$00000008  mc_w.l(entry7b.o)
    0x0800019c   0x00000000   Code   RO         2739    .ARM.Collect$$$$0000000A  mc_w.l(entry8b.o)
    0x0800019c   0x00000008   Code   RO         2740    .ARM.Collect$$$$0000000B  mc_w.l(entry9a.o)
    0x080001a4   0x00000000   Code   RO         2742    .ARM.Collect$$$$0000000D  mc_w.l(entry10a.o)
    0x080001a4   0x00000000   Code   RO         2744    .ARM.Collect$$$$0000000F  mc_w.l(entry11a.o)
    0x080001a4   0x00000004   Code   RO         2733    .ARM.Collect$$$$00002712  mc_w.l(entry2.o)
    0x080001a8   0x00000024   Code   RO            4    .text               startup_stm32f401xe.o
    0x080001cc   0x00000062   Code   RO         2751    .text               mc_w.l(uldiv.o)
    0x0800022e   0x00000002   PAD
    0x08000230   0x00000024   Code   RO         2764    .text               mc_w.l(init.o)
    0x08000254   0x0000001e   Code   RO         2767    .text               mc_w.l(llshl.o)
    0x08000272   0x00000020   Code   RO         2769    .text               mc_w.l(llushr.o)
    0x08000292   0x00000002   PAD
    0x08000294   0x00000054   Code   RO          286    i.BSP_LED_Init      stm32f4xx_nucleo.o
    0x080002e8   0x00000018   Code   RO          289    i.BSP_LED_Toggle    stm32f4xx_nucleo.o
    0x08000300   0x00000018   Code   RO          290    i.BSP_PB_GetState   stm32f4xx_nucleo.o
    0x08000318   0x00000094   Code   RO          291    i.BSP_PB_Init       stm32f4xx_nucleo.o
    0x080003ac   0x0000003e   Code   RO          428    i.BSP_SD_GetCardInfo  stm32f4xx_nucleo_extsd.o
    0x080003ea   0x0000002a   Code   RO          429    i.BSP_SD_GetStatus  stm32f4xx_nucleo_extsd.o
    0x08000414   0x00000034   Code   RO          430    i.BSP_SD_Init       stm32f4xx_nucleo_extsd.o
    0x08000448   0x00000074   Code   RO          431    i.BSP_SD_ReadBlocks  stm32f4xx_nucleo_extsd.o
    0x080004bc   0x00000094   Code   RO          432    i.BSP_SD_WriteBlocks  stm32f4xx_nucleo_extsd.o
    0x08000550   0x00000002   Code   RO          182    i.BusFault_Handler  stm32f4xx_it.o
    0x08000552   0x00000002   Code   RO          183    i.DebugMon_Handler  stm32f4xx_it.o
    0x08000554   0x0000005c   Code   RO          489    i.DrawCharacter     stm32f4xx_nucleo_extlcd.o
    0x080005b0   0x00000054   Code   RO          490    i.DrawCharacter_On  stm32f4xx_nucleo_extlcd.o
    0x08000604   0x00000054   Code   RO          491    i.DrawPiont         stm32f4xx_nucleo_extlcd.o
    0x08000658   0x0000000e   Code   RO           12    i.Error_Handler     main.o
    0x08000666   0x00000002   PAD
    0x08000668   0x00000038   Code   RO         2370    i.FATFS_LinkDriver  ff_gen_drv.o
    0x080006a0   0x00000030   Code   RO         2371    i.FATFS_UnLinkDriver  ff_gen_drv.o
    0x080006d0   0x00000028   Code   RO          492    i.GetHzCode         stm32f4xx_nucleo_extlcd.o
    0x080006f8   0x00000016   Code   RO          873    i.HAL_Delay         stm32f4xx_hal.o
    0x0800070e   0x00000002   PAD
    0x08000710   0x000001c4   Code   RO         1428    i.HAL_GPIO_Init     stm32f4xx_hal_gpio.o
    0x080008d4   0x0000000a   Code   RO         1430    i.HAL_GPIO_ReadPin  stm32f4xx_hal_gpio.o
    0x080008de   0x00000008   Code   RO         1431    i.HAL_GPIO_TogglePin  stm32f4xx_hal_gpio.o
    0x080008e6   0x0000000a   Code   RO         1432    i.HAL_GPIO_WritePin  stm32f4xx_hal_gpio.o
    0x080008f0   0x0000000c   Code   RO          885    i.HAL_GetTick       stm32f4xx_hal.o
    0x080008fc   0x00000010   Code   RO          886    i.HAL_IncTick       stm32f4xx_hal.o
    0x0800090c   0x00000034   Code   RO          887    i.HAL_Init          stm32f4xx_hal.o
    0x08000940   0x00000022   Code   RO          888    i.HAL_InitTick      stm32f4xx_hal.o
    0x08000962   0x00000002   Code   RO          890    i.HAL_MspInit       stm32f4xx_hal.o
    0x08000964   0x00000016   Code   RO         1016    i.HAL_NVIC_EnableIRQ  stm32f4xx_hal_cortex.o
    0x0800097a   0x00000002   PAD
    0x0800097c   0x00000040   Code   RO         1022    i.HAL_NVIC_SetPriority  stm32f4xx_hal_cortex.o
    0x080009bc   0x00000024   Code   RO         1023    i.HAL_NVIC_SetPriorityGrouping  stm32f4xx_hal_cortex.o
    0x080009e0   0x000001b8   Code   RO         1642    i.HAL_RCC_ClockConfig  stm32f4xx_hal_rcc.o
    0x08000b98   0x00000034   Code   RO         1647    i.HAL_RCC_GetHCLKFreq  stm32f4xx_hal_rcc.o
    0x08000bcc   0x00000080   Code   RO         1651    i.HAL_RCC_GetSysClockFreq  stm32f4xx_hal_rcc.o
    0x08000c4c   0x00000338   Code   RO         1654    i.HAL_RCC_OscConfig  stm32f4xx_hal_rcc.o
    0x08000f84   0x0000002a   Code   RO         1771    i.HAL_SPI_DeInit    stm32f4xx_hal_spi.o
    0x08000fae   0x00000006   Code   RO         1774    i.HAL_SPI_GetState  stm32f4xx_hal_spi.o
    0x08000fb4   0x00000082   Code   RO         1776    i.HAL_SPI_Init      stm32f4xx_hal_spi.o
    0x08001036   0x00000002   Code   RO         1777    i.HAL_SPI_MspDeInit  stm32f4xx_hal_spi.o
    0x08001038   0x00000002   Code   RO         1778    i.HAL_SPI_MspInit   stm32f4xx_hal_spi.o
    0x0800103a   0x00000146   Code   RO         1784    i.HAL_SPI_Transmit  stm32f4xx_hal_spi.o
    0x08001180   0x000002b0   Code   RO         1785    i.HAL_SPI_TransmitReceive  stm32f4xx_hal_spi.o
    0x08001430   0x00000028   Code   RO         1027    i.HAL_SYSTICK_Config  stm32f4xx_hal_cortex.o
    0x08001458   0x00000002   Code   RO          184    i.HardFault_Handler  stm32f4xx_it.o
    0x0800145a   0x00000002   PAD
    0x0800145c   0x00000030   Code   RO          495    i.LCD_Clear         stm32f4xx_nucleo_extlcd.o
    0x0800148c   0x00000070   Code   RO          497    i.LCD_CtrlLinesConfig  stm32f4xx_nucleo_extlcd.o
    0x080014fc   0x00000024   Code   RO          498    i.LCD_DisplayChar   stm32f4xx_nucleo_extlcd.o
    0x08001520   0x00000038   Code   RO          499    i.LCD_DisplayStringLine  stm32f4xx_nucleo_extlcd.o
    0x08001558   0x00000084   Code   RO          500    i.LCD_DrawChar      stm32f4xx_nucleo_extlcd.o
    0x080015dc   0x0000000c   Code   RO          509    i.LCD_GetFont       stm32f4xx_nucleo_extlcd.o
    0x080015e8   0x00000184   Code   RO          510    i.LCD_Init          stm32f4xx_nucleo_extlcd.o
    0x0800176c   0x00000084   Code   RO          511    i.LCD_STRING        stm32f4xx_nucleo_extlcd.o
    0x080017f0   0x00000078   Code   RO          512    i.LCD_STRING_ON     stm32f4xx_nucleo_extlcd.o
    0x08001868   0x000000d8   Code   RO          515    i.LCD_SetDisplayDirect  stm32f4xx_nucleo_extlcd.o
    0x08001940   0x00000050   Code   RO          517    i.LCD_SetRamAddr    stm32f4xx_nucleo_extlcd.o
    0x08001990   0x00000074   Code   RO          520    i.LCD_Write_Char    stm32f4xx_nucleo_extlcd.o
    0x08001a04   0x00000064   Code   RO          521    i.LCD_Write_Char_On  stm32f4xx_nucleo_extlcd.o
    0x08001a68   0x00000002   Code   RO          185    i.MemManage_Handler  stm32f4xx_it.o
    0x08001a6a   0x00000002   Code   RO          186    i.NMI_Handler       stm32f4xx_it.o
    0x08001a6c   0x00000020   Code   RO         1029    i.NVIC_SetPriority  stm32f4xx_hal_cortex.o
    0x08001a8c   0x00000002   Code   RO          187    i.PendSV_Handler    stm32f4xx_it.o
    0x08001a8e   0x00000002   PAD
    0x08001a90   0x00000088   Code   RO           13    i.SDCard_Config     main.o
    0x08001b18   0x000000ec   Code   RO          433    i.SD_GetCIDRegister  stm32f4xx_nucleo_extsd.o
    0x08001c04   0x0000018e   Code   RO          434    i.SD_GetCSDRegister  stm32f4xx_nucleo_extsd.o
    0x08001d92   0x00000002   PAD
    0x08001d94   0x00000050   Code   RO          292    i.SD_IO_Init        stm32f4xx_nucleo.o
    0x08001de4   0x0000000a   Code   RO          293    i.SD_IO_ReadByte    stm32f4xx_nucleo.o
    0x08001dee   0x00000024   Code   RO          294    i.SD_IO_WaitResponse  stm32f4xx_nucleo.o
    0x08001e12   0x00000004   Code   RO          295    i.SD_IO_WriteByte   stm32f4xx_nucleo.o
    0x08001e16   0x00000002   PAD
    0x08001e18   0x00000054   Code   RO          296    i.SD_IO_WriteCmd    stm32f4xx_nucleo.o
    0x08001e6c   0x0000001c   Code   RO          297    i.SD_IO_WriteDummy  stm32f4xx_nucleo.o
    0x08001e88   0x00000010   Code   RO          435    i.SD_SendCmd        stm32f4xx_nucleo_extsd.o
    0x08001e98   0x00000020   Code   RO         2404    i.SD_initialize     sd_diskio.o
    0x08001eb8   0x0000004c   Code   RO         2405    i.SD_ioctl          sd_diskio.o
    0x08001f04   0x00000018   Code   RO         2406    i.SD_read           sd_diskio.o
    0x08001f1c   0x00000020   Code   RO         2407    i.SD_status         sd_diskio.o
    0x08001f3c   0x00000018   Code   RO         2408    i.SD_write          sd_diskio.o
    0x08001f54   0x00000028   Code   RO          769    i.SPI_FLASH_Write_Enable  stm32f4xx_nucleo_ext25q16.o
    0x08001f7c   0x0000004c   Code   RO          772    i.SPI_Flash_Erase_Sector  stm32f4xx_nucleo_ext25q16.o
    0x08001fc8   0x00000054   Code   RO          774    i.SPI_Flash_Read    stm32f4xx_nucleo_ext25q16.o
    0x0800201c   0x0000004c   Code   RO          775    i.SPI_Flash_ReadID  stm32f4xx_nucleo_ext25q16.o
    0x08002068   0x0000002c   Code   RO          776    i.SPI_Flash_ReadSR  stm32f4xx_nucleo_ext25q16.o
    0x08002094   0x0000000e   Code   RO          778    i.SPI_Flash_Wait_Busy  stm32f4xx_nucleo_ext25q16.o
    0x080020a2   0x00000002   PAD
    0x080020a4   0x0000009c   Code   RO          779    i.SPI_Flash_Write   stm32f4xx_nucleo_ext25q16.o
    0x08002140   0x0000003e   Code   RO          780    i.SPI_Flash_Write_NoCheck  stm32f4xx_nucleo_ext25q16.o
    0x0800217e   0x00000002   PAD
    0x08002180   0x0000005c   Code   RO          781    i.SPI_Flash_Write_Page  stm32f4xx_nucleo_ext25q16.o
    0x080021dc   0x0000009e   Code   RO         1806    i.SPI_WaitOnFlagUntilTimeout  stm32f4xx_hal_spi.o
    0x0800227a   0x00000002   PAD
    0x0800227c   0x00000014   Code   RO          298    i.SPIx_Error        stm32f4xx_nucleo.o
    0x08002290   0x00000054   Code   RO          299    i.SPIx_Init         stm32f4xx_nucleo.o
    0x080022e4   0x0000006c   Code   RO          300    i.SPIx_MspInit      stm32f4xx_nucleo.o
    0x08002350   0x00000030   Code   RO          301    i.SPIx_Read         stm32f4xx_nucleo.o
    0x08002380   0x00000024   Code   RO          302    i.SPIx_Write        stm32f4xx_nucleo.o
    0x080023a4   0x00000002   Code   RO          188    i.SVC_Handler       stm32f4xx_it.o
    0x080023a6   0x00000004   Code   RO          189    i.SysTick_Handler   stm32f4xx_it.o
    0x080023aa   0x00000002   PAD
    0x080023ac   0x00000074   Code   RO           14    i.SystemClock_Config  main.o
    0x08002420   0x00000054   Code   RO          254    i.SystemInit        system_stm32f4xx.o
    0x08002474   0x00000002   Code   RO          190    i.UsageFault_Handler  stm32f4xx_it.o
    0x08002476   0x00000002   PAD
    0x08002478   0x0000003c   Code   RO          303    i.W25Q16_IO_Init    stm32f4xx_nucleo.o
    0x080024b4   0x0000000a   Code   RO          304    i.W25Q16_IO_ReadByte  stm32f4xx_nucleo.o
    0x080024be   0x00000004   Code   RO          305    i.W25Q16_IO_WriteByte  stm32f4xx_nucleo.o
    0x080024c2   0x00000016   Code   RO          782    i.W25Q16_Init       stm32f4xx_nucleo_ext25q16.o
    0x080024d8   0x00000004   Code   RO          306    i.W25Q16_SPI_Init   stm32f4xx_nucleo.o
    0x080024dc   0x00000060   Code   RO          526    i.WriteCOM          stm32f4xx_nucleo_extlcd.o
    0x0800253c   0x00000064   Code   RO          527    i.WriteColor        stm32f4xx_nucleo_extlcd.o
    0x080025a0   0x00000060   Code   RO          528    i.WriteDAT          stm32f4xx_nucleo_extlcd.o
    0x08002600   0x00000028   Code   RO         2584    i.__0sprintf$4      mc_w.l(printf4.o)
    0x08002628   0x0000000e   Code   RO         2778    i.__scatterload_copy  mc_w.l(handlers.o)
    0x08002636   0x00000002   Code   RO         2779    i.__scatterload_null  mc_w.l(handlers.o)
    0x08002638   0x0000000e   Code   RO         2780    i.__scatterload_zeroinit  mc_w.l(handlers.o)
    0x08002646   0x00000002   PAD
    0x08002648   0x0000022c   Code   RO         2589    i._printf_core      mc_w.l(printf4.o)
    0x08002874   0x0000000a   Code   RO         2591    i._sputc            mc_w.l(printf4.o)
    0x0800287e   0x00000002   PAD
    0x08002880   0x00000060   Code   RO         2057    i.check_fs          ff.o
    0x080028e0   0x0000006c   Code   RO         2058    i.chk_lock          ff.o
    0x0800294c   0x00000024   Code   RO         2059    i.clear_lock        ff.o
    0x08002970   0x0000002a   Code   RO         2060    i.clmt_clust        ff.o
    0x0800299a   0x0000001e   Code   RO         2061    i.clust2sect        ff.o
    0x080029b8   0x000000ac   Code   RO         2062    i.create_chain      ff.o
    0x08002a64   0x00000100   Code   RO         2063    i.create_name       ff.o
    0x08002b64   0x0000003c   Code   RO         2064    i.dec_lock          ff.o
    0x08002ba0   0x00000018   Code   RO          529    i.delay             stm32f4xx_nucleo_extlcd.o
    0x08002bb8   0x00000120   Code   RO         2065    i.dir_next          ff.o
    0x08002cd8   0x00000076   Code   RO         2067    i.dir_register      ff.o
    0x08002d4e   0x0000009e   Code   RO         2069    i.dir_sdi           ff.o
    0x08002dec   0x00000024   Code   RO         2003    i.disk_initialize   diskio.o
    0x08002e10   0x0000001c   Code   RO         2004    i.disk_ioctl        diskio.o
    0x08002e2c   0x00000020   Code   RO         2005    i.disk_read         diskio.o
    0x08002e4c   0x00000004   Code   RO         2006    i.disk_status       diskio.o
    0x08002e50   0x00000020   Code   RO         2007    i.disk_write        diskio.o
    0x08002e70   0x0000002a   Code   RO         2071    i.f_close           ff.o
    0x08002e9a   0x00000002   PAD
    0x08002e9c   0x0000005c   Code   RO         2078    i.f_mount           ff.o
    0x08002ef8   0x000001a0   Code   RO         2079    i.f_open            ff.o
    0x08003098   0x0000018e   Code   RO         2084    i.f_read            ff.o
    0x08003226   0x000000b8   Code   RO         2088    i.f_sync            ff.o
    0x080032de   0x00000002   PAD
    0x080032e0   0x00000258   Code   RO         2093    i.find_volume       ff.o
    0x08003538   0x000000c0   Code   RO         2094    i.follow_path       ff.o
    0x080035f8   0x000000ba   Code   RO         2095    i.get_fat           ff.o
    0x080036b2   0x00000004   Code   RO         2008    i.get_fattime       diskio.o
    0x080036b6   0x0000002e   Code   RO         2097    i.get_ldnumber      ff.o
    0x080036e4   0x000000a0   Code   RO         2098    i.inc_lock          ff.o
    0x08003784   0x00000014   Code   RO         2099    i.ld_clust          ff.o
    0x08003798   0x000003a8   Code   RO           15    i.main              main.o
    0x08003b40   0x00000012   Code   RO         2100    i.mem_cpy           ff.o
    0x08003b52   0x0000000e   Code   RO         2101    i.mem_set           ff.o
    0x08003b60   0x00000032   Code   RO         2102    i.move_window       ff.o
    0x08003b92   0x00000002   PAD
    0x08003b94   0x000000fe   Code   RO         2103    i.put_fat           ff.o
    0x08003c92   0x0000006e   Code   RO         2105    i.remove_chain      ff.o
    0x08003d00   0x00000010   Code   RO         2106    i.st_clust          ff.o
    0x08003d10   0x000000b6   Code   RO         2107    i.sync_fs           ff.o
    0x08003dc6   0x0000005a   Code   RO         2108    i.sync_window       ff.o
    0x08003e20   0x00000030   Code   RO         2109    i.validate          ff.o
    0x08003e50   0x0000001a   Data   RO          308    .constdata          stm32f4xx_nucleo.o
    0x08003e6a   0x00000be0   Data   RO          533    .constdata          stm32f4xx_nucleo_extlcd.o
    0x08004a4a   0x00000010   Data   RO         1655    .constdata          stm32f4xx_hal_rcc.o
    0x08004a5a   0x000000ac   Data   RO         2111    .constdata          ff.o
    0x08004b06   0x00000002   PAD
    0x08004b08   0x00000088   Data   RO           17    .conststring        main.o
    0x08004b90   0x00000020   Data   RO         2776    Region$$Table       anon$$obj.o


    Execution Region RW_IRAM1 (Base: 0x20000000, Size: 0x00002978, Max: 0x00018000, ABSOLUTE)

    Base Addr    Size         Type   Attr      Idx    E Section Name        Object

    0x20000000   0x00000014   Data   RW           18    .data               main.o
    0x20000014   0x00000014   Data   RW          255    .data               system_stm32f4xx.o
    0x20000028   0x0000002c   Data   RW          309    .data               stm32f4xx_nucleo.o
    0x20000054   0x00000001   Data   RW          436    .data               stm32f4xx_nucleo_extsd.o
    0x20000055   0x00000003   PAD
    0x20000058   0x00000014   Data   RW          537    .data               stm32f4xx_nucleo_extlcd.o
    0x2000006c   0x00000004   Data   RW          893    .data               stm32f4xx_hal.o
    0x20000070   0x00000008   Data   RW         2112    .data               ff.o
    0x20000078   0x00000001   Data   RW         2409    .data               sd_diskio.o
    0x20000079   0x00000003   PAD
    0x2000007c   0x00000014   Data   RW         2410    .data               sd_diskio.o
    0x20000090   0x00001470   Zero   RW           16    .bss                main.o
    0x20001500   0x00000054   Zero   RW          307    .bss                stm32f4xx_nucleo.o
    0x20001554   0x00001000   Zero   RW          783    .bss                stm32f4xx_nucleo_ext25q16.o
    0x20002554   0x00000018   Zero   RW         2110    .bss                ff.o
    0x2000256c   0x0000000c   Zero   RW         2372    .bss                ff_gen_drv.o
    0x20002578   0x00000400   Zero   RW            1    STACK               startup_stm32f401xe.o


==============================================================================

Image component sizes


      Code (inc. data)   RO Data    RW Data    ZI Data      Debug   Object Name

       136         20          0          0          0       6891   diskio.o
      4482         70        172          8         24      28797   ff.o
       104         10          0          0         12       1607   ff_gen_drv.o
      1202        452        136         20       5232     210279   main.o
       188         18          0         21          0       3892   sd_diskio.o
        36          8        404          0       1024        856   startup_stm32f401xe.o
       138         16          0          4          0       4780   stm32f4xx_hal.o
       194         14          0          0          0      30047   stm32f4xx_hal_cortex.o
       480         52          0          0          0       4392   stm32f4xx_hal_gpio.o
      1444         52         16          0          0       4977   stm32f4xx_hal_rcc.o
      1354          0          0          0          0       6674   stm32f4xx_hal_spi.o
        20          0          0          0          0       4298   stm32f4xx_it.o
       896        114         26         44         84      13455   stm32f4xx_nucleo.o
       666         34          0          0       4096       7446   stm32f4xx_nucleo_ext25q16.o
      2164        100       3040         20          0      19722   stm32f4xx_nucleo_extlcd.o
      1070          4          0          1          0       7222   stm32f4xx_nucleo_extsd.o
        84         18          0         20          0       1177   system_stm32f4xx.o

    ----------------------------------------------------------------------
     14688        982       3828        144      10472     356512   Object Totals
         0          0         32          0          0          0   (incl. Generated)
        30          0          2          6          0          0   (incl. Padding)

    ----------------------------------------------------------------------

      Code (inc. data)   RO Data    RW Data    ZI Data      Debug   Library Member Name

         0          0          0          0          0          0   entry.o
         0          0          0          0          0          0   entry10a.o
         0          0          0          0          0          0   entry11a.o
         8          4          0          0          0          0   entry2.o
         4          0          0          0          0          0   entry5.o
         0          0          0          0          0          0   entry7b.o
         0          0          0          0          0          0   entry8b.o
         8          4          0          0          0          0   entry9a.o
        30          0          0          0          0          0   handlers.o
        36          8          0          0          0         68   init.o
        30          0          0          0          0         68   llshl.o
        32          0          0          0          0         68   llushr.o
       606         10          0          0          0        252   printf4.o
        98          0          0          0          0         92   uldiv.o

    ----------------------------------------------------------------------
       860         26          0          0          0        548   Library Totals
         8          0          0          0          0          0   (incl. Padding)

    ----------------------------------------------------------------------

      Code (inc. data)   RO Data    RW Data    ZI Data      Debug   Library Name

       852         26          0          0          0        548   mc_w.l

    ----------------------------------------------------------------------
       860         26          0          0          0        548   Library Totals

    ----------------------------------------------------------------------

==============================================================================


      Code (inc. data)   RO Data    RW Data    ZI Data      Debug   

     15548       1008       3828        144      10472     343456   Grand Totals
     15548       1008       3828        144      10472     343456   ELF Image Totals
     15548       1008       3828        144          0          0   ROM Totals

==============================================================================

    Total RO  Size (Code + RO Data)                19376 (  18.92kB)
    Total RW  Size (RW Data + ZI Data)             10616 (  10.37kB)
    Total ROM Size (Code + RO Data + RW Data)      19520 (  19.06kB)

==============================================================================

