<html>
<body>
<pre>
<h1>µVision Build Log</h1>
<h2>Project:</h2>
D:\CODE\Keil MDK\STM32F401RE_Nucleo_Demo\MyProj\Ext_nRF24L01\proj\nrf24l01.uvproj
Project File Date:  09/28/2014

<h2>Output:</h2>
Build target 'Target 1'
linking...
Program Size: Code=8032 RO-data=3520 RW-data=132 ZI-data=1228  
".\opt\nrf24l01.axf" - 0 Error(s), 0 Warning(s).
Load "D:\\CODE\\Keil MDK\\STM32F401RE_Nucleo_Demo\\MyProj\\Ext_nRF24L01\\proj\\opt\\nrf24l01.axf" 
Erase Done.
Programming Done.
Verify OK.
</pre>
</body>
</html>
Done.
Verify OK.
Load "D:\\CODE\\Keil MDK\\STM32F401RE_Nucleo_Demo\\MyProj\\Ext_nRF24L01\\proj\\opt\\nrf24l01.axf" 
Erase Done.
Programming Done.
Verify OK.
ing stm32f4xx_hal_flash_ex.c...
compiling stm32f4xx_hal_gpio.c...
compiling stm32f4xx_hal_pwr.c...
compiling stm32f4xx_hal_pwr_ex.c...
compiling stm32f4xx_hal_rcc.c...
compiling stm32f4xx_hal_rcc_ex.c...
compiling stm32f4xx_hal_spi.c...
linking...
Program Size: Code=8068 RO-data=3520 RW-data=132 ZI-data=1228  
".\opt\nrf24l01.axf" - 0 Error(s), 0 Warning(s).
