<html>
<body>
<pre>
<h1>µVision Build Log</h1>
<h2>Project:</h2>
D:\CODE\Keil MDK\STM32F401RE_Nucleo_Demo\MyProj\Ext_TIM_PWMOutput\proj\pwm.uvproj
Project File Date:  09/29/2014

<h2>Output:</h2>
Build target 'Target 1'
compiling main.c...
linking...
Program Size: Code=8348 RO-data=3520 RW-data=84 ZI-data=1188  
".\opt\pwm.axf" - 0 Error(s), 0 Warning(s).
Load "D:\\CODE\\Keil MDK\\STM32F401RE_Nucleo_Demo\\MyProj\\Ext_TIM_PWMOutput\\proj\\opt\\pwm.axf" 
Erase Done.
Programming Done.
Verify OK.
</pre>
</body>
</html>

Erase Done.
Programming Done.
Verify OK.
.\opt\pwm.axf" - 0 Error(s), 1 Warning(s).
gramming Done.
Verify OK.
m32f4xx_nucleo_ExtLCDBK.c(92): warning:  #1-D: last line of file ends without a newline
  /*************************************** END OF FILE ***************************************/
..\src\stm32f4xx_nucleo_ExtLCDBK.c: 1 warning, 0 errors
compiling stm32f4xx_hal.c...
compiling stm32f4xx_hal_cortex.c...
compiling stm32f4xx_hal_dma.c...
compiling stm32f4xx_hal_dma_ex.c...
compiling stm32f4xx_hal_flash.c...
compiling stm32f4xx_hal_flash_ex.c...
compiling stm32f4xx_hal_gpio.c...
compiling stm32f4xx_hal_pwr.c...
compiling stm32f4xx_hal_pwr_ex.c...
compiling stm32f4xx_hal_rcc.c...
compiling stm32f4xx_hal_rcc_ex.c...
compiling stm32f4xx_hal_spi.c...
compiling stm32f4xx_hal_tim.c...
compiling stm32f4xx_hal_tim_ex.c...
linking...
.\opt\pwm.axf: Error: L6218E: Undefined symbol AdcHandle (referred from stm32f4xx_it.o).
Not enough information to list image symbols.
Finished: 1 information, 0 warning and 1 error messages.
".\opt\pwm.axf" - 1 Error(s), 2 Warning(s).
Target not created
