<html>
<body>
<pre>
<h1>µVision Build Log</h1>
<h2>Project:</h2>
D:\CODE\Keil MDK\STM32F401RE-nucleo\MyProj\test\proj\test.uvproj
Project File Date:  06/23/2014

<h2>Output:</h2>
Build target 'Target 1'
compiling main.c...
linking...
Program Size: Code=2680 RO-data=460 RW-data=32 ZI-data=1024  
".\opt\test.axf" - 0 Error(s), 0 Warning(s).
Load "D:\\CODE\\Keil MDK\\STM32F401RE-nucleo\\MyProj\\test\\proj\\opt\\test.axf" 
Erase Done.
Programming Done.
Verify OK.
wnload failed  -  Target DLL has been cancelled
Load "D:\\CODE\\Keil MDK\\STM32F401RE-nucleo\\MyProj\\test\\proj\\opt\\test.axf" 
Error: Flash Download failed  -  Target DLL has been cancelled
Load "D:\\CODE\\Keil MDK\\STM32F401RE-nucleo\\MyProj\\test\\proj\\opt\\test.axf" 
Erase Done.
Programming Done.
Verify OK.
Load "D:\\CODE\\Keil MDK\\STM32F401RE-nucleo\\MyProj\\test\\proj\\opt\\test.axf" 
Erase Done.
Programming Done.
Verify OK.
iling stm32f4xx_hal_flash.c...
compiling stm32f4xx_hal_flash_ex.c...
compiling stm32f4xx_hal_gpio.c...
compiling stm32f4xx_hal_hash.c...
compiling stm32f4xx_hal_hash_ex.c...
compiling stm32f4xx_hal_hcd.c...
compiling stm32f4xx_hal_i2c.c...
compiling stm32f4xx_hal_i2c_ex.c...
compiling stm32f4xx_hal_i2s.c...
compiling stm32f4xx_hal_i2s_ex.c...
compiling stm32f4xx_hal_irda.c...
compiling stm32f4xx_hal_iwdg.c...
compiling stm32f4xx_hal_ltdc.c...
compiling stm32f4xx_hal_nand.c...
compiling stm32f4xx_hal_nor.c...
compiling stm32f4xx_hal_pccard.c...
compiling stm32f4xx_hal_pcd.c...
compiling stm32f4xx_hal_pwr.c...
compiling stm32f4xx_hal_pwr_ex.c...
compiling stm32f4xx_hal_rcc.c...
compiling stm32f4xx_hal_rcc_ex.c...
compiling stm32f4xx_hal_rng.c...
compiling stm32f4xx_hal_rtc.c...
compiling stm32f4xx_hal_rtc_ex.c...
compiling stm32f4xx_hal_sai.c...
compiling stm32f4xx_hal_sd.c...
compiling stm32f4xx_hal_sdram.c...
compiling stm32f4xx_hal_smartcard.c...
compiling stm32f4xx_hal_spi.c...
compiling stm32f4xx_hal_sram.c...
compiling stm32f4xx_hal_tim.c...
compiling stm32f4xx_hal_tim_ex.c...
compiling stm32f4xx_hal_uart.c...
compiling stm32f4xx_hal_usart.c...
compiling stm32f4xx_hal_wwdg.c...
compiling stm32f4xx_ll_fmc.c...
compiling stm32f4xx_ll_fsmc.c...
compiling stm32f4xx_ll_sdmmc.c...
compiling stm32f4xx_ll_usb.c...
linking...
Program Size: Code=1962 RO-data=454 RW-data=24 ZI-data=1024  
".\opt\test.axf" - 0 Error(s), 0 Warning(s).
 (by stm32f4xx_hal_msp_template.o and stm32f4xx_hal_msp.o).
.\opt\test.axf: Error: L6200E: Symbol HAL_MspInit multiply defined (by stm32f4xx_hal_msp_template.o and stm32f4xx_hal_msp.o).
Not enough information to list image symbols.
Not enough information to list the image map.
Finished: 2 information, 0 warning and 2 error messages.
".\opt\test.axf" - 2 Error(s), 0 Warning(s).
Target not created
