<html>
<body>
<pre>
<h1>µVision Build Log</h1>
<h2>Tool Versions:</h2>
IDE-Version: ¦ÌVision V5.12.0.0
Copyright (C) 2014 ARM Ltd and ARM Germany GmbH. All rights reserved.
License Information: CKY CKY, NTRG, LIC=LSNLQ-NNZSE-1PNZ5-G9TR8-VNY09-SQAGW
 
Tool Versions:
Toolchain:       MDK-ARM Standard  Version: 5.12.0.0
Toolchain Path:  D:\KEIL MDK\Setup\ARM\ARMCC\Bin
C Compiler:      Armcc.exe V5.05 (build 41)
Assembler:       Armasm.exe V5.05 (build 41)
Linker/Locator:  ArmLink.exe V5.05 (build 41)
Library Manager: ArmAr.exe V5.05 (build 41)
Hex Converter:   FromElf.exe V5.05 (build 41)
CPU DLL:         SARMCM3.DLL V5.12.0.0
Dialog DLL:      DCM.DLL V1.13.0.0
    Target DLL: STLink\ST-LINKIII-KEIL_SWO.dll
Dialog DLL:      TCM.DLL V1.14.2.0
 
<h2>Project:</h2>
D:\CODE\Keil MDK\STM32F401RE_Nucleo_Demo\MyProj\test\proj\test.uvprojx
Project File Date:  10/01/2014

<h2>Output:</h2>
Build target 'Target 1'
compiling main.c...
compiling stm32f4xx_it.c...
compiling stm32f4xx_nucleo.c...
linking...
Program Size: Code=2712 RO-data=480 RW-data=68 ZI-data=1028  
After Build - User command #1: "D:\KEIL MDK\Setup\ARM\ARMCC\bin\fromelf.exe"  --bin -o ..\proj\image.bin ..\proj\opt\test.axf
".\opt\test.axf" - 0 Error(s), 0 Warning(s).

<h2>Collection of Component include folders:</h2>
  D:\CODE\Keil MDK\STM32F401RE_Nucleo_Demo\MyProj\test\proj\RTE
  D:\KEIL MDK\Setup\ARM\PACK\Keil\STM32F4xx_DFP\1.0.8\Device\Include

<h2>Collection of Component Files used:</h2>
</pre>
</body>
</html>
