<html>
<body>
<pre>
<h1>µVision Build Log</h1>
<h2>Project:</h2>
D:\CODE\Keil MDK\STM32F401RE-nucleo\MyProj\Ext_LCD_PicDecode\proj\lcd_comp.uvproj
Project File Date:  09/25/2014

<h2>Output:</h2>
Build target 'Target 1'
compiling main.c...
linking...
Program Size: Code=8210 RO-data=3518 RW-data=132 ZI-data=2988  
".\opt\lcd_comp.axf" - 0 Error(s), 0 Warning(s).
</pre>
</body>
</html>
h) == 0)
..\main\main.c(85): error:  #20: identifier "SD_FatFs" is undefined
                if(f_mount(&SD_FatFs, (TCHAR const*)"/", 0) != FR_OK)
..\main\main.c: 0 warnings, 2 errors
compiling stm32f4xx_it.c...
compiling system_stm32f4xx.c...
compiling stm32f4xx_nucleo.c...
compiling stm32f4xx_nucleo_ExtLCD.c...
compiling stm32f4xx_nucleo_ExtSD.c...
compiling stm32f4xx_hal.c...
compiling stm32f4xx_hal_cortex.c...
compiling stm32f4xx_hal_dma.c...
compiling stm32f4xx_hal_dma_ex.c...
compiling stm32f4xx_hal_flash.c...
compiling stm32f4xx_hal_flash_ex.c...
compiling stm32f4xx_hal_gpio.c...
compiling stm32f4xx_hal_pwr.c...
compiling stm32f4xx_hal_pwr_ex.c...
compiling stm32f4xx_hal_rcc.c...
compiling stm32f4xx_hal_rcc_ex.c...
compiling stm32f4xx_hal_spi.c...
compiling diskio.c...
compiling ff.c...
compiling ff_gen_drv.c...
compiling sd_diskio.c...
".\opt\lcd_comp.axf" - 2 Error(s), 0 Warning(s).
Target not created
Ext_Board\inc\stm32f4xx_nucleo_ExtLCD.h(232): error:  #20: identifier "u16" is undefined
  void LCD_Write_Char_On(u16 x,u16 y,const u8 *str,u16 tcolor);
..\..\Drivers\Ext_Board\inc\stm32f4xx_nucleo_ExtLCD.h(232): error:  #20: identifier "u8" is undefined
  void LCD_Write_Char_On(u16 x,u16 y,const u8 *str,u16 tcolor);
..\..\Drivers\Ext_Board\inc\stm32f4xx_nucleo_ExtLCD.h(232): error:  #20: identifier "u16" is undefined
  void LCD_Write_Char_On(u16 x,u16 y,const u8 *str,u16 tcolor);
..\..\Drivers\Ext_Board\inc\stm32f4xx_nucleo_ExtLCD.h(234): error:  #20: identifier "u16" is undefined
  void LCD_CHINESE_STR(u16 x,u16 y,const u8 *str,u16 tcolor,u16 bcolor);
..\..\Drivers\Ext_Board\inc\stm32f4xx_nucleo_ExtLCD.h(234): error:  #20: identifier "u16" is undefined
  void LCD_CHINESE_STR(u16 x,u16 y,const u8 *str,u16 tcolor,u16 bcolor);
..\..\Drivers\Ext_Board\inc\stm32f4xx_nucleo_ExtLCD.h(234): error:  #20: identifier "u8" is undefined
  void LCD_CHINESE_STR(u16 x,u16 y,const u8 *str,u16 tcolor,u16 bcolor);
..\..\Drivers\Ext_Board\inc\stm32f4xx_nucleo_ExtLCD.h(234): error:  #20: identifier "u16" is undefined
  void LCD_CHINESE_STR(u16 x,u16 y,const u8 *str,u16 tcolor,u16 bcolor);
..\..\Drivers\Ext_Board\inc\stm32f4xx_nucleo_ExtLCD.h(234): error:  #20: identifier "u16" is undefined
  void LCD_CHINESE_STR(u16 x,u16 y,const u8 *str,u16 tcolor,u16 bcolor);
..\..\Drivers\Ext_Board\inc\stm32f4xx_nucleo_ExtLCD.h(235): error:  #20: identifier "u16" is undefined
  void LCD_CHINESE_STR_ON(u16 x,u16 y,const u8 *str,u16 tcolor);
..\..\Drivers\Ext_Board\inc\stm32f4xx_nucleo_ExtLCD.h(235): error:  #20: identifier "u16" is undefined
  void LCD_CHINESE_STR_ON(u16 x,u16 y,const u8 *str,u16 tcolor);
..\..\Drivers\Ext_Board\inc\stm32f4xx_nucleo_ExtLCD.h(235): error:  #20: identifier "u8" is undefined
  void LCD_CHINESE_STR_ON(u16 x,u16 y,const u8 *str,u16 tcolor);
..\..\Drivers\Ext_Board\inc\stm32f4xx_nucleo_ExtLCD.h(235): error:  #20: identifier "u16" is undefined
  void LCD_CHINESE_STR_ON(u16 x,u16 y,const u8 *str,u16 tcolor);
..\..\Drivers\Ext_Board\inc\stm32f4xx_nucleo_ExtLCD.h(237): error:  #20: identifier "u16" is undefined
  void LCD_STRING(u16 x,u16 y,const u8 *str,u16 tcolor,u16 bcolor);
..\..\Drivers\Ext_Board\inc\stm32f4xx_nucleo_ExtLCD.h(237): error:  #20: identifier "u16" is undefined
  void LCD_STRING(u16 x,u16 y,const u8 *str,u16 tcolor,u16 bcolor);
..\..\Drivers\Ext_Board\inc\stm32f4xx_nucleo_ExtLCD.h(237): error:  #20: identifier "u8" is undefined
  void LCD_STRING(u16 x,u16 y,const u8 *str,u16 tcolor,u16 bcolor);
..\..\Drivers\Ext_Board\inc\stm32f4xx_nucleo_ExtLCD.h(237): error:  #20: identifier "u16" is undefined
  void LCD_STRING(u16 x,u16 y,const u8 *str,u16 tcolor,u16 bcolor);
..\..\Drivers\Ext_Board\inc\stm32f4xx_nucleo_ExtLCD.h(237): error:  #20: identifier "u16" is undefined
  void LCD_STRING(u16 x,u16 y,const u8 *str,u16 tcolor,u16 bcolor);
..\..\Drivers\Ext_Board\inc\stm32f4xx_nucleo_ExtLCD.h(238): error:  #20: identifier "u16" is undefined
  void LCD_STRING_ON(u16 x,u16 y,const u8 *str,u16 tcolor);
..\..\Drivers\Ext_Board\inc\stm32f4xx_nucleo_ExtLCD.h(238): error:  #20: identifier "u16" is undefined
  void LCD_STRING_ON(u16 x,u16 y,const u8 *str,u16 tcolor);
..\..\Drivers\Ext_Board\inc\stm32f4xx_nucleo_ExtLCD.h(238): error:  #20: identifier "u8" is undefined
  void LCD_STRING_ON(u16 x,u16 y,const u8 *str,u16 tcolor);
..\..\Drivers\Ext_Board\inc\stm32f4xx_nucleo_ExtLCD.h(238): error:  #20: identifier "u16" is undefined
  void LCD_STRING_ON(u16 x,u16 y,const u8 *str,u16 tcolor);
..\..\Drivers\Ext_Board\inc\stm32f4xx_nucleo_ExtLCD.h(240): error:  #20: identifier "u16" is undefined
  void DrawCharacter(u16 x,u16 y,u8 ascii,u16 tcolor,u16 bcolor);
..\..\Drivers\Ext_Board\inc\stm32f4xx_nucleo_ExtLCD.h(240): error:  #20: identifier "u16" is undefined
  void DrawCharacter(u16 x,u16 y,u8 ascii,u16 tcolor,u16 bcolor);
..\..\Drivers\Ext_Board\inc\stm32f4xx_nucleo_ExtLCD.h(240): error:  #20: identifier "u8" is undefined
  void DrawCharacter(u16 x,u16 y,u8 ascii,u16 tcolor,u16 bcolor);
..\main\main.c: 0 warnings, 30 errors
compiling stm32f4xx_it.c...
..\..\Drivers\Ext_Board\inc\stm32f4xx_nucleo_ExtLCD.h(231): error:  #20: identifier "u16" is undefined
  void LCD_Write_Char(u16 x,u16 y,const u8 *str,u16 tcolor,u16 bcolor);
..\..\Drivers\Ext_Board\inc\stm32f4xx_nucleo_ExtLCD.h(231): error:  #20: identifier "u16" is undefined
  void LCD_Write_Char(u16 x,u16 y,const u8 *str,u16 tcolor,u16 bcolor);
..\..\Drivers\Ext_Board\inc\stm32f4xx_nucleo_ExtLCD.h(231): error:  #20: identifier "u8" is undefined
  void LCD_Write_Char(u16 x,u16 y,const u8 *str,u16 tcolor,u16 bcolor);
..\..\Drivers\Ext_Board\inc\stm32f4xx_nucleo_ExtLCD.h(231): error:  #20: identifier "u16" is undefined
  void LCD_Write_Char(u16 x,u16 y,const u8 *str,u16 tcolor,u16 bcolor);
..\..\Drivers\Ext_Board\inc\stm32f4xx_nucleo_ExtLCD.h(231): error:  #20: identifier "u16" is undefined
  void LCD_Write_Char(u16 x,u16 y,const u8 *str,u16 tcolor,u16 bcolor);
..\..\Drivers\Ext_Board\inc\stm32f4xx_nucleo_ExtLCD.h(232): error:  #20: identifier "u16" is undefined
  void LCD_Write_Char_On(u16 x,u16 y,const u8 *str,u16 tcolor);
..\..\Drivers\Ext_Board\inc\stm32f4xx_nucleo_ExtLCD.h(232): error:  #20: identifier "u16" is undefined
  void LCD_Write_Char_On(u16 x,u16 y,const u8 *str,u16 tcolor);
..\..\Drivers\Ext_Board\inc\stm32f4xx_nucleo_ExtLCD.h(232): error:  #20: identifier "u8" is undefined
  void LCD_Write_Char_On(u16 x,u16 y,const u8 *str,u16 tcolor);
..\..\Drivers\Ext_Board\inc\stm32f4xx_nucleo_ExtLCD.h(232): error:  #20: identifier "u16" is undefined
  void LCD_Write_Char_On(u16 x,u16 y,const u8 *str,u16 tcolor);
..\..\Drivers\Ext_Board\inc\stm32f4xx_nucleo_ExtLCD.h(234): error:  #20: identifier "u16" is undefined
  void LCD_CHINESE_STR(u16 x,u16 y,const u8 *str,u16 tcolor,u16 bcolor);
..\..\Drivers\Ext_Board\inc\stm32f4xx_nucleo_ExtLCD.h(234): error:  #20: identifier "u16" is undefined
  void LCD_CHINESE_STR(u16 x,u16 y,const u8 *str,u16 tcolor,u16 bcolor);
..\..\Drivers\Ext_Board\inc\stm32f4xx_nucleo_ExtLCD.h(234): error:  #20: identifier "u8" is undefined
  void LCD_CHINESE_STR(u16 x,u16 y,const u8 *str,u16 tcolor,u16 bcolor);
..\..\Drivers\Ext_Board\inc\stm32f4xx_nucleo_ExtLCD.h(234): error:  #20: identifier "u16" is undefined
  void LCD_CHINESE_STR(u16 x,u16 y,const u8 *str,u16 tcolor,u16 bcolor);
..\..\Drivers\Ext_Board\inc\stm32f4xx_nucleo_ExtLCD.h(234): error:  #20: identifier "u16" is undefined
  void LCD_CHINESE_STR(u16 x,u16 y,const u8 *str,u16 tcolor,u16 bcolor);
..\..\Drivers\Ext_Board\inc\stm32f4xx_nucleo_ExtLCD.h(235): error:  #20: identifier "u16" is undefined
  void LCD_CHINESE_STR_ON(u16 x,u16 y,const u8 *str,u16 tcolor);
..\..\Drivers\Ext_Board\inc\stm32f4xx_nucleo_ExtLCD.h(235): error:  #20: identifier "u16" is undefined
  void LCD_CHINESE_STR_ON(u16 x,u16 y,const u8 *str,u16 tcolor);
..\..\Drivers\Ext_Board\inc\stm32f4xx_nucleo_ExtLCD.h(235): error:  #20: identifier "u8" is undefined
  void LCD_CHINESE_STR_ON(u16 x,u16 y,const u8 *str,u16 tcolor);
..\..\Drivers\Ext_Board\inc\stm32f4xx_nucleo_ExtLCD.h(235): error:  #20: identifier "u16" is undefined
  void LCD_CHINESE_STR_ON(u16 x,u16 y,const u8 *str,u16 tcolor);
..\..\Drivers\Ext_Board\inc\stm32f4xx_nucleo_ExtLCD.h(237): error:  #20: identifier "u16" is undefined
  void LCD_STRING(u16 x,u16 y,const u8 *str,u16 tcolor,u16 bcolor);
..\..\Drivers\Ext_Board\inc\stm32f4xx_nucleo_ExtLCD.h(237): error:  #20: identifier "u16" is undefined
  void LCD_STRING(u16 x,u16 y,const u8 *str,u16 tcolor,u16 bcolor);
..\..\Drivers\Ext_Board\inc\stm32f4xx_nucleo_ExtLCD.h(237): error:  #20: identifier "u8" is undefined
  void LCD_STRING(u16 x,u16 y,const u8 *str,u16 tcolor,u16 bcolor);
..\..\Drivers\Ext_Board\inc\stm32f4xx_nucleo_ExtLCD.h(237): error:  #20: identifier "u16" is undefined
  void LCD_STRING(u16 x,u16 y,const u8 *str,u16 tcolor,u16 bcolor);
..\..\Drivers\Ext_Board\inc\stm32f4xx_nucleo_ExtLCD.h(237): error:  #20: identifier "u16" is undefined
  void LCD_STRING(u16 x,u16 y,const u8 *str,u16 tcolor,u16 bcolor);
..\..\Drivers\Ext_Board\inc\stm32f4xx_nucleo_ExtLCD.h(238): error:  #20: identifier "u16" is undefined
  void LCD_STRING_ON(u16 x,u16 y,const u8 *str,u16 tcolor);
..\..\Drivers\Ext_Board\inc\stm32f4xx_nucleo_ExtLCD.h(238): error:  #20: identifier "u16" is undefined
  void LCD_STRING_ON(u16 x,u16 y,const u8 *str,u16 tcolor);
..\..\Drivers\Ext_Board\inc\stm32f4xx_nucleo_ExtLCD.h(238): error:  #20: identifier "u8" is undefined
  void LCD_STRING_ON(u16 x,u16 y,const u8 *str,u16 tcolor);
..\..\Drivers\Ext_Board\inc\stm32f4xx_nucleo_ExtLCD.h(238): error:  #20: identifier "u16" is undefined
  void LCD_STRING_ON(u16 x,u16 y,const u8 *str,u16 tcolor);
..\..\Drivers\Ext_Board\inc\stm32f4xx_nucleo_ExtLCD.h(240): error:  #20: identifier "u16" is undefined
  void DrawCharacter(u16 x,u16 y,u8 ascii,u16 tcolor,u16 bcolor);
..\..\Drivers\Ext_Board\inc\stm32f4xx_nucleo_ExtLCD.h(240): error:  #20: identifier "u16" is undefined
  void DrawCharacter(u16 x,u16 y,u8 ascii,u16 tcolor,u16 bcolor);
..\..\Drivers\Ext_Board\inc\stm32f4xx_nucleo_ExtLCD.h(240): error:  #20: identifier "u8" is undefined
  void DrawCharacter(u16 x,u16 y,u8 ascii,u16 tcolor,u16 bcolor);
..\main\stm32f4xx_it.c: 0 warnings, 30 errors
compiling system_stm32f4xx.c...
compiling stm32f4xx_nucleo.c...
compiling stm32f4xx_nucleo_ExtLCD.c...
..\..\Drivers\Ext_Board\inc\stm32f4xx_nucleo_ExtLCD.h(231): error:  #20: identifier "u16" is undefined
  void LCD_Write_Char(u16 x,u16 y,const u8 *str,u16 tcolor,u16 bcolor);
..\..\Drivers\Ext_Board\inc\stm32f4xx_nucleo_ExtLCD.h(231): error:  #20: identifier "u16" is undefined
  void LCD_Write_Char(u16 x,u16 y,const u8 *str,u16 tcolor,u16 bcolor);
..\..\Drivers\Ext_Board\inc\stm32f4xx_nucleo_ExtLCD.h(231): error:  #20: identifier "u8" is undefined
  void LCD_Write_Char(u16 x,u16 y,const u8 *str,u16 tcolor,u16 bcolor);
..\..\Drivers\Ext_Board\inc\stm32f4xx_nucleo_ExtLCD.h(231): error:  #20: identifier "u16" is undefined
  void LCD_Write_Char(u16 x,u16 y,const u8 *str,u16 tcolor,u16 bcolor);
..\..\Drivers\Ext_Board\inc\stm32f4xx_nucleo_ExtLCD.h(231): error:  #20: identifier "u16" is undefined
  void LCD_Write_Char(u16 x,u16 y,const u8 *str,u16 tcolor,u16 bcolor);
..\..\Drivers\Ext_Board\inc\stm32f4xx_nucleo_ExtLCD.h(232): error:  #20: identifier "u16" is undefined
  void LCD_Write_Char_On(u16 x,u16 y,const u8 *str,u16 tcolor);
..\..\Drivers\Ext_Board\inc\stm32f4xx_nucleo_ExtLCD.h(232): error:  #20: identifier "u16" is undefined
  void LCD_Write_Char_On(u16 x,u16 y,const u8 *str,u16 tcolor);
..\..\Drivers\Ext_Board\inc\stm32f4xx_nucleo_ExtLCD.h(232): error:  #20: identifier "u8" is undefined
  void LCD_Write_Char_On(u16 x,u16 y,const u8 *str,u16 tcolor);
..\..\Drivers\Ext_Board\inc\stm32f4xx_nucleo_ExtLCD.h(232): error:  #20: identifier "u16" is undefined
  void LCD_Write_Char_On(u16 x,u16 y,const u8 *str,u16 tcolor);
..\..\Drivers\Ext_Board\inc\stm32f4xx_nucleo_ExtLCD.h(234): error:  #20: identifier "u16" is undefined
  void LCD_CHINESE_STR(u16 x,u16 y,const u8 *str,u16 tcolor,u16 bcolor);
..\..\Drivers\Ext_Board\inc\stm32f4xx_nucleo_ExtLCD.h(234): error:  #20: identifier "u16" is undefined
  void LCD_CHINESE_STR(u16 x,u16 y,const u8 *str,u16 tcolor,u16 bcolor);
..\..\Drivers\Ext_Board\inc\stm32f4xx_nucleo_ExtLCD.h(234): error:  #20: identifier "u8" is undefined
  void LCD_CHINESE_STR(u16 x,u16 y,const u8 *str,u16 tcolor,u16 bcolor);
..\..\Drivers\Ext_Board\inc\stm32f4xx_nucleo_ExtLCD.h(234): error:  #20: identifier "u16" is undefined
  void LCD_CHINESE_STR(u16 x,u16 y,const u8 *str,u16 tcolor,u16 bcolor);
..\..\Drivers\Ext_Board\inc\stm32f4xx_nucleo_ExtLCD.h(234): error:  #20: identifier "u16" is undefined
  void LCD_CHINESE_STR(u16 x,u16 y,const u8 *str,u16 tcolor,u16 bcolor);
..\..\Drivers\Ext_Board\inc\stm32f4xx_nucleo_ExtLCD.h(235): error:  #20: identifier "u16" is undefined
  void LCD_CHINESE_STR_ON(u16 x,u16 y,const u8 *str,u16 tcolor);
..\..\Drivers\Ext_Board\inc\stm32f4xx_nucleo_ExtLCD.h(235): error:  #20: identifier "u16" is undefined
  void LCD_CHINESE_STR_ON(u16 x,u16 y,const u8 *str,u16 tcolor);
..\..\Drivers\Ext_Board\inc\stm32f4xx_nucleo_ExtLCD.h(235): error:  #20: identifier "u8" is undefined
  void LCD_CHINESE_STR_ON(u16 x,u16 y,const u8 *str,u16 tcolor);
..\..\Drivers\Ext_Board\inc\stm32f4xx_nucleo_ExtLCD.h(235): error:  #20: identifier "u16" is undefined
  void LCD_CHINESE_STR_ON(u16 x,u16 y,const u8 *str,u16 tcolor);
..\..\Drivers\Ext_Board\inc\stm32f4xx_nucleo_ExtLCD.h(237): error:  #20: identifier "u16" is undefined
  void LCD_STRING(u16 x,u16 y,const u8 *str,u16 tcolor,u16 bcolor);
..\..\Drivers\Ext_Board\inc\stm32f4xx_nucleo_ExtLCD.h(237): error:  #20: identifier "u16" is undefined
  void LCD_STRING(u16 x,u16 y,const u8 *str,u16 tcolor,u16 bcolor);
..\..\Drivers\Ext_Board\inc\stm32f4xx_nucleo_ExtLCD.h(237): error:  #20: identifier "u8" is undefined
  void LCD_STRING(u16 x,u16 y,const u8 *str,u16 tcolor,u16 bcolor);
..\..\Drivers\Ext_Board\inc\stm32f4xx_nucleo_ExtLCD.h(237): error:  #20: identifier "u16" is undefined
  void LCD_STRING(u16 x,u16 y,const u8 *str,u16 tcolor,u16 bcolor);
..\..\Drivers\Ext_Board\inc\stm32f4xx_nucleo_ExtLCD.h(237): error:  #20: identifier "u16" is undefined
  void LCD_STRING(u16 x,u16 y,const u8 *str,u16 tcolor,u16 bcolor);
..\..\Drivers\Ext_Board\inc\stm32f4xx_nucleo_ExtLCD.h(238): error:  #20: identifier "u16" is undefined
  void LCD_STRING_ON(u16 x,u16 y,const u8 *str,u16 tcolor);
..\..\Drivers\Ext_Board\inc\stm32f4xx_nucleo_ExtLCD.h(238): error:  #20: identifier "u16" is undefined
  void LCD_STRING_ON(u16 x,u16 y,const u8 *str,u16 tcolor);
..\..\Drivers\Ext_Board\inc\stm32f4xx_nucleo_ExtLCD.h(238): error:  #20: identifier "u8" is undefined
  void LCD_STRING_ON(u16 x,u16 y,const u8 *str,u16 tcolor);
..\..\Drivers\Ext_Board\inc\stm32f4xx_nucleo_ExtLCD.h(238): error:  #20: identifier "u16" is undefined
  void LCD_STRING_ON(u16 x,u16 y,const u8 *str,u16 tcolor);
..\..\Drivers\Ext_Board\inc\stm32f4xx_nucleo_ExtLCD.h(240): error:  #20: identifier "u16" is undefined
  void DrawCharacter(u16 x,u16 y,u8 ascii,u16 tcolor,u16 bcolor);
..\..\Drivers\Ext_Board\inc\stm32f4xx_nucleo_ExtLCD.h(240): error:  #20: identifier "u16" is undefined
  void DrawCharacter(u16 x,u16 y,u8 ascii,u16 tcolor,u16 bcolor);
..\..\Drivers\Ext_Board\inc\stm32f4xx_nucleo_ExtLCD.h(240): error:  #20: identifier "u8" is undefined
  void DrawCharacter(u16 x,u16 y,u8 ascii,u16 tcolor,u16 bcolor);
..\..\Drivers\Ext_Board\src\stm32f4xx_nucleo_ExtLCD.c: 0 warnings, 30 errors
compiling stm32f4xx_nucleo_ExtSD.c...
compiling stm32f4xx_hal.c...
compiling stm32f4xx_hal_cortex.c...
compiling stm32f4xx_hal_dma.c...
compiling stm32f4xx_hal_dma_ex.c...
compiling stm32f4xx_hal_flash.c...
compiling stm32f4xx_hal_flash_ex.c...
compiling stm32f4xx_hal_gpio.c...
compiling stm32f4xx_hal_pwr.c...
compiling stm32f4xx_hal_pwr_ex.c...
compiling stm32f4xx_hal_rcc.c...
compiling stm32f4xx_hal_rcc_ex.c...
compiling stm32f4xx_hal_spi.c...
compiling diskio.c...
compiling ff.c...
compiling ff_gen_drv.c...
compiling sd_diskio.c...
".\opt\lcd_comp.axf" - 90 Error(s), 0 Warning(s).
Target not created
