<html>
<body>
<pre>
<h1>µVision Build Log</h1>
<h2>Project:</h2>
D:\CODE\Keil MDK\STM32F401RE-nucleo\MyProj\Ext_SD\proj\sd.uvproj
Project File Date:  09/23/2014

<h2>Output:</h2>
Build target 'Target 1'
assembling startup_stm32f401xe.s...
compiling main.c...
compiling stm32f4xx_it.c...
compiling system_stm32f4xx.c...
compiling stm32f4xx_nucleo.c...
compiling stm32f4xx_nucleo_ExtLCD.c...
compiling stm32f4xx_hal.c...
compiling stm32f4xx_hal_cortex.c...
compiling stm32f4xx_hal_flash.c...
compiling stm32f4xx_hal_flash_ex.c...
compiling stm32f4xx_hal_gpio.c...
compiling stm32f4xx_hal_rcc.c...
compiling stm32f4xx_hal_rcc_ex.c...
linking...
Program Size: Code=4488 RO-data=3520 RW-data=88 ZI-data=1024  
".\opt\sd.axf" - 0 Error(s), 0 Warning(s).
</pre>
</body>
</html>
