<html>
<body>
<pre>
<h1>µVision Build Log</h1>
<h2>Tool Versions:</h2>
IDE-Version: ¦ÌVision V5.12.0.0
Copyright (C) 2014 ARM Ltd and ARM Germany GmbH. All rights reserved.
License Information: CKY CKY, NTRG, LIC=LSNLQ-NNZSE-1PNZ5-G9TR8-VNY09-SQAGW
 
Tool Versions:
Toolchain:       MDK-ARM Standard  Version: 5.12.0.0
Toolchain Path:  D:\KEIL MDK\Setup\ARM\ARMCC\Bin
C Compiler:      Armcc.exe V5.05 (build 41)
Assembler:       Armasm.exe V5.05 (build 41)
Linker/Locator:  ArmLink.exe V5.05 (build 41)
Library Manager: ArmAr.exe V5.05 (build 41)
Hex Converter:   FromElf.exe V5.05 (build 41)
CPU DLL:         SARMCM3.DLL V5.12.0.0
Dialog DLL:      DCM.DLL V1.13.0.0
    Target DLL: STLink\ST-LINKIII-KEIL_SWO.dll
Dialog DLL:      TCM.DLL V1.14.2.0
 
<h2>Project:</h2>
D:\CODE\Keil MDK\STM32F401RE_Nucleo_Demo\MyProj\Ext_FreeRTOS\proj\freertos.uvproj
Project File Date:  10/08/2014

<h2>Output:</h2>
Build target 'Target 1'
compiling main.c...
linking...
Program Size: Code=5440 RO-data=608 RW-data=180 ZI-data=26964  
".\Objects\freertos.axf" - 0 Error(s), 0 Warning(s).

<h2>Collection of Component include folders:</h2>
  D:\CODE\Keil MDK\STM32F401RE_Nucleo_Demo\MyProj\Ext_FreeRTOS\proj\RTE
  D:\KEIL MDK\Setup\ARM\PACK\Keil\STM32F4xx_DFP\1.0.8\Device\Include

<h2>Collection of Component Files used:</h2>
</pre>
</body>
</html>
STM32F401RE_Nucleo_Demo\\MyProj\\Ext_FreeRTOS\\proj\\Objects\\freertos.axf" 
Erase Done.
Programming Done.
Verify OK.
stm32f4xx_hal_rcc_ex.c...
compiling stm32f4xx_hal_spi.c...
compiling croutine.c...
compiling list.c...
compiling queue.c...
compiling tasks.c...
compiling timers.c...
compiling port.c...
compiling heap_4.c...
compiling cmsis_os.c...
linking...
Program Size: Code=5376 RO-data=512 RW-data=180 ZI-data=26964  
".\Objects\freertos.axf" - 0 Error(s), 0 Warning(s).

<h2>Collection of Component include folders:</h2>
  D:\CODE\Keil MDK\STM32F401RE_Nucleo_Demo\MyProj\Ext_FreeRTOS\proj\RTE
  D:\KEIL MDK\Setup\ARM\PACK\Keil\STM32F4xx_DFP\1.0.8\Device\Include

<h2>Collection of Component Files used:</h2>
edulerState" declared implicitly
    if (xTaskGetSchedulerState() != taskSCHEDULER_NOT_STARTED)
..\main\stm32f4xx_it.c(160): error:  #20: identifier "taskSCHEDULER_NOT_STARTED" is undefined
    if (xTaskGetSchedulerState() != taskSCHEDULER_NOT_STARTED)
..\main\stm32f4xx_it.c: 1 warning, 1 error
compiling cpu_utils.c...
..\src\cpu_utils.c(62): error:  #20: identifier "xTaskHandle" is undefined
  xTaskHandle    xIdleHandle = NULL;
..\src\cpu_utils.c(79): warning:  #223-D: function "xTaskGetCurrentTaskHandle" declared implicitly
      xIdleHandle = xTaskGetCurrentTaskHandle();
..\src\cpu_utils.c(112): warning:  #223-D: function "xTaskGetCurrentTaskHandle" declared implicitly
    if( xTaskGetCurrentTaskHandle() == xIdleHandle ) 
..\src\cpu_utils.c(114): warning:  #223-D: function "xTaskGetTickCount" declared implicitly
      osCPU_IdleStartTime = xTaskGetTickCount();
..\src\cpu_utils.c(125): warning:  #223-D: function "xTaskGetCurrentTaskHandle" declared implicitly
    if( xTaskGetCurrentTaskHandle() == xIdleHandle )
..\src\cpu_utils.c(128): warning:  #223-D: function "xTaskGetTickCount" declared implicitly
      osCPU_IdleSpentTime = xTaskGetTickCount() - osCPU_IdleStartTime;
..\src\cpu_utils.c: 5 warnings, 1 error
compiling croutine.c...
compiling list.c...
compiling queue.c...
compiling tasks.c...
compiling timers.c...
compiling port.c...
compiling heap_4.c...
compiling cmsis_os.c...
".\Objects\freertos.axf" - 4 Error(s), 11 Warning(s).

<h2>Collection of Component include folders:</h2>
  D:\CODE\Keil MDK\STM32F401RE_Nucleo_Demo\MyProj\Ext_FreeRTOS\proj\RTE
  D:\KEIL MDK\Setup\ARM\PACK\Keil\STM32F4xx_DFP\1.0.8\Device\Include

<h2>Collection of Component Files used:</h2>
Target not created.
ef_t pool_def = {queue_def->queue_sz, queue_def->item_sz};
..\..\Middlewares\Third_Party\FreeRTOS\Source\CMSIS_RTOS\cmsis_os.c(873): error:  #28: expression must have a constant value
    osPoolDef_t pool_def = {queue_def->queue_sz, queue_def->item_sz};
..\..\Middlewares\Third_Party\FreeRTOS\Source\CMSIS_RTOS\cmsis_os.c(873): error:  #28: expression must have a constant value
    osPoolDef_t pool_def = {queue_def->queue_sz, queue_def->item_sz};
..\..\Middlewares\Third_Party\FreeRTOS\Source\CMSIS_RTOS\cmsis_os.c(911): error:  #268: declaration may not appear after executable statement in block
    void *p;
..\..\Middlewares\Third_Party\FreeRTOS\Source\CMSIS_RTOS\cmsis_os.c: 0 warnings, 5 errors
".\Objects\freertos.axf" - 10 Error(s), 6 Warning(s).

<h2>Collection of Component include folders:</h2>
  D:\CODE\Keil MDK\STM32F401RE_Nucleo_Demo\MyProj\Ext_FreeRTOS\proj\RTE
  D:\KEIL MDK\Setup\ARM\PACK\Keil\STM32F4xx_DFP\1.0.8\Device\Include

<h2>Collection of Component Files used:</h2>
Target not created.
