<html>
<body>
<pre>
<h1>µVision Build Log</h1>
<h2>Project:</h2>
D:\CODE\Keil MDK\STM32F401RE_Nucleo_Demo\MyProj\Ext_TIMDelay\proj\delay_tim.uvproj
Project File Date:  09/29/2014

<h2>Output:</h2>
Build target 'Target 1'
compiling main.c...
compiling stm32f4xx_it.c...
compiling stm32f4xx_nucleo_ExtTIMDelay.c...
linking...
Program Size: Code=8096 RO-data=3520 RW-data=88 ZI-data=1232  
".\opt\delay_tim.axf" - 0 Error(s), 0 Warning(s).
Load "D:\\CODE\\Keil MDK\\STM32F401RE_Nucleo_Demo\\MyProj\\Ext_TIMDelay\\proj\\opt\\delay_tim.axf" 
Erase Done.
Programming Done.
Verify OK.
\MyProj\\Ext_TIMDelay\\proj\\opt\\delay_tim.axf" 
Erase Done.
Programming Done.
Verify OK.
compiling stm32f4xx_hal_flash.c...
compiling stm32f4xx_hal_flash_ex.c...
compiling stm32f4xx_hal_gpio.c...
compiling stm32f4xx_hal_pwr.c...
compiling stm32f4xx_hal_pwr_ex.c...
compiling stm32f4xx_hal_rcc.c...
compiling stm32f4xx_hal_rcc_ex.c...
compiling stm32f4xx_hal_spi.c...
compiling stm32f4xx_hal_tim.c...
compiling stm32f4xx_hal_tim_ex.c...
linking...
Program Size: Code=7944 RO-data=3520 RW-data=88 ZI-data=1232  
".\opt\delay_tim.axf" - 0 Error(s), 0 Warning(s).
Load "D:\\CODE\\Keil MDK\\STM32F401RE_Nucleo_Demo\\MyProj\\Ext_TIMDelay\\proj\\opt\\delay_tim.axf" 
Erase Done.
Programming Done.
Verify OK.
ndefined symbol Delay_TIM_Init (referred from main.o).
.\opt\delay_tim.axf: Error: L6218E: Undefined symbol TIM_Delay_us (referred from main.o).
.\opt\delay_tim.axf: Error: L6218E: Undefined symbol Delay_TIM_IRQHandler (referred from stm32f4xx_it.o).
Not enough information to list image symbols.
Finished: 1 information, 0 warning and 3 error messages.
".\opt\delay_tim.axf" - 3 Error(s), 2 Warning(s).
Target not created
