<html>
<body>
<pre>
<h1>µVision Build Log</h1>
<h2>Tool Versions:</h2>
IDE-Version: ¦ÌVision V5.12.0.0
Copyright (C) 2014 ARM Ltd and ARM Germany GmbH. All rights reserved.
License Information: CKY CKY, NTRG, LIC=LSNLQ-NNZSE-1PNZ5-G9TR8-VNY09-SQAGW
 
Tool Versions:
Toolchain:       MDK-ARM Standard  Version: 5.12.0.0
Toolchain Path:  D:\KEIL MDK\Setup\ARM\ARMCC\Bin
C Compiler:      Armcc.exe V5.05 (build 41)
Assembler:       Armasm.exe V5.05 (build 41)
Linker/Locator:  ArmLink.exe V5.05 (build 41)
Library Manager: ArmAr.exe V5.05 (build 41)
Hex Converter:   FromElf.exe V5.05 (build 41)
CPU DLL:         SARMCM3.DLL V5.12.0.0
Dialog DLL:      DCM.DLL V1.13.0.0
    Target DLL: STLink\ST-LINKIII-KEIL_SWO.dll
Dialog DLL:      TCM.DLL V1.14.2.0
 
<h2>Project:</h2>
D:\CODE\Keil MDK\STM32F401RE_Nucleo_Demo\MyProj\Ext_MPU6050\proj\mpu6050.uvprojx
Project File Date:  10/10/2014

<h2>Output:</h2>
Build target 'Target 1'
compiling stm32f4xx_nucleo_ExtMPU6050.c...
linking...
Program Size: Code=13364 RO-data=3520 RW-data=88 ZI-data=1192  
".\Objects\mpu6050.axf" - 0 Error(s), 0 Warning(s).

<h2>Collection of Component include folders:</h2>
  D:\CODE\Keil MDK\STM32F401RE_Nucleo_Demo\MyProj\Ext_MPU6050\proj\RTE
  D:\KEIL MDK\Setup\ARM\PACK\Keil\STM32F4xx_DFP\2.2.0\Drivers\CMSIS\Device\ST\STM32F4xx\Include

<h2>Collection of Component Files used:</h2>
Load "D:\\CODE\\Keil MDK\\STM32F401RE_Nucleo_Demo\\MyProj\\Ext_MPU6050\\proj\\Objects\\mpu6050.axf" 
Erase Done.
Programming Done.
Verify OK.
</pre>
</body>
</html>
ming Done.
Verify OK.
 -  "Cortex-M4"

ed implicitly
        I2Cx_WriteMultiple(DeviceAddr, RegisterAddr, I2C_MEMADD_SIZE_16BIT, &RegisterValue, 1);
..\src\stm32f4xx_nucleo_ExtMPU6050.c(212): warning:  #223-D: function "I2Cx_ReadMultiple" declared implicitly
        I2Cx_ReadMultiple(DeviceAddr, RegisterAddr, I2C_MEMADD_SIZE_16BIT, &REG_data, 1);
..\src\stm32f4xx_nucleo_ExtMPU6050.c(243): error:  #20: identifier "bool" is undefined
  static bool I2C_START(void)
..\src\stm32f4xx_nucleo_ExtMPU6050.c(248): error:  #20: identifier "FALSE" is undefined
        if(!SDA_Status())return FALSE;
..\src\stm32f4xx_nucleo_ExtMPU6050.c(251): error:  #20: identifier "FALSE" is undefined
        if(SDA_Status()) return FALSE;
..\src\stm32f4xx_nucleo_ExtMPU6050.c(254): error:  #20: identifier "TRUE" is undefined
        return TRUE;
..\src\stm32f4xx_nucleo_ExtMPU6050.c(313): error:  #20: identifier "bool" is undefined
  static bool I2C_WaitAck(void)
..\src\stm32f4xx_nucleo_ExtMPU6050.c(325): error:  #20: identifier "FALSE" is undefined
                return FALSE;
..\src\stm32f4xx_nucleo_ExtMPU6050.c(329): error:  #20: identifier "TRUE" is undefined
        return TRUE;
..\src\stm32f4xx_nucleo_ExtMPU6050.c(407): error:  #20: identifier "INT_Mode" is undefined
        if(INT_Mode == INT_MODE_GPIO)
..\src\stm32f4xx_nucleo_ExtMPU6050.c(407): error:  #20: identifier "INT_MODE_GPIO" is undefined
        if(INT_Mode == INT_MODE_GPIO)
..\src\stm32f4xx_nucleo_ExtMPU6050.c(410): error:  #20: identifier "GPIOG" is undefined
                HAL_GPIO_Init(MPU6050_I2C_INT_GPIO_PORT, &GPIO_InitStructure);
..\src\stm32f4xx_nucleo_ExtMPU6050.c(413): error:  #20: identifier "INT_Mode" is undefined
        if(INT_Mode == INT_MODE_EXIT)
..\src\stm32f4xx_nucleo_ExtMPU6050.c(413): error:  #20: identifier "INT_MODE_EXIT" is undefined
        if(INT_Mode == INT_MODE_EXIT)
..\src\stm32f4xx_nucleo_ExtMPU6050.c(416): error:  #20: identifier "GPIOG" is undefined
                HAL_GPIO_Init(MPU6050_I2C_INT_GPIO_PORT, &GPIO_InitStructure);
..\src\stm32f4xx_nucleo_ExtMPU6050.c(431): error:  #20: identifier "DELAY_TIME" is undefined
        uint16_t times = DELAY_TIME;
..\src\stm32f4xx_nucleo_ExtMPU6050.c(243): warning:  #177-D: function "I2C_START" was declared but never referenced
  static bool I2C_START(void)
..\src\stm32f4xx_nucleo_ExtMPU6050.c(262): warning:  #177-D: function "I2C_STOP" was declared but never referenced
  static void I2C_STOP(void)
..\src\stm32f4xx_nucleo_ExtMPU6050.c(296): warning:  #177-D: function "I2C_NoAck" was declared but never referenced
  static void I2C_NoAck(void)
..\src\stm32f4xx_nucleo_ExtMPU6050.c(313): warning:  #177-D: function "I2C_WaitAck" was declared but never referenced
  static bool I2C_WaitAck(void)
..\src\stm32f4xx_nucleo_ExtMPU6050.c(337): warning:  #177-D: function "I2C_SendByte" was declared but never referenced
  static void I2C_SendByte(uint8_t SendByte)
..\src\stm32f4xx_nucleo_ExtMPU6050.c(359): warning:  #177-D: function "I2C_ReadByte" was declared but never referenced
  static uint8_t I2C_ReadByte(void)
..\src\stm32f4xx_nucleo_ExtMPU6050.c: 8 warnings, 16 errors
compiling stm32f4xx_hal.c...
compiling stm32f4xx_hal_cortex.c...
compiling stm32f4xx_hal_dma.c...
compiling stm32f4xx_hal_dma_ex.c...
compiling stm32f4xx_hal_flash.c...
".\Objects\mpu6050.axf" - 16 Error(s), 8 Warning(s).

<h2>Collection of Component include folders:</h2>
  D:\CODE\Keil MDK\STM32F401RE_Nucleo_Demo\MyProj\Ext_MPU6050\proj\RTE
  D:\KEIL MDK\Setup\ARM\PACK\Keil\STM32F4xx_DFP\2.2.0\Drivers\CMSIS\Device\ST\STM32F4xx\Include

<h2>Collection of Component Files used:</h2>
Project build/rebuild aborted.
