<html>
<body>
<pre>
<h1>µVision Build Log</h1>
<h2>Tool Versions:</h2>
IDE-Version: ¦ÌVision V5.12.0.0
Copyright (C) 2014 ARM Ltd and ARM Germany GmbH. All rights reserved.
License Information: CKY CKY, NTRG, LIC=LSNLQ-NNZSE-1PNZ5-G9TR8-VNY09-SQAGW
 
Tool Versions:
Toolchain:       MDK-ARM Standard  Version: 5.12.0.0
Toolchain Path:  D:\KEIL MDK\Setup\ARM\ARMCC\Bin
C Compiler:      Armcc.exe V5.05 (build 41)
Assembler:       Armasm.exe V5.05 (build 41)
Linker/Locator:  ArmLink.exe V5.05 (build 41)
Library Manager: ArmAr.exe V5.05 (build 41)
Hex Converter:   FromElf.exe V5.05 (build 41)
CPU DLL:         SARMCM3.DLL V5.12.0.0
Dialog DLL:      DCM.DLL V1.13.0.0
    Target DLL: STLink\ST-LINKIII-KEIL_SWO.dll
Dialog DLL:      TCM.DLL V1.14.2.0
 
<h2>Project:</h2>
D:\CODE\Keil MDK\STM32F401RE_Nucleo_Demo\MyProj\Ext_infrared\proj\infrared.uvprojx
Project File Date:  10/01/2014

<h2>Output:</h2>
Build target 'Target 1'
compiling main.c...
compiling stm32f4xx_it.c...
compiling system_stm32f4xx.c...
compiling stm32f4xx_nucleo.c...
compiling stm32f4xx_nucleo_ExtLCD.c...
compiling stm32f4xx_nucleo_Ext25Q16.c...
compiling stm32f4xx_nucleo_ExtLCDBK.c...
compiling stm32f4xx_nucleo_ExtInfr_Rot.c...
compiling stm32f4xx_hal.c...
compiling stm32f4xx_hal_cortex.c...
compiling stm32f4xx_hal_dma.c...
compiling stm32f4xx_hal_dma_ex.c...
compiling stm32f4xx_hal_flash.c...
compiling stm32f4xx_hal_flash_ex.c...
compiling stm32f4xx_hal_gpio.c...
compiling stm32f4xx_hal_pwr.c...
compiling stm32f4xx_hal_pwr_ex.c...
compiling stm32f4xx_hal_rcc.c...
compiling stm32f4xx_hal_rcc_ex.c...
compiling stm32f4xx_hal_spi.c...
compiling stm32f4xx_hal_tim.c...
compiling stm32f4xx_hal_tim_ex.c...
linking...
Program Size: Code=10124 RO-data=3520 RW-data=116 ZI-data=1268  
".\Objects\infrared.axf" - 0 Error(s), 0 Warning(s).

<h2>Collection of Component include folders:</h2>
  D:\CODE\Keil MDK\STM32F401RE_Nucleo_Demo\MyProj\Ext_infrared\proj\RTE
  D:\KEIL MDK\Setup\ARM\PACK\Keil\STM32F4xx_DFP\1.0.8\Device\Include

<h2>Collection of Component Files used:</h2>
Load "D:\\CODE\\Keil MDK\\STM32F401RE_Nucleo_Demo\\MyProj\\Ext_infrared\\proj\\Objects\\infrared.axf" 
Erase Done.
Programming Done.
Verify OK.
</pre>
</body>
</html>
