<html>
<body>
<pre>
<h1>µVision Build Log</h1>
<h2>Project:</h2>
D:\CODE\Keil MDK\STM32F401RE-nucleo\MyProj\Ext_UART_Printf\proj\uart.uvproj
Project File Date:  09/26/2014

<h2>Output:</h2>
Build target 'Target 1'
compiling main.c...
compiling stm32f4xx_it.c...
compiling UART_Printf.c...
linking...
Program Size: Code=7684 RO-data=3600 RW-data=168 ZI-data=1168  
".\opt\uart.axf" - 0 Error(s), 0 Warning(s).
Load "D:\\CODE\\Keil MDK\\STM32F401RE-nucleo\\MyProj\\Ext_UART_Printf\\proj\\opt\\uart.axf" 
Erase Done.
Programming Done.
Verify OK.
CD.c...
compiling stm32f4xx_nucleo_Ext25Q16.c...
compiling UART_Printf.c...
compiling stm32f4xx_hal.c...
compiling stm32f4xx_hal_cortex.c...
compiling stm32f4xx_hal_dma.c...
compiling stm32f4xx_hal_dma_ex.c...
compiling stm32f4xx_hal_flash.c...
compiling stm32f4xx_hal_flash_ex.c...
compiling stm32f4xx_hal_gpio.c...
compiling stm32f4xx_hal_pwr.c...
compiling stm32f4xx_hal_pwr_ex.c...
compiling stm32f4xx_hal_rcc.c...
compiling stm32f4xx_hal_rcc_ex.c...
compiling stm32f4xx_hal_spi.c...
compiling stm32f4xx_hal_uart.c...
linking...
Program Size: Code=7688 RO-data=3600 RW-data=168 ZI-data=1168  
".\opt\uart.axf" - 0 Error(s), 1 Warning(s).
