<html>
<body>
<pre>
<h1>µVision Build Log</h1>
<h2>Project:</h2>
D:\CODE\Keil MDK\STM32F401RE-nucleo\MyProj\SPI_FullDuplex_DMA\proj\SPI_DMA.uvproj
Project File Date:  07/03/2014

<h2>Output:</h2>
Build target 'Target 1'
linking...
Program Size: Code=8116 RO-data=460 RW-data=144 ZI-data=1544  
".\opt\SPI_DMA.axf" - 0 Error(s), 0 Warning(s).
Load "D:\\CODE\\Keil MDK\\STM32F401RE-nucleo\\MyProj\\SPI_FullDuplex_DMA\\proj\\opt\\SPI_DMA.axf" 
Erase Done.
Programming Done.
Verify OK.
32f4xx_hal_dma.c...
compiling stm32f4xx_hal_flash.c...
compiling stm32f4xx_hal_flash_ex.c...
compiling stm32f4xx_hal_gpio.c...
compiling stm32f4xx_hal_rcc.c...
compiling stm32f4xx_hal_rcc_ex.c...
compiling stm32f4xx_hal_spi.c...
linking...
Program Size: Code=8160 RO-data=460 RW-data=144 ZI-data=1544  
".\opt\SPI_DMA.axf" - 0 Error(s), 0 Warning(s).
