<html>
<body>
<pre>
<h1>µVision Build Log</h1>
<h2>Project:</h2>
D:\CODE\Keil MDK\STM32F401RE_Nucleo_Demo\MyProj\Ext_EEPROM\proj\eeprom.uvproj
Project File Date:  09/28/2014

<h2>Output:</h2>
Build target 'Target 1'
compiling main.c...
linking...
Program Size: Code=9328 RO-data=3520 RW-data=184 ZI-data=1376  
".\opt\eeprom.axf" - 0 Error(s), 0 Warning(s).
Load "D:\\CODE\\Keil MDK\\STM32F401RE_Nucleo_Demo\\MyProj\\Ext_EEPROM\\proj\\opt\\eeprom.axf" 
Erase Done.
Programming Done.
Verify OK.
</pre>
</body>
</html>
mpiling stm32f4xx_hal_cortex.c...
compiling stm32f4xx_hal_dma.c...
compiling stm32f4xx_hal_dma_ex.c...
compiling stm32f4xx_hal_flash.c...
compiling stm32f4xx_hal_flash_ex.c...
compiling stm32f4xx_hal_gpio.c...
compiling stm32f4xx_hal_i2c.c...
compiling stm32f4xx_hal_i2c_ex.c...
compiling stm32f4xx_hal_pwr.c...
compiling stm32f4xx_hal_pwr_ex.c...
compiling stm32f4xx_hal_rcc.c...
compiling stm32f4xx_hal_rcc_ex.c...
compiling stm32f4xx_hal_spi.c...
linking...
Program Size: Code=9252 RO-data=3520 RW-data=184 ZI-data=1376  
".\opt\eeprom.axf" - 0 Error(s), 0 Warning(s).
Load "D:\\CODE\\Keil MDK\\STM32F401RE_Nucleo_Demo\\MyProj\\Ext_EEPROM\\proj\\opt\\eeprom.axf" 
Erase Done.
Programming Done.
Verify OK.
x_hal_flash_ex.c...
compiling stm32f4xx_hal_gpio.c...
compiling stm32f4xx_hal_i2c.c...
compiling stm32f4xx_hal_i2c_ex.c...
compiling stm32f4xx_hal_pwr.c...
compiling stm32f4xx_hal_pwr_ex.c...
compiling stm32f4xx_hal_rcc.c...
compiling stm32f4xx_hal_rcc_ex.c...
compiling stm32f4xx_hal_spi.c...
linking...
Program Size: Code=9252 RO-data=3520 RW-data=184 ZI-data=1376  
".\opt\eeprom.axf" - 0 Error(s), 3 Warning(s).
