<html>
<body>
<pre>
<h1>µVision Build Log</h1>
<h2>Project:</h2>
D:\CODE\Keil MDK\STM32F401RE-nucleo\MyProj\Ext_LCD\proj\ext_lcd.uvproj
Project File Date:  09/22/2014

<h2>Output:</h2>
Build target 'Target 1'
linking...
Program Size: Code=3684 RO-data=3520 RW-data=80 ZI-data=1024  
".\opt\ext_lcd.axf" - 0 Error(s), 0 Warning(s).
Load "D:\\CODE\\Keil MDK\\STM32F401RE-nucleo\\MyProj\\Ext_LCD\\proj\\opt\\ext_lcd.axf" 
Erase Done.
Programming Done.
Verify OK.
\\ext_lcd.axf" 
Erase Done.
Programming Done.
Verify OK.
Error(s), 1 Warning(s).
iling stm32f4xx_hal_gpio.c...
compiling stm32f4xx_hal_rcc.c...
compiling stm32f4xx_hal_rcc_ex.c...
linking...
Program Size: Code=2696 RO-data=480 RW-data=64 ZI-data=1024  
".\opt\ext_lcd.axf" - 0 Error(s), 0 Warning(s).
