Component: ARM Compiler 5.05 (build 41) Tool: armlink [4d0eb9]

==============================================================================

Section Cross References

    startup_stm32f401xe.o(RESET) refers to startup_stm32f401xe.o(STACK) for __initial_sp
    startup_stm32f401xe.o(RESET) refers to startup_stm32f401xe.o(.text) for Reset_Handler
    startup_stm32f401xe.o(RESET) refers to stm32f4xx_it.o(i.NMI_Handler) for NMI_Handler
    startup_stm32f401xe.o(RESET) refers to stm32f4xx_it.o(i.HardFault_Handler) for HardFault_Handler
    startup_stm32f401xe.o(RESET) refers to stm32f4xx_it.o(i.MemManage_Handler) for MemManage_Handler
    startup_stm32f401xe.o(RESET) refers to stm32f4xx_it.o(i.BusFault_Handler) for BusFault_Handler
    startup_stm32f401xe.o(RESET) refers to stm32f4xx_it.o(i.UsageFault_Handler) for UsageFault_Handler
    startup_stm32f401xe.o(RESET) refers to stm32f4xx_it.o(i.SVC_Handler) for SVC_Handler
    startup_stm32f401xe.o(RESET) refers to stm32f4xx_it.o(i.DebugMon_Handler) for DebugMon_Handler
    startup_stm32f401xe.o(RESET) refers to stm32f4xx_it.o(i.PendSV_Handler) for PendSV_Handler
    startup_stm32f401xe.o(RESET) refers to stm32f4xx_it.o(i.SysTick_Handler) for SysTick_Handler
    startup_stm32f401xe.o(.text) refers to system_stm32f4xx.o(i.SystemInit) for SystemInit
    startup_stm32f401xe.o(.text) refers to entry.o(.ARM.Collect$$$$00000000) for __main
    main.o(i.Error_Handler) refers to stm32f4xx_nucleo.o(i.BSP_LED_Toggle) for BSP_LED_Toggle
    main.o(i.Error_Handler) refers to stm32f4xx_hal.o(i.HAL_Delay) for HAL_Delay
    main.o(i.SystemClock_Config) refers to stm32f4xx_hal_rcc.o(i.HAL_RCC_OscConfig) for HAL_RCC_OscConfig
    main.o(i.SystemClock_Config) refers to stm32f4xx_hal_rcc.o(i.HAL_RCC_ClockConfig) for HAL_RCC_ClockConfig
    main.o(i.SystemClock_Config) refers to main.o(i.Error_Handler) for Error_Handler
    main.o(i.main) refers to stm32f4xx_hal.o(i.HAL_Init) for HAL_Init
    main.o(i.main) refers to main.o(i.SystemClock_Config) for SystemClock_Config
    main.o(i.main) refers to stm32f4xx_nucleo.o(i.BSP_LED_Init) for BSP_LED_Init
    main.o(i.main) refers to stm32f4xx_nucleo_extlcd.o(i.LCD_Init) for LCD_Init
    main.o(i.main) refers to stm32f4xx_nucleo_extlcd.o(i.LCD_Clear) for LCD_Clear
    main.o(i.main) refers to stm32f4xx_nucleo_extlcd.o(i.LCD_SetDisplayDirect) for LCD_SetDisplayDirect
    main.o(i.main) refers to stm32f4xx_nucleo_extlcd.o(i.LCD_GetFont) for LCD_GetFont
    main.o(i.main) refers to stm32f4xx_nucleo_extlcd.o(i.LCD_DisplayStringLine) for LCD_DisplayStringLine
    main.o(i.main) refers to stm32f4xx_nucleo_ext25q16.o(i.W25Q16_Init) for W25Q16_Init
    main.o(i.main) refers to stm32f4xx_hal.o(i.HAL_Delay) for HAL_Delay
    main.o(i.main) refers to stm32f4xx_nucleo_ext25q16.o(i.SPI_Flash_ReadID) for SPI_Flash_ReadID
    main.o(i.main) refers to stm32f4xx_nucleo_extlcdbk.o(i.BK_LED_TIMx_Config) for BK_LED_TIMx_Config
    main.o(i.main) refers to stm32f4xx_nucleo_extlcd.o(i.LCD_STRING) for LCD_STRING
    main.o(i.main) refers to main.o(i.Error_Handler) for Error_Handler
    main.o(i.main) refers to printf6.o(i.__0sprintf$6) for __2sprintf
    main.o(i.main) refers to stm32f4xx_nucleo_extlcdbk.o(i.BK_LED_Set) for BK_LED_Set
    main.o(i.main) refers to main.o(.bss) for .bss
    stm32f4xx_it.o(i.SysTick_Handler) refers to stm32f4xx_hal.o(i.HAL_IncTick) for HAL_IncTick
    system_stm32f4xx.o(i.SystemCoreClockUpdate) refers to system_stm32f4xx.o(.data) for .data
    stm32f4xx_nucleo.o(i.BSP_LED_Init) refers to stm32f4xx_hal_gpio.o(i.HAL_GPIO_Init) for HAL_GPIO_Init
    stm32f4xx_nucleo.o(i.BSP_LED_Init) refers to stm32f4xx_hal_gpio.o(i.HAL_GPIO_WritePin) for HAL_GPIO_WritePin
    stm32f4xx_nucleo.o(i.BSP_LED_Init) refers to stm32f4xx_nucleo.o(.constdata) for .constdata
    stm32f4xx_nucleo.o(i.BSP_LED_Init) refers to stm32f4xx_nucleo.o(.data) for .data
    stm32f4xx_nucleo.o(i.BSP_LED_Off) refers to stm32f4xx_hal_gpio.o(i.HAL_GPIO_WritePin) for HAL_GPIO_WritePin
    stm32f4xx_nucleo.o(i.BSP_LED_Off) refers to stm32f4xx_nucleo.o(.constdata) for .constdata
    stm32f4xx_nucleo.o(i.BSP_LED_Off) refers to stm32f4xx_nucleo.o(.data) for .data
    stm32f4xx_nucleo.o(i.BSP_LED_On) refers to stm32f4xx_hal_gpio.o(i.HAL_GPIO_WritePin) for HAL_GPIO_WritePin
    stm32f4xx_nucleo.o(i.BSP_LED_On) refers to stm32f4xx_nucleo.o(.constdata) for .constdata
    stm32f4xx_nucleo.o(i.BSP_LED_On) refers to stm32f4xx_nucleo.o(.data) for .data
    stm32f4xx_nucleo.o(i.BSP_LED_Toggle) refers to stm32f4xx_hal_gpio.o(i.HAL_GPIO_TogglePin) for HAL_GPIO_TogglePin
    stm32f4xx_nucleo.o(i.BSP_LED_Toggle) refers to stm32f4xx_nucleo.o(.constdata) for .constdata
    stm32f4xx_nucleo.o(i.BSP_LED_Toggle) refers to stm32f4xx_nucleo.o(.data) for .data
    stm32f4xx_nucleo.o(i.BSP_PB_GetState) refers to stm32f4xx_hal_gpio.o(i.HAL_GPIO_ReadPin) for HAL_GPIO_ReadPin
[...]
    printfa.o(i.__0vprintf) refers to printfa.o(i._printf_core) for _printf_core
    printfa.o(i.__0vprintf) refers to fputc.o(i.fputc) for fputc
    printfa.o(i.__0vprintf) refers to stdout.o(.data) for __stdout
    printfa.o(i.__0vsnprintf) refers (Special) to iusefp.o(.text) for __I$use$fp
    printfa.o(i.__0vsnprintf) refers to printfa.o(i._printf_core) for _printf_core
    printfa.o(i.__0vsnprintf) refers to printfa.o(i._snputc) for _snputc
    printfa.o(i.__0vsprintf) refers (Special) to iusefp.o(.text) for __I$use$fp
    printfa.o(i.__0vsprintf) refers to printfa.o(i._printf_core) for _printf_core
    printfa.o(i.__0vsprintf) refers to printfa.o(i._sputc) for _sputc
    printfa.o(i._fp_digits) refers (Special) to iusefp.o(.text) for __I$use$fp
    printfa.o(i._fp_digits) refers to dmul.o(.text) for __aeabi_dmul
    printfa.o(i._fp_digits) refers to ddiv.o(.text) for __aeabi_ddiv
    printfa.o(i._fp_digits) refers to cdrcmple.o(.text) for __aeabi_cdrcmple
    printfa.o(i._fp_digits) refers to dadd.o(.text) for __aeabi_dadd
    printfa.o(i._fp_digits) refers to dfixul.o(.text) for __aeabi_d2ulz
    printfa.o(i._fp_digits) refers to uldiv.o(.text) for __aeabi_uldivmod
    printfa.o(i._printf_core) refers (Special) to iusefp.o(.text) for __I$use$fp
    printfa.o(i._printf_core) refers to printfa.o(i._printf_pre_padding) for _printf_pre_padding
    printfa.o(i._printf_core) refers to uldiv.o(.text) for __aeabi_uldivmod
    printfa.o(i._printf_core) refers to printfa.o(i._printf_post_padding) for _printf_post_padding
    printfa.o(i._printf_core) refers to printfa.o(i._fp_digits) for _fp_digits
    printfa.o(i._printf_core) refers to uidiv.o(.text) for __aeabi_uidivmod
    printfa.o(i._printf_post_padding) refers (Special) to iusefp.o(.text) for __I$use$fp
    printfa.o(i._printf_pre_padding) refers (Special) to iusefp.o(.text) for __I$use$fp
    printfa.o(i._snputc) refers (Special) to iusefp.o(.text) for __I$use$fp
    printfa.o(i._sputc) refers (Special) to iusefp.o(.text) for __I$use$fp
    entry2.o(.ARM.Collect$$$$00000001) refers to entry2.o(.ARM.Collect$$$$00002712) for __lit__00000000
    entry2.o(.ARM.Collect$$$$00002712) refers to startup_stm32f401xe.o(STACK) for __initial_sp
    entry2.o(__vectab_stack_and_reset_area) refers to startup_stm32f401xe.o(STACK) for __initial_sp
    entry2.o(__vectab_stack_and_reset_area) refers to entry.o(.ARM.Collect$$$$00000000) for __main
    entry5.o(.ARM.Collect$$$$00000004) refers to init.o(.text) for __scatterload
    entry9a.o(.ARM.Collect$$$$0000000B) refers to main.o(i.main) for main
    entry9b.o(.ARM.Collect$$$$0000000C) refers to main.o(i.main) for main
    fputc.o(i.fputc) refers (Special) to iusesemip.o(.text) for __I$use$semihosting$fputc
    fputc.o(i.fputc) refers (Special) to semi.o(.text) for __semihosting_library_function
    uldiv.o(.text) refers to llushr.o(.text) for __aeabi_llsr
    uldiv.o(.text) refers to llshl.o(.text) for __aeabi_llsl
    dadd.o(.text) refers to llshl.o(.text) for __aeabi_llsl
    dadd.o(.text) refers to llsshr.o(.text) for __aeabi_lasr
    dadd.o(.text) refers to depilogue.o(.text) for _double_epilogue
    dmul.o(.text) refers to depilogue.o(.text) for _double_epilogue
    ddiv.o(.text) refers to depilogue.o(.text) for _double_round
    dfixul.o(.text) refers to llushr.o(.text) for __aeabi_llsr
    dfixul.o(.text) refers to llshl.o(.text) for __aeabi_llsl
    init.o(.text) refers to entry5.o(.ARM.Collect$$$$00000004) for __main_after_scatterload
    depilogue.o(.text) refers to llshl.o(.text) for __aeabi_llsl
    depilogue.o(.text) refers to llushr.o(.text) for __aeabi_llsr


==============================================================================

Removing Unused input sections from the image.

    Removing startup_stm32f401xe.o(HEAP), (512 bytes).
    Removing main.o(.rev16_text), (4 bytes).
    Removing main.o(.revsh_text), (4 bytes).
    Removing stm32f4xx_it.o(.rev16_text), (4 bytes).
    Removing stm32f4xx_it.o(.revsh_text), (4 bytes).
    Removing system_stm32f4xx.o(.rev16_text), (4 bytes).
    Removing system_stm32f4xx.o(.revsh_text), (4 bytes).
    Removing system_stm32f4xx.o(i.SystemCoreClockUpdate), (120 bytes).
    Removing stm32f4xx_nucleo.o(.rev16_text), (4 bytes).
    Removing stm32f4xx_nucleo.o(.revsh_text), (4 bytes).
    Removing stm32f4xx_nucleo.o(i.BSP_GetVersion), (6 bytes).
    Removing stm32f4xx_nucleo.o(i.BSP_LED_Off), (28 bytes).
    Removing stm32f4xx_nucleo.o(i.BSP_LED_On), (28 bytes).
    Removing stm32f4xx_nucleo.o(i.BSP_PB_GetState), (24 bytes).
    Removing stm32f4xx_nucleo.o(i.BSP_PB_Init), (148 bytes).
    Removing stm32f4xx_nucleo.o(i.SD_IO_Init), (80 bytes).
    Removing stm32f4xx_nucleo.o(i.SD_IO_ReadByte), (10 bytes).
    Removing stm32f4xx_nucleo.o(i.SD_IO_WaitResponse), (36 bytes).
    Removing stm32f4xx_nucleo.o(i.SD_IO_WriteByte), (4 bytes).
    Removing stm32f4xx_nucleo.o(i.SD_IO_WriteCmd), (84 bytes).
    Removing stm32f4xx_nucleo.o(i.SD_IO_WriteDummy), (28 bytes).
    Removing stm32f4xx_nucleo_extlcd.o(.rev16_text), (4 bytes).
    Removing stm32f4xx_nucleo_extlcd.o(.revsh_text), (4 bytes).
    Removing stm32f4xx_nucleo_extlcd.o(i.DrawCharacter_On), (84 bytes).
    Removing stm32f4xx_nucleo_extlcd.o(i.DrawPiont), (84 bytes).
    Removing stm32f4xx_nucleo_extlcd.o(i.LCD_CHINESE_STR), (68 bytes).
    Removing stm32f4xx_nucleo_extlcd.o(i.LCD_CHINESE_STR_ON), (60 bytes).
    Removing stm32f4xx_nucleo_extlcd.o(i.LCD_ClearLine), (48 bytes).
    Removing stm32f4xx_nucleo_extlcd.o(i.LCD_DrawCircle), (200 bytes).
    Removing stm32f4xx_nucleo_extlcd.o(i.LCD_DrawFullCircle), (120 bytes).
    Removing stm32f4xx_nucleo_extlcd.o(i.LCD_DrawFullRect), (50 bytes).
    Removing stm32f4xx_nucleo_extlcd.o(i.LCD_DrawLine), (76 bytes).
    Removing stm32f4xx_nucleo_extlcd.o(i.LCD_DrawRect), (80 bytes).
    Removing stm32f4xx_nucleo_extlcd.o(i.LCD_DrawUniLine), (156 bytes).
    Removing stm32f4xx_nucleo_extlcd.o(i.LCD_GetColors), (16 bytes).
    Removing stm32f4xx_nucleo_extlcd.o(i.LCD_GetDisplayDirect), (12 bytes).
    Removing stm32f4xx_nucleo_extlcd.o(i.LCD_STRING_ON), (120 bytes).
    Removing stm32f4xx_nucleo_extlcd.o(i.LCD_SetBackColor), (16 bytes).
    Removing stm32f4xx_nucleo_extlcd.o(i.LCD_SetColors), (24 bytes).
    Removing stm32f4xx_nucleo_extlcd.o(i.LCD_SetFont), (12 bytes).
    Removing stm32f4xx_nucleo_extlcd.o(i.LCD_SetTextColor), (16 bytes).
    Removing stm32f4xx_nucleo_extlcd.o(i.LCD_Showphrase), (108 bytes).
    Removing stm32f4xx_nucleo_extlcd.o(i.LCD_Write_Char_On), (100 bytes).
    Removing stm32f4xx_nucleo_extlcd.o(i.ReadPoint), (92 bytes).
    Removing stm32f4xx_nucleo_extlcd.o(i.ReadRAMDAT), (224 bytes).
    Removing stm32f4xx_nucleo_extlcd.o(i.ShowBMP), (88 bytes).
    Removing stm32f4xx_nucleo_extlcd.o(i.ShowPicture), (50 bytes).
    Removing stm32f4xx_nucleo_extlcd.o(.constdata), (4560 bytes).
    Removing stm32f4xx_nucleo_extlcd.o(.constdata), (2304 bytes).
    Removing stm32f4xx_nucleo_extlcd.o(.constdata), (2304 bytes).
    Removing stm32f4xx_nucleo_extlcd.o(.constdata), (1536 bytes).
    Removing stm32f4xx_nucleo_extlcd.o(.data), (8 bytes).
    Removing stm32f4xx_nucleo_extlcd.o(.data), (8 bytes).
    Removing stm32f4xx_nucleo_extlcd.o(.data), (8 bytes).
    Removing stm32f4xx_nucleo_extlcd.o(.data), (8 bytes).
    Removing stm32f4xx_nucleo_ext25q16.o(.rev16_text), (4 bytes).
    Removing stm32f4xx_nucleo_ext25q16.o(.revsh_text), (4 bytes).
    Removing stm32f4xx_nucleo_ext25q16.o(i.SPI_FLASH_Write_Disable), (40 bytes).
    Removing stm32f4xx_nucleo_ext25q16.o(i.SPI_FLASH_Write_Enable), (40 bytes).
    Removing stm32f4xx_nucleo_ext25q16.o(i.SPI_FLASH_Write_SR), (48 bytes).
    Removing stm32f4xx_nucleo_ext25q16.o(i.SPI_Flash_Erase_Chip), (52 bytes).
    Removing stm32f4xx_nucleo_ext25q16.o(i.SPI_Flash_Erase_Sector), (76 bytes).
    Removing stm32f4xx_nucleo_ext25q16.o(i.SPI_Flash_PowerDown), (44 bytes).
    Removing stm32f4xx_nucleo_ext25q16.o(i.SPI_Flash_ReadSR), (44 bytes).
    Removing stm32f4xx_nucleo_ext25q16.o(i.SPI_Flash_WAKEUP), (44 bytes).
    Removing stm32f4xx_nucleo_ext25q16.o(i.SPI_Flash_Wait_Busy), (14 bytes).
    Removing stm32f4xx_nucleo_ext25q16.o(i.SPI_Flash_Write), (156 bytes).
    Removing stm32f4xx_nucleo_ext25q16.o(i.SPI_Flash_Write_NoCheck), (62 bytes).
    Removing stm32f4xx_nucleo_ext25q16.o(i.SPI_Flash_Write_Page), (92 bytes).
    Removing stm32f4xx_nucleo_ext25q16.o(.bss), (4096 bytes).
    Removing stm32f4xx_nucleo_extlcdbk.o(.rev16_text), (4 bytes).
    Removing stm32f4xx_nucleo_extlcdbk.o(.revsh_text), (4 bytes).
    Removing stm32f4xx_hal.o(.rev16_text), (4 bytes).
    Removing stm32f4xx_hal.o(.revsh_text), (4 bytes).
    Removing stm32f4xx_hal.o(i.HAL_DeInit), (52 bytes).
    Removing stm32f4xx_hal.o(i.HAL_DisableCompensationCell), (12 bytes).
    Removing stm32f4xx_hal.o(i.HAL_DisableDBGSleepMode), (16 bytes).
    Removing stm32f4xx_hal.o(i.HAL_DisableDBGStandbyMode), (16 bytes).
    Removing stm32f4xx_hal.o(i.HAL_DisableDBGStopMode), (16 bytes).
    Removing stm32f4xx_hal.o(i.HAL_EnableCompensationCell), (12 bytes).
    Removing stm32f4xx_hal.o(i.HAL_EnableDBGSleepMode), (16 bytes).
    Removing stm32f4xx_hal.o(i.HAL_EnableDBGStandbyMode), (16 bytes).
    Removing stm32f4xx_hal.o(i.HAL_EnableDBGStopMode), (16 bytes).
    Removing stm32f4xx_hal.o(i.HAL_GetDEVID), (16 bytes).
    Removing stm32f4xx_hal.o(i.HAL_GetHalVersion), (8 bytes).
    Removing stm32f4xx_hal.o(i.HAL_GetREVID), (12 bytes).
    Removing stm32f4xx_hal.o(i.HAL_MspDeInit), (2 bytes).
    Removing stm32f4xx_hal.o(i.HAL_ResumeTick), (14 bytes).
    Removing stm32f4xx_hal.o(i.HAL_SuspendTick), (14 bytes).
    Removing stm32f4xx_hal_cortex.o(.rev16_text), (4 bytes).
    Removing stm32f4xx_hal_cortex.o(.revsh_text), (4 bytes).
    Removing stm32f4xx_hal_cortex.o(i.HAL_NVIC_ClearPendingIRQ), (22 bytes).
    Removing stm32f4xx_hal_cortex.o(i.HAL_NVIC_DisableIRQ), (22 bytes).
    Removing stm32f4xx_hal_cortex.o(i.HAL_NVIC_EnableIRQ), (22 bytes).
    Removing stm32f4xx_hal_cortex.o(i.HAL_NVIC_GetActive), (32 bytes).
    Removing stm32f4xx_hal_cortex.o(i.HAL_NVIC_GetPendingIRQ), (32 bytes).
    Removing stm32f4xx_hal_cortex.o(i.HAL_NVIC_GetPriority), (82 bytes).
    Removing stm32f4xx_hal_cortex.o(i.HAL_NVIC_GetPriorityGrouping), (16 bytes).
    Removing stm32f4xx_hal_cortex.o(i.HAL_NVIC_SetPendingIRQ), (22 bytes).
    Removing stm32f4xx_hal_cortex.o(i.HAL_NVIC_SystemReset), (32 bytes).
    Removing stm32f4xx_hal_cortex.o(i.HAL_SYSTICK_CLKSourceConfig), (24 bytes).
    Removing stm32f4xx_hal_cortex.o(i.HAL_SYSTICK_Callback), (2 bytes).
    Removing stm32f4xx_hal_cortex.o(i.HAL_SYSTICK_IRQHandler), (8 bytes).
    Removing stm32f4xx_hal_dma.o(.rev16_text), (4 bytes).
    Removing stm32f4xx_hal_dma.o(.revsh_text), (4 bytes).
    Removing stm32f4xx_hal_dma.o(i.DMA_SetConfig), (30 bytes).
    Removing stm32f4xx_hal_dma.o(i.HAL_DMA_Abort), (84 bytes).
    Removing stm32f4xx_hal_dma.o(i.HAL_DMA_DeInit), (2508 bytes).
    Removing stm32f4xx_hal_dma.o(i.HAL_DMA_GetError), (4 bytes).
    Removing stm32f4xx_hal_dma.o(i.HAL_DMA_GetState), (6 bytes).
    Removing stm32f4xx_hal_dma.o(i.HAL_DMA_IRQHandler), (3948 bytes).
    Removing stm32f4xx_hal_dma.o(i.HAL_DMA_Init), (112 bytes).
    Removing stm32f4xx_hal_dma.o(i.HAL_DMA_PollForTransfer), (4748 bytes).
    Removing stm32f4xx_hal_dma.o(i.HAL_DMA_Start), (58 bytes).
    Removing stm32f4xx_hal_dma.o(i.HAL_DMA_Start_IT), (108 bytes).
    Removing stm32f4xx_hal_dma_ex.o(.rev16_text), (4 bytes).
    Removing stm32f4xx_hal_dma_ex.o(.revsh_text), (4 bytes).
    Removing stm32f4xx_hal_dma_ex.o(i.DMA_MultiBufferSetConfig), (30 bytes).
    Removing stm32f4xx_hal_dma_ex.o(i.HAL_DMAEx_ChangeMemory), (14 bytes).
    Removing stm32f4xx_hal_dma_ex.o(i.HAL_DMAEx_MultiBufferStart), (92 bytes).
    Removing stm32f4xx_hal_dma_ex.o(i.HAL_DMAEx_MultiBufferStart_IT), (142 bytes).
    Removing stm32f4xx_hal_flash.o(.rev16_text), (4 bytes).
    Removing stm32f4xx_hal_flash.o(.revsh_text), (4 bytes).
    Removing stm32f4xx_hal_flash.o(i.FLASH_Program_Byte), (32 bytes).
    Removing stm32f4xx_hal_flash.o(i.FLASH_Program_DoubleWord), (40 bytes).
    Removing stm32f4xx_hal_flash.o(i.FLASH_Program_HalfWord), (36 bytes).
    Removing stm32f4xx_hal_flash.o(i.FLASH_Program_Word), (36 bytes).
    Removing stm32f4xx_hal_flash.o(i.FLASH_SetErrorCode), (96 bytes).
    Removing stm32f4xx_hal_flash.o(i.FLASH_WaitForLastOperation), (60 bytes).
    Removing stm32f4xx_hal_flash.o(i.HAL_FLASH_EndOfOperationCallback), (2 bytes).
    Removing stm32f4xx_hal_flash.o(i.HAL_FLASH_GetError), (12 bytes).
    Removing stm32f4xx_hal_flash.o(i.HAL_FLASH_IRQHandler), (256 bytes).
    Removing stm32f4xx_hal_flash.o(i.HAL_FLASH_Lock), (20 bytes).
    Removing stm32f4xx_hal_flash.o(i.HAL_FLASH_OB_Launch), (24 bytes).
    Removing stm32f4xx_hal_flash.o(i.HAL_FLASH_OB_Lock), (20 bytes).
    Removing stm32f4xx_hal_flash.o(i.HAL_FLASH_OB_Unlock), (40 bytes).
    Removing stm32f4xx_hal_flash.o(i.HAL_FLASH_OperationErrorCallback), (2 bytes).
    Removing stm32f4xx_hal_flash.o(i.HAL_FLASH_Program), (124 bytes).
    Removing stm32f4xx_hal_flash.o(i.HAL_FLASH_Program_IT), (116 bytes).
    Removing stm32f4xx_hal_flash.o(i.HAL_FLASH_Unlock), (40 bytes).
    Removing stm32f4xx_hal_flash.o(.bss), (28 bytes).
    Removing stm32f4xx_hal_flash_ex.o(.rev16_text), (4 bytes).
    Removing stm32f4xx_hal_flash_ex.o(.revsh_text), (4 bytes).
    Removing stm32f4xx_hal_flash_ex.o(i.FLASH_Erase_Sector), (88 bytes).
    Removing stm32f4xx_hal_flash_ex.o(i.FLASH_MassErase), (36 bytes).
    Removing stm32f4xx_hal_flash_ex.o(i.HAL_FLASHEx_AdvOBGetConfig), (12 bytes).
    Removing stm32f4xx_hal_flash_ex.o(i.HAL_FLASHEx_AdvOBProgram), (60 bytes).
    Removing stm32f4xx_hal_flash_ex.o(i.HAL_FLASHEx_Erase), (148 bytes).
    Removing stm32f4xx_hal_flash_ex.o(i.HAL_FLASHEx_Erase_IT), (104 bytes).
    Removing stm32f4xx_hal_flash_ex.o(i.HAL_FLASHEx_OBGetConfig), (52 bytes).
    Removing stm32f4xx_hal_flash_ex.o(i.HAL_FLASHEx_OBProgram), (204 bytes).
    Removing stm32f4xx_hal_flash_ex.o(i.HAL_FLASHEx_OB_DeSelectPCROP), (20 bytes).
    Removing stm32f4xx_hal_flash_ex.o(i.HAL_FLASHEx_OB_SelectPCROP), (24 bytes).
    Removing stm32f4xx_hal_gpio.o(.rev16_text), (4 bytes).
    Removing stm32f4xx_hal_gpio.o(.revsh_text), (4 bytes).
    Removing stm32f4xx_hal_gpio.o(i.HAL_GPIO_DeInit), (164 bytes).
    Removing stm32f4xx_hal_gpio.o(i.HAL_GPIO_EXTI_Callback), (2 bytes).
    Removing stm32f4xx_hal_gpio.o(i.HAL_GPIO_EXTI_IRQHandler), (24 bytes).
    Removing stm32f4xx_hal_gpio.o(i.HAL_GPIO_LockPin), (34 bytes).
    Removing stm32f4xx_hal_gpio.o(i.HAL_GPIO_ReadPin), (10 bytes).
    Removing stm32f4xx_hal_pwr.o(.rev16_text), (4 bytes).
    Removing stm32f4xx_hal_pwr.o(.revsh_text), (4 bytes).
    Removing stm32f4xx_hal_pwr.o(i.HAL_PWR_DeInit), (24 bytes).
    Removing stm32f4xx_hal_pwr.o(i.HAL_PWR_DisableBkUpAccess), (12 bytes).
    Removing stm32f4xx_hal_pwr.o(i.HAL_PWR_DisablePVD), (12 bytes).
    Removing stm32f4xx_hal_pwr.o(i.HAL_PWR_DisableWakeUpPin), (16 bytes).
    Removing stm32f4xx_hal_pwr.o(i.HAL_PWR_EnableBkUpAccess), (12 bytes).
    Removing stm32f4xx_hal_pwr.o(i.HAL_PWR_EnablePVD), (12 bytes).
    Removing stm32f4xx_hal_pwr.o(i.HAL_PWR_EnableWakeUpPin), (16 bytes).
    Removing stm32f4xx_hal_pwr.o(i.HAL_PWR_EnterSLEEPMode), (16 bytes).
    Removing stm32f4xx_hal_pwr.o(i.HAL_PWR_EnterSTANDBYMode), (32 bytes).
    Removing stm32f4xx_hal_pwr.o(i.HAL_PWR_EnterSTOPMode), (52 bytes).
    Removing stm32f4xx_hal_pwr.o(i.HAL_PWR_PVDCallback), (2 bytes).
    Removing stm32f4xx_hal_pwr.o(i.HAL_PWR_PVDConfig), (108 bytes).
    Removing stm32f4xx_hal_pwr.o(i.HAL_PWR_PVD_IRQHandler), (28 bytes).
    Removing stm32f4xx_hal_pwr_ex.o(.rev16_text), (4 bytes).
    Removing stm32f4xx_hal_pwr_ex.o(.revsh_text), (4 bytes).
    Removing stm32f4xx_hal_pwr_ex.o(i.HAL_PWREx_DisableBkUpReg), (60 bytes).
    Removing stm32f4xx_hal_pwr_ex.o(i.HAL_PWREx_DisableFlashPowerDown), (12 bytes).
    Removing stm32f4xx_hal_pwr_ex.o(i.HAL_PWREx_DisableLowRegulatorLowVoltage), (12 bytes).
    Removing stm32f4xx_hal_pwr_ex.o(i.HAL_PWREx_DisableMainRegulatorLowVoltage), (12 bytes).
    Removing stm32f4xx_hal_pwr_ex.o(i.HAL_PWREx_EnableBkUpReg), (60 bytes).
    Removing stm32f4xx_hal_pwr_ex.o(i.HAL_PWREx_EnableFlashPowerDown), (12 bytes).
    Removing stm32f4xx_hal_pwr_ex.o(i.HAL_PWREx_EnableLowRegulatorLowVoltage), (12 bytes).
    Removing stm32f4xx_hal_pwr_ex.o(i.HAL_PWREx_EnableMainRegulatorLowVoltage), (12 bytes).
    Removing stm32f4xx_hal_rcc.o(.rev16_text), (4 bytes).
    Removing stm32f4xx_hal_rcc.o(.revsh_text), (4 bytes).
    Removing stm32f4xx_hal_rcc.o(i.HAL_RCC_CCSCallback), (2 bytes).
    Removing stm32f4xx_hal_rcc.o(i.HAL_RCC_DeInit), (88 bytes).
    Removing stm32f4xx_hal_rcc.o(i.HAL_RCC_DisableCSS), (12 bytes).
    Removing stm32f4xx_hal_rcc.o(i.HAL_RCC_EnableCSS), (12 bytes).
    Removing stm32f4xx_hal_rcc.o(i.HAL_RCC_GetClockConfig), (64 bytes).
    Removing stm32f4xx_hal_rcc.o(i.HAL_RCC_GetOscConfig), (224 bytes).
    Removing stm32f4xx_hal_rcc.o(i.HAL_RCC_GetPCLK1Freq), (44 bytes).
    Removing stm32f4xx_hal_rcc.o(i.HAL_RCC_GetPCLK2Freq), (44 bytes).
    Removing stm32f4xx_hal_rcc.o(i.HAL_RCC_MCOConfig), (116 bytes).
    Removing stm32f4xx_hal_rcc.o(i.HAL_RCC_NMI_IRQHandler), (28 bytes).
    Removing stm32f4xx_hal_rcc_ex.o(.rev16_text), (4 bytes).
    Removing stm32f4xx_hal_rcc_ex.o(.revsh_text), (4 bytes).
    Removing stm32f4xx_hal_rcc_ex.o(i.HAL_RCCEx_GetPeriphCLKConfig), (80 bytes).
    Removing stm32f4xx_hal_rcc_ex.o(i.HAL_RCCEx_PeriphCLKConfig), (328 bytes).
    Removing stm32f4xx_hal_spi.o(.rev16_text), (4 bytes).
    Removing stm32f4xx_hal_spi.o(.revsh_text), (4 bytes).
    Removing stm32f4xx_hal_spi.o(i.HAL_SPI_DMAPause), (48 bytes).
    Removing stm32f4xx_hal_spi.o(i.HAL_SPI_DMAResume), (48 bytes).
    Removing stm32f4xx_hal_spi.o(i.HAL_SPI_DMAStop), (50 bytes).
    Removing stm32f4xx_hal_spi.o(i.HAL_SPI_ErrorCallback), (2 bytes).
    Removing stm32f4xx_hal_spi.o(i.HAL_SPI_GetError), (6 bytes).
    Removing stm32f4xx_hal_spi.o(i.HAL_SPI_IRQHandler), (198 bytes).
    Removing stm32f4xx_hal_spi.o(i.HAL_SPI_Receive), (470 bytes).
    Removing stm32f4xx_hal_spi.o(i.HAL_SPI_Receive_DMA), (224 bytes).
    Removing stm32f4xx_hal_spi.o(i.HAL_SPI_Receive_IT), (180 bytes).
    Removing stm32f4xx_hal_spi.o(i.HAL_SPI_RxCpltCallback), (2 bytes).
    Removing stm32f4xx_hal_spi.o(i.HAL_SPI_RxHalfCpltCallback), (2 bytes).
    Removing stm32f4xx_hal_spi.o(i.HAL_SPI_TransmitReceive_DMA), (260 bytes).
    Removing stm32f4xx_hal_spi.o(i.HAL_SPI_TransmitReceive_IT), (172 bytes).
    Removing stm32f4xx_hal_spi.o(i.HAL_SPI_Transmit_DMA), (192 bytes).
    Removing stm32f4xx_hal_spi.o(i.HAL_SPI_Transmit_IT), (164 bytes).
    Removing stm32f4xx_hal_spi.o(i.HAL_SPI_TxCpltCallback), (2 bytes).
    Removing stm32f4xx_hal_spi.o(i.HAL_SPI_TxHalfCpltCallback), (2 bytes).
    Removing stm32f4xx_hal_spi.o(i.HAL_SPI_TxRxCpltCallback), (2 bytes).
    Removing stm32f4xx_hal_spi.o(i.HAL_SPI_TxRxHalfCpltCallback), (2 bytes).
    Removing stm32f4xx_hal_spi.o(i.SPI_2LinesRxISR), (44 bytes).
    Removing stm32f4xx_hal_spi.o(i.SPI_DMAError), (34 bytes).
    Removing stm32f4xx_hal_spi.o(i.SPI_DMAHalfReceiveCplt), (10 bytes).
    Removing stm32f4xx_hal_spi.o(i.SPI_DMAHalfTransmitCplt), (10 bytes).
    Removing stm32f4xx_hal_spi.o(i.SPI_DMAHalfTransmitReceiveCplt), (10 bytes).
    Removing stm32f4xx_hal_spi.o(i.SPI_DMAReceiveCplt), (192 bytes).
    Removing stm32f4xx_hal_spi.o(i.SPI_DMATransmitCplt), (116 bytes).
    Removing stm32f4xx_hal_spi.o(i.SPI_DMATransmitReceiveCplt), (200 bytes).
    Removing stm32f4xx_hal_spi.o(i.SPI_RxCloseIRQHandler), (218 bytes).
    Removing stm32f4xx_hal_spi.o(i.SPI_RxISR), (70 bytes).
    Removing stm32f4xx_hal_spi.o(i.SPI_TxCloseIRQHandler), (138 bytes).
    Removing stm32f4xx_hal_spi.o(i.SPI_TxISR), (66 bytes).
    Removing stm32f4xx_hal_tim.o(.rev16_text), (4 bytes).
    Removing stm32f4xx_hal_tim.o(.revsh_text), (4 bytes).
    Removing stm32f4xx_hal_tim.o(i.HAL_TIM_Base_DeInit), (56 bytes).
    Removing stm32f4xx_hal_tim.o(i.HAL_TIM_Base_GetState), (6 bytes).
    Removing stm32f4xx_hal_tim.o(i.HAL_TIM_Base_Init), (48 bytes).
    Removing stm32f4xx_hal_tim.o(i.HAL_TIM_Base_MspDeInit), (2 bytes).
    Removing stm32f4xx_hal_tim.o(i.HAL_TIM_Base_MspInit), (2 bytes).
    Removing stm32f4xx_hal_tim.o(i.HAL_TIM_Base_Start), (26 bytes).
    Removing stm32f4xx_hal_tim.o(i.HAL_TIM_Base_Start_DMA), (92 bytes).
    Removing stm32f4xx_hal_tim.o(i.HAL_TIM_Base_Start_IT), (24 bytes).
    Removing stm32f4xx_hal_tim.o(i.HAL_TIM_Base_Stop), (44 bytes).
    Removing stm32f4xx_hal_tim.o(i.HAL_TIM_Base_Stop_DMA), (48 bytes).
    Removing stm32f4xx_hal_tim.o(i.HAL_TIM_Base_Stop_IT), (42 bytes).
    Removing stm32f4xx_hal_tim.o(i.HAL_TIM_ConfigClockSource), (242 bytes).
    Removing stm32f4xx_hal_tim.o(i.HAL_TIM_ConfigOCrefClear), (174 bytes).
    Removing stm32f4xx_hal_tim.o(i.HAL_TIM_ConfigTI1Input), (16 bytes).
    Removing stm32f4xx_hal_tim.o(i.HAL_TIM_DMABurst_ReadStart), (260 bytes).
    Removing stm32f4xx_hal_tim.o(i.HAL_TIM_DMABurst_ReadStop), (12 bytes).
    Removing stm32f4xx_hal_tim.o(i.HAL_TIM_DMABurst_WriteStart), (260 bytes).
    Removing stm32f4xx_hal_tim.o(i.HAL_TIM_DMABurst_WriteStop), (12 bytes).
    Removing stm32f4xx_hal_tim.o(i.HAL_TIM_DMACaptureCplt), (16 bytes).
    Removing stm32f4xx_hal_tim.o(i.HAL_TIM_DMADelayPulseCplt), (16 bytes).
    Removing stm32f4xx_hal_tim.o(i.HAL_TIM_DMAError), (16 bytes).
    Removing stm32f4xx_hal_tim.o(i.HAL_TIM_Encoder_DeInit), (56 bytes).
    Removing stm32f4xx_hal_tim.o(i.HAL_TIM_Encoder_GetState), (6 bytes).
    Removing stm32f4xx_hal_tim.o(i.HAL_TIM_Encoder_Init), (144 bytes).
    Removing stm32f4xx_hal_tim.o(i.HAL_TIM_Encoder_MspDeInit), (2 bytes).
    Removing stm32f4xx_hal_tim.o(i.HAL_TIM_Encoder_MspInit), (2 bytes).
    Removing stm32f4xx_hal_tim.o(i.HAL_TIM_Encoder_Start), (52 bytes).
    Removing stm32f4xx_hal_tim.o(i.HAL_TIM_Encoder_Start_DMA), (272 bytes).
    Removing stm32f4xx_hal_tim.o(i.HAL_TIM_Encoder_Start_IT), (92 bytes).
    Removing stm32f4xx_hal_tim.o(i.HAL_TIM_Encoder_Stop), (70 bytes).
    Removing stm32f4xx_hal_tim.o(i.HAL_TIM_Encoder_Stop_DMA), (116 bytes).
    Removing stm32f4xx_hal_tim.o(i.HAL_TIM_Encoder_Stop_IT), (116 bytes).
    Removing stm32f4xx_hal_tim.o(i.HAL_TIM_ErrorCallback), (2 bytes).
    Removing stm32f4xx_hal_tim.o(i.HAL_TIM_GenerateEvent), (38 bytes).
    Removing stm32f4xx_hal_tim.o(i.HAL_TIM_IC_CaptureCallback), (2 bytes).
    Removing stm32f4xx_hal_tim.o(i.HAL_TIM_IC_ConfigChannel), (266 bytes).
    Removing stm32f4xx_hal_tim.o(i.HAL_TIM_IC_DeInit), (56 bytes).
    Removing stm32f4xx_hal_tim.o(i.HAL_TIM_IC_GetState), (6 bytes).
    Removing stm32f4xx_hal_tim.o(i.HAL_TIM_IC_Init), (48 bytes).
    Removing stm32f4xx_hal_tim.o(i.HAL_TIM_IC_MspDeInit), (2 bytes).
    Removing stm32f4xx_hal_tim.o(i.HAL_TIM_IC_MspInit), (2 bytes).
    Removing stm32f4xx_hal_tim.o(i.HAL_TIM_IC_Start), (26 bytes).
    Removing stm32f4xx_hal_tim.o(i.HAL_TIM_IC_Start_DMA), (200 bytes).
    Removing stm32f4xx_hal_tim.o(i.HAL_TIM_IC_Start_IT), (76 bytes).
    Removing stm32f4xx_hal_tim.o(i.HAL_TIM_IC_Stop), (44 bytes).
    Removing stm32f4xx_hal_tim.o(i.HAL_TIM_IC_Stop_DMA), (100 bytes).
    Removing stm32f4xx_hal_tim.o(i.HAL_TIM_IC_Stop_IT), (94 bytes).
    Removing stm32f4xx_hal_tim.o(i.HAL_TIM_IRQHandler), (358 bytes).
    Removing stm32f4xx_hal_tim.o(i.HAL_TIM_OC_ConfigChannel), (86 bytes).
    Removing stm32f4xx_hal_tim.o(i.HAL_TIM_OC_DeInit), (56 bytes).
    Removing stm32f4xx_hal_tim.o(i.HAL_TIM_OC_DelayElapsedCallback), (2 bytes).
    Removing stm32f4xx_hal_tim.o(i.HAL_TIM_OC_GetState), (6 bytes).
    Removing stm32f4xx_hal_tim.o(i.HAL_TIM_OC_Init), (48 bytes).
    Removing stm32f4xx_hal_tim.o(i.HAL_TIM_OC_MspDeInit), (2 bytes).
    Removing stm32f4xx_hal_tim.o(i.HAL_TIM_OC_MspInit), (2 bytes).
    Removing stm32f4xx_hal_tim.o(i.HAL_TIM_OC_Start), (48 bytes).
    Removing stm32f4xx_hal_tim.o(i.HAL_TIM_OC_Start_DMA), (228 bytes).
    Removing stm32f4xx_hal_tim.o(i.HAL_TIM_OC_Start_IT), (96 bytes).
    Removing stm32f4xx_hal_tim.o(i.HAL_TIM_OC_Stop), (76 bytes).
    Removing stm32f4xx_hal_tim.o(i.HAL_TIM_OC_Stop_DMA), (132 bytes).
    Removing stm32f4xx_hal_tim.o(i.HAL_TIM_OC_Stop_IT), (128 bytes).
    Removing stm32f4xx_hal_tim.o(i.HAL_TIM_OnePulse_ConfigChannel), (218 bytes).
    Removing stm32f4xx_hal_tim.o(i.HAL_TIM_OnePulse_DeInit), (56 bytes).
    Removing stm32f4xx_hal_tim.o(i.HAL_TIM_OnePulse_GetState), (6 bytes).
    Removing stm32f4xx_hal_tim.o(i.HAL_TIM_OnePulse_Init), (68 bytes).
    Removing stm32f4xx_hal_tim.o(i.HAL_TIM_OnePulse_MspDeInit), (2 bytes).
    Removing stm32f4xx_hal_tim.o(i.HAL_TIM_OnePulse_MspInit), (2 bytes).
    Removing stm32f4xx_hal_tim.o(i.HAL_TIM_OnePulse_Start), (48 bytes).
    Removing stm32f4xx_hal_tim.o(i.HAL_TIM_OnePulse_Start_IT), (68 bytes).
    Removing stm32f4xx_hal_tim.o(i.HAL_TIM_OnePulse_Stop), (88 bytes).
    Removing stm32f4xx_hal_tim.o(i.HAL_TIM_OnePulse_Stop_IT), (108 bytes).
    Removing stm32f4xx_hal_tim.o(i.HAL_TIM_PWM_DeInit), (56 bytes).
    Removing stm32f4xx_hal_tim.o(i.HAL_TIM_PWM_GetState), (6 bytes).
    Removing stm32f4xx_hal_tim.o(i.HAL_TIM_PWM_MspDeInit), (2 bytes).
    Removing stm32f4xx_hal_tim.o(i.HAL_TIM_PWM_PulseFinishedCallback), (2 bytes).
    Removing stm32f4xx_hal_tim.o(i.HAL_TIM_PWM_Start_DMA), (228 bytes).
    Removing stm32f4xx_hal_tim.o(i.HAL_TIM_PWM_Start_IT), (96 bytes).
    Removing stm32f4xx_hal_tim.o(i.HAL_TIM_PWM_Stop), (84 bytes).
    Removing stm32f4xx_hal_tim.o(i.HAL_TIM_PWM_Stop_DMA), (132 bytes).
    Removing stm32f4xx_hal_tim.o(i.HAL_TIM_PWM_Stop_IT), (128 bytes).
    Removing stm32f4xx_hal_tim.o(i.HAL_TIM_PeriodElapsedCallback), (2 bytes).
    Removing stm32f4xx_hal_tim.o(i.HAL_TIM_ReadCapturedValue), (68 bytes).
    Removing stm32f4xx_hal_tim.o(i.HAL_TIM_SlaveConfigSynchronization), (160 bytes).
    Removing stm32f4xx_hal_tim.o(i.HAL_TIM_TriggerCallback), (2 bytes).
    Removing stm32f4xx_hal_tim.o(i.TIM_DMAPeriodElapsedCplt), (16 bytes).
    Removing stm32f4xx_hal_tim.o(i.TIM_DMATriggerCplt), (16 bytes).
    Removing stm32f4xx_hal_tim.o(i.TIM_ETR_SetConfig), (20 bytes).
    Removing stm32f4xx_hal_tim.o(i.TIM_ITRx_SetConfig), (16 bytes).
    Removing stm32f4xx_hal_tim.o(i.TIM_TI1_ConfigInputStage), (34 bytes).
    Removing stm32f4xx_hal_tim.o(i.TIM_TI1_SetConfig), (108 bytes).
    Removing stm32f4xx_hal_tim.o(i.TIM_TI2_ConfigInputStage), (36 bytes).
    Removing stm32f4xx_hal_tim.o(i.TIM_TI2_SetConfig), (44 bytes).
    Removing stm32f4xx_hal_tim_ex.o(.rev16_text), (4 bytes).
    Removing stm32f4xx_hal_tim_ex.o(.revsh_text), (4 bytes).
    Removing stm32f4xx_hal_tim_ex.o(i.HAL_TIMEx_BreakCallback), (2 bytes).
    Removing stm32f4xx_hal_tim_ex.o(i.HAL_TIMEx_CommutationCallback), (2 bytes).
    Removing stm32f4xx_hal_tim_ex.o(i.HAL_TIMEx_ConfigBreakDeadTime), (66 bytes).
    Removing stm32f4xx_hal_tim_ex.o(i.HAL_TIMEx_ConfigCommutationEvent), (92 bytes).
    Removing stm32f4xx_hal_tim_ex.o(i.HAL_TIMEx_ConfigCommutationEvent_DMA), (124 bytes).
    Removing stm32f4xx_hal_tim_ex.o(i.HAL_TIMEx_ConfigCommutationEvent_IT), (102 bytes).
    Removing stm32f4xx_hal_tim_ex.o(i.HAL_TIMEx_DMACommutationCplt), (16 bytes).
    Removing stm32f4xx_hal_tim_ex.o(i.HAL_TIMEx_HallSensor_DeInit), (56 bytes).
    Removing stm32f4xx_hal_tim_ex.o(i.HAL_TIMEx_HallSensor_GetState), (6 bytes).
    Removing stm32f4xx_hal_tim_ex.o(i.HAL_TIMEx_HallSensor_Init), (176 bytes).
    Removing stm32f4xx_hal_tim_ex.o(i.HAL_TIMEx_HallSensor_MspDeInit), (2 bytes).
    Removing stm32f4xx_hal_tim_ex.o(i.HAL_TIMEx_HallSensor_MspInit), (2 bytes).
    Removing stm32f4xx_hal_tim_ex.o(i.HAL_TIMEx_HallSensor_Start), (28 bytes).
    Removing stm32f4xx_hal_tim_ex.o(i.HAL_TIMEx_HallSensor_Start_DMA), (104 bytes).
    Removing stm32f4xx_hal_tim_ex.o(i.HAL_TIMEx_HallSensor_Start_IT), (38 bytes).
    Removing stm32f4xx_hal_tim_ex.o(i.HAL_TIMEx_HallSensor_Stop), (46 bytes).
    Removing stm32f4xx_hal_tim_ex.o(i.HAL_TIMEx_HallSensor_Stop_DMA), (56 bytes).
    Removing stm32f4xx_hal_tim_ex.o(i.HAL_TIMEx_HallSensor_Stop_IT), (56 bytes).
    Removing stm32f4xx_hal_tim_ex.o(i.HAL_TIMEx_MasterConfigSynchronization), (80 bytes).
    Removing stm32f4xx_hal_tim_ex.o(i.HAL_TIMEx_OCN_Start), (36 bytes).
    Removing stm32f4xx_hal_tim_ex.o(i.HAL_TIMEx_OCN_Start_DMA), (220 bytes).
    Removing stm32f4xx_hal_tim_ex.o(i.HAL_TIMEx_OCN_Start_IT), (86 bytes).
    Removing stm32f4xx_hal_tim_ex.o(i.HAL_TIMEx_OCN_Stop), (68 bytes).
    Removing stm32f4xx_hal_tim_ex.o(i.HAL_TIMEx_OCN_Stop_DMA), (124 bytes).
    Removing stm32f4xx_hal_tim_ex.o(i.HAL_TIMEx_OCN_Stop_IT), (118 bytes).
    Removing stm32f4xx_hal_tim_ex.o(i.HAL_TIMEx_OnePulseN_Start), (26 bytes).
    Removing stm32f4xx_hal_tim_ex.o(i.HAL_TIMEx_OnePulseN_Start_IT), (46 bytes).
    Removing stm32f4xx_hal_tim_ex.o(i.HAL_TIMEx_OnePulseN_Stop), (68 bytes).
    Removing stm32f4xx_hal_tim_ex.o(i.HAL_TIMEx_OnePulseN_Stop_IT), (88 bytes).
    Removing stm32f4xx_hal_tim_ex.o(i.HAL_TIMEx_PWMN_Start), (36 bytes).
    Removing stm32f4xx_hal_tim_ex.o(i.HAL_TIMEx_PWMN_Start_DMA), (220 bytes).
    Removing stm32f4xx_hal_tim_ex.o(i.HAL_TIMEx_PWMN_Start_IT), (96 bytes).
    Removing stm32f4xx_hal_tim_ex.o(i.HAL_TIMEx_PWMN_Stop), (68 bytes).
    Removing stm32f4xx_hal_tim_ex.o(i.HAL_TIMEx_PWMN_Stop_DMA), (124 bytes).
    Removing stm32f4xx_hal_tim_ex.o(i.HAL_TIMEx_PWMN_Stop_IT), (128 bytes).
    Removing stm32f4xx_hal_tim_ex.o(i.HAL_TIMEx_RemapConfig), (34 bytes).
    Removing stm32f4xx_hal_tim_ex.o(i.TIM_CCxNChannelCmd), (22 bytes).
    Removing dadd.o(.text), (334 bytes).
    Removing dmul.o(.text), (228 bytes).
    Removing ddiv.o(.text), (222 bytes).
    Removing dfixul.o(.text), (48 bytes).
    Removing cdrcmple.o(.text), (48 bytes).
    Removing depilogue.o(.text), (186 bytes).

373 unused section(s) (total 48058 bytes) removed from the image.

==============================================================================

Image Symbol Table

    Local Symbols

    Symbol Name                              Value     Ov Type        Size  Object(Section)

    ../clib/microlib/division.c              0x00000000   Number         0  uidiv.o ABSOLUTE
    ../clib/microlib/division.c              0x00000000   Number         0  uldiv.o ABSOLUTE
    ../clib/microlib/init/entry.s            0x00000000   Number         0  entry2.o ABSOLUTE
    ../clib/microlib/init/entry.s            0x00000000   Number         0  entry8b.o ABSOLUTE
    ../clib/microlib/init/entry.s            0x00000000   Number         0  entry9a.o ABSOLUTE
    ../clib/microlib/init/entry.s            0x00000000   Number         0  entry.o ABSOLUTE
    ../clib/microlib/init/entry.s            0x00000000   Number         0  entry7b.o ABSOLUTE
    ../clib/microlib/init/entry.s            0x00000000   Number         0  entry9b.o ABSOLUTE
    ../clib/microlib/init/entry.s            0x00000000   Number         0  entry8a.o ABSOLUTE
    ../clib/microlib/init/entry.s            0x00000000   Number         0  entry7a.o ABSOLUTE
    ../clib/microlib/init/entry.s            0x00000000   Number         0  entry10b.o ABSOLUTE
    ../clib/microlib/init/entry.s            0x00000000   Number         0  entry11a.o ABSOLUTE
    ../clib/microlib/init/entry.s            0x00000000   Number         0  entry5.o ABSOLUTE
    ../clib/microlib/init/entry.s            0x00000000   Number         0  entry11b.o ABSOLUTE
    ../clib/microlib/init/entry.s            0x00000000   Number         0  entry10a.o ABSOLUTE
    ../clib/microlib/longlong.c              0x00000000   Number         0  llsshr.o ABSOLUTE
    ../clib/microlib/longlong.c              0x00000000   Number         0  llushr.o ABSOLUTE
    ../clib/microlib/longlong.c              0x00000000   Number         0  llshl.o ABSOLUTE
    ../clib/microlib/printf/printf.c         0x00000000   Number         0  printfb.o ABSOLUTE
    ../clib/microlib/printf/printf.c         0x00000000   Number         0  printfa.o ABSOLUTE
    ../clib/microlib/printf/printf.c         0x00000000   Number         0  printf0.o ABSOLUTE
    ../clib/microlib/printf/printf.c         0x00000000   Number         0  printf1.o ABSOLUTE
    ../clib/microlib/printf/printf.c         0x00000000   Number         0  printf2.o ABSOLUTE
    ../clib/microlib/printf/printf.c         0x00000000   Number         0  printf4.o ABSOLUTE
    ../clib/microlib/printf/printf.c         0x00000000   Number         0  printf5.o ABSOLUTE
    ../clib/microlib/printf/printf.c         0x00000000   Number         0  printf6.o ABSOLUTE
    ../clib/microlib/printf/printf.c         0x00000000   Number         0  printf7.o ABSOLUTE
    ../clib/microlib/printf/printf.c         0x00000000   Number         0  printf8.o ABSOLUTE
    ../clib/microlib/printf/printf.c         0x00000000   Number         0  printf3.o ABSOLUTE
    ../clib/microlib/printf/stubs.s          0x00000000   Number         0  stubs.o ABSOLUTE
    ../clib/microlib/stdio/fputc.c           0x00000000   Number         0  fputc.o ABSOLUTE
    ../clib/microlib/stdio/semi.s            0x00000000   Number         0  semi.o ABSOLUTE
    ../clib/microlib/stdio/streams.c         0x00000000   Number         0  stdout.o ABSOLUTE
    ../clib/microlib/stubs.s                 0x00000000   Number         0  iusefp.o ABSOLUTE
    ../clib/microlib/stubs.s                 0x00000000   Number         0  iusesemip.o ABSOLUTE
    ../fplib/microlib/fpadd.c                0x00000000   Number         0  dadd.o ABSOLUTE
    ../fplib/microlib/fpdiv.c                0x00000000   Number         0  ddiv.o ABSOLUTE
    ../fplib/microlib/fpepilogue.c           0x00000000   Number         0  depilogue.o ABSOLUTE
    ../fplib/microlib/fpfix.c                0x00000000   Number         0  dfixul.o ABSOLUTE
    ../fplib/microlib/fpmul.c                0x00000000   Number         0  dmul.o ABSOLUTE
    ..\..\Drivers\BSP\STM32F4xx-Nucleo\stm32f4xx_nucleo.c 0x00000000   Number         0  stm32f4xx_nucleo.o ABSOLUTE
    ..\..\Drivers\Ext_Board\src\stm32f4xx_nucleo_Ext25Q16.c 0x00000000   Number         0  stm32f4xx_nucleo_ext25q16.o ABSOLUTE
    ..\..\Drivers\Ext_Board\src\stm32f4xx_nucleo_ExtLCD.c 0x00000000   Number         0  stm32f4xx_nucleo_extlcd.o ABSOLUTE
    ..\..\Drivers\STM32F4xx_HAL_Driver\Src\stm32f4xx_hal.c 0x00000000   Number         0  stm32f4xx_hal.o ABSOLUTE
    ..\..\Drivers\STM32F4xx_HAL_Driver\Src\stm32f4xx_hal_cortex.c 0x00000000   Number         0  stm32f4xx_hal_cortex.o ABSOLUTE
    ..\..\Drivers\STM32F4xx_HAL_Driver\Src\stm32f4xx_hal_dma.c 0x00000000   Number         0  stm32f4xx_hal_dma.o ABSOLUTE
    ..\..\Drivers\STM32F4xx_HAL_Driver\Src\stm32f4xx_hal_dma_ex.c 0x00000000   Number         0  stm32f4xx_hal_dma_ex.o ABSOLUTE
    ..\..\Drivers\STM32F4xx_HAL_Driver\Src\stm32f4xx_hal_flash.c 0x00000000   Number         0  stm32f4xx_hal_flash.o ABSOLUTE
    ..\..\Drivers\STM32F4xx_HAL_Driver\Src\stm32f4xx_hal_flash_ex.c 0x00000000   Number         0  stm32f4xx_hal_flash_ex.o ABSOLUTE
    ..\..\Drivers\STM32F4xx_HAL_Driver\Src\stm32f4xx_hal_gpio.c 0x00000000   Number         0  stm32f4xx_hal_gpio.o ABSOLUTE
    ..\..\Drivers\STM32F4xx_HAL_Driver\Src\stm32f4xx_hal_pwr.c 0x00000000   Number         0  stm32f4xx_hal_pwr.o ABSOLUTE
    ..\..\Drivers\STM32F4xx_HAL_Driver\Src\stm32f4xx_hal_pwr_ex.c 0x00000000   Number         0  stm32f4xx_hal_pwr_ex.o ABSOLUTE
    ..\..\Drivers\STM32F4xx_HAL_Driver\Src\stm32f4xx_hal_rcc.c 0x00000000   Number         0  stm32f4xx_hal_rcc.o ABSOLUTE
    ..\..\Drivers\STM32F4xx_HAL_Driver\Src\stm32f4xx_hal_rcc_ex.c 0x00000000   Number         0  stm32f4xx_hal_rcc_ex.o ABSOLUTE
    ..\..\Drivers\STM32F4xx_HAL_Driver\Src\stm32f4xx_hal_spi.c 0x00000000   Number         0  stm32f4xx_hal_spi.o ABSOLUTE
    ..\..\Drivers\STM32F4xx_HAL_Driver\Src\stm32f4xx_hal_tim.c 0x00000000   Number         0  stm32f4xx_hal_tim.o ABSOLUTE
    ..\..\Drivers\STM32F4xx_HAL_Driver\Src\stm32f4xx_hal_tim_ex.c 0x00000000   Number         0  stm32f4xx_hal_tim_ex.o ABSOLUTE
    ..\\..\\Drivers\\BSP\\STM32F4xx-Nucleo\\stm32f4xx_nucleo.c 0x00000000   Number         0  stm32f4xx_nucleo.o ABSOLUTE
    ..\\..\\Drivers\\Ext_Board\\src\\stm32f4xx_nucleo_Ext25Q16.c 0x00000000   Number         0  stm32f4xx_nucleo_ext25q16.o ABSOLUTE
    ..\\..\\Drivers\\Ext_Board\\src\\stm32f4xx_nucleo_ExtLCD.c 0x00000000   Number         0  stm32f4xx_nucleo_extlcd.o ABSOLUTE
    ..\\..\\Drivers\\STM32F4xx_HAL_Driver\\Src\\stm32f4xx_hal.c 0x00000000   Number         0  stm32f4xx_hal.o ABSOLUTE
    ..\\..\\Drivers\\STM32F4xx_HAL_Driver\\Src\\stm32f4xx_hal_cortex.c 0x00000000   Number         0  stm32f4xx_hal_cortex.o ABSOLUTE
    ..\\..\\Drivers\\STM32F4xx_HAL_Driver\\Src\\stm32f4xx_hal_dma.c 0x00000000   Number         0  stm32f4xx_hal_dma.o ABSOLUTE
    ..\\..\\Drivers\\STM32F4xx_HAL_Driver\\Src\\stm32f4xx_hal_dma_ex.c 0x00000000   Number         0  stm32f4xx_hal_dma_ex.o ABSOLUTE
    ..\\..\\Drivers\\STM32F4xx_HAL_Driver\\Src\\stm32f4xx_hal_flash.c 0x00000000   Number         0  stm32f4xx_hal_flash.o ABSOLUTE
    ..\\..\\Drivers\\STM32F4xx_HAL_Driver\\Src\\stm32f4xx_hal_flash_ex.c 0x00000000   Number         0  stm32f4xx_hal_flash_ex.o ABSOLUTE
    ..\\..\\Drivers\\STM32F4xx_HAL_Driver\\Src\\stm32f4xx_hal_gpio.c 0x00000000   Number         0  stm32f4xx_hal_gpio.o ABSOLUTE
    ..\\..\\Drivers\\STM32F4xx_HAL_Driver\\Src\\stm32f4xx_hal_pwr.c 0x00000000   Number         0  stm32f4xx_hal_pwr.o ABSOLUTE
    ..\\..\\Drivers\\STM32F4xx_HAL_Driver\\Src\\stm32f4xx_hal_pwr_ex.c 0x00000000   Number         0  stm32f4xx_hal_pwr_ex.o ABSOLUTE
    ..\\..\\Drivers\\STM32F4xx_HAL_Driver\\Src\\stm32f4xx_hal_rcc.c 0x00000000   Number         0  stm32f4xx_hal_rcc.o ABSOLUTE
    ..\\..\\Drivers\\STM32F4xx_HAL_Driver\\Src\\stm32f4xx_hal_rcc_ex.c 0x00000000   Number         0  stm32f4xx_hal_rcc_ex.o ABSOLUTE
    ..\\..\\Drivers\\STM32F4xx_HAL_Driver\\Src\\stm32f4xx_hal_spi.c 0x00000000   Number         0  stm32f4xx_hal_spi.o ABSOLUTE
    ..\\..\\Drivers\\STM32F4xx_HAL_Driver\\Src\\stm32f4xx_hal_tim.c 0x00000000   Number         0  stm32f4xx_hal_tim.o ABSOLUTE
    ..\\..\\Drivers\\STM32F4xx_HAL_Driver\\Src\\stm32f4xx_hal_tim_ex.c 0x00000000   Number         0  stm32f4xx_hal_tim_ex.o ABSOLUTE
    ..\\main\\main.c                         0x00000000   Number         0  main.o ABSOLUTE
    ..\\main\\stm32f4xx_it.c                 0x00000000   Number         0  stm32f4xx_it.o ABSOLUTE
    ..\\main\\system_stm32f4xx.c             0x00000000   Number         0  system_stm32f4xx.o ABSOLUTE
    ..\\src\\stm32f4xx_nucleo_ExtLCDBK.c     0x00000000   Number         0  stm32f4xx_nucleo_extlcdbk.o ABSOLUTE
    ..\main\main.c                           0x00000000   Number         0  main.o ABSOLUTE
    ..\main\stm32f4xx_it.c                   0x00000000   Number         0  stm32f4xx_it.o ABSOLUTE
    ..\main\system_stm32f4xx.c               0x00000000   Number         0  system_stm32f4xx.o ABSOLUTE
    ..\src\stm32f4xx_nucleo_ExtLCDBK.c       0x00000000   Number         0  stm32f4xx_nucleo_extlcdbk.o ABSOLUTE
    cdrcmple.s                               0x00000000   Number         0  cdrcmple.o ABSOLUTE
    dc.s                                     0x00000000   Number         0  dc.o ABSOLUTE
    handlers.s                               0x00000000   Number         0  handlers.o ABSOLUTE
    init.s                                   0x00000000   Number         0  init.o ABSOLUTE
    startup_stm32f401xe.s                    0x00000000   Number         0  startup_stm32f401xe.o ABSOLUTE
    RESET                                    0x08000000   Section      404  startup_stm32f401xe.o(RESET)
    .ARM.Collect$$$$00000000                 0x08000194   Section        0  entry.o(.ARM.Collect$$$$00000000)
    .ARM.Collect$$$$00000001                 0x08000194   Section        4  entry2.o(.ARM.Collect$$$$00000001)
    .ARM.Collect$$$$00000004                 0x08000198   Section        4  entry5.o(.ARM.Collect$$$$00000004)
    .ARM.Collect$$$$00000008                 0x0800019c   Section        0  entry7b.o(.ARM.Collect$$$$00000008)
    .ARM.Collect$$$$0000000A                 0x0800019c   Section        0  entry8b.o(.ARM.Collect$$$$0000000A)
    .ARM.Collect$$$$0000000B                 0x0800019c   Section        8  entry9a.o(.ARM.Collect$$$$0000000B)
    .ARM.Collect$$$$0000000D                 0x080001a4   Section        0  entry10a.o(.ARM.Collect$$$$0000000D)
    .ARM.Collect$$$$0000000F                 0x080001a4   Section        0  entry11a.o(.ARM.Collect$$$$0000000F)
    .ARM.Collect$$$$00002712                 0x080001a4   Section        4  entry2.o(.ARM.Collect$$$$00002712)
    __lit__00000000                          0x080001a4   Data           4  entry2.o(.ARM.Collect$$$$00002712)
    .text                                    0x080001a8   Section       36  startup_stm32f401xe.o(.text)
    $v0                                      0x080001a8   Number         0  startup_stm32f401xe.o(.text)
    .text                                    0x080001cc   Section        0  uidiv.o(.text)
    .text                                    0x080001f8   Section       36  init.o(.text)
    i.BK_LED_Set                             0x0800021c   Section        0  stm32f4xx_nucleo_extlcdbk.o(i.BK_LED_Set)
    i.BK_LED_TIMx_Config                     0x08000224   Section        0  stm32f4xx_nucleo_extlcdbk.o(i.BK_LED_TIMx_Config)
    i.BSP_LED_Init                           0x080002bc   Section        0  stm32f4xx_nucleo.o(i.BSP_LED_Init)
    i.BSP_LED_Toggle                         0x08000310   Section        0  stm32f4xx_nucleo.o(i.BSP_LED_Toggle)
    i.BusFault_Handler                       0x08000328   Section        0  stm32f4xx_it.o(i.BusFault_Handler)
    i.DebugMon_Handler                       0x0800032a   Section        0  stm32f4xx_it.o(i.DebugMon_Handler)
    i.DrawCharacter                          0x0800032c   Section        0  stm32f4xx_nucleo_extlcd.o(i.DrawCharacter)
    i.Error_Handler                          0x08000388   Section        0  main.o(i.Error_Handler)
    Error_Handler                            0x08000389   Thumb Code    14  main.o(i.Error_Handler)
    i.GetHzCode                              0x08000396   Section        0  stm32f4xx_nucleo_extlcd.o(i.GetHzCode)
    i.HAL_Delay                              0x080003be   Section        0  stm32f4xx_hal.o(i.HAL_Delay)
    i.HAL_GPIO_Init                          0x080003d4   Section        0  stm32f4xx_hal_gpio.o(i.HAL_GPIO_Init)
    i.HAL_GPIO_TogglePin                     0x08000598   Section        0  stm32f4xx_hal_gpio.o(i.HAL_GPIO_TogglePin)
    i.HAL_GPIO_WritePin                      0x080005a0   Section        0  stm32f4xx_hal_gpio.o(i.HAL_GPIO_WritePin)
    i.HAL_GetTick                            0x080005ac   Section        0  stm32f4xx_hal.o(i.HAL_GetTick)
    i.HAL_IncTick                            0x080005b8   Section        0  stm32f4xx_hal.o(i.HAL_IncTick)
    i.HAL_Init                               0x080005c8   Section        0  stm32f4xx_hal.o(i.HAL_Init)
    i.HAL_InitTick                           0x080005fc   Section        0  stm32f4xx_hal.o(i.HAL_InitTick)
    i.HAL_MspInit                            0x0800061e   Section        0  stm32f4xx_hal.o(i.HAL_MspInit)
    i.HAL_NVIC_SetPriority                   0x08000620   Section        0  stm32f4xx_hal_cortex.o(i.HAL_NVIC_SetPriority)
    i.HAL_NVIC_SetPriorityGrouping           0x08000660   Section        0  stm32f4xx_hal_cortex.o(i.HAL_NVIC_SetPriorityGrouping)
    i.HAL_RCC_ClockConfig                    0x08000684   Section        0  stm32f4xx_hal_rcc.o(i.HAL_RCC_ClockConfig)
    i.HAL_RCC_GetHCLKFreq                    0x0800083c   Section        0  stm32f4xx_hal_rcc.o(i.HAL_RCC_GetHCLKFreq)
    i.HAL_RCC_GetSysClockFreq                0x08000870   Section        0  stm32f4xx_hal_rcc.o(i.HAL_RCC_GetSysClockFreq)
    i.HAL_RCC_OscConfig                      0x080008f0   Section        0  stm32f4xx_hal_rcc.o(i.HAL_RCC_OscConfig)
    i.HAL_SPI_DeInit                         0x08000c28   Section        0  stm32f4xx_hal_spi.o(i.HAL_SPI_DeInit)
    i.HAL_SPI_GetState                       0x08000c52   Section        0  stm32f4xx_hal_spi.o(i.HAL_SPI_GetState)
    i.HAL_SPI_Init                           0x08000c58   Section        0  stm32f4xx_hal_spi.o(i.HAL_SPI_Init)
    i.HAL_SPI_MspDeInit                      0x08000cda   Section        0  stm32f4xx_hal_spi.o(i.HAL_SPI_MspDeInit)
    i.HAL_SPI_MspInit                        0x08000cdc   Section        0  stm32f4xx_hal_spi.o(i.HAL_SPI_MspInit)
    i.HAL_SPI_Transmit                       0x08000cde   Section        0  stm32f4xx_hal_spi.o(i.HAL_SPI_Transmit)
    i.HAL_SPI_TransmitReceive                0x08000e24   Section        0  stm32f4xx_hal_spi.o(i.HAL_SPI_TransmitReceive)
    i.HAL_SYSTICK_Config                     0x080010d4   Section        0  stm32f4xx_hal_cortex.o(i.HAL_SYSTICK_Config)
    i.HAL_TIM_PWM_ConfigChannel              0x080010fc   Section        0  stm32f4xx_hal_tim.o(i.HAL_TIM_PWM_ConfigChannel)
    i.HAL_TIM_PWM_Init                       0x080011cc   Section        0  stm32f4xx_hal_tim.o(i.HAL_TIM_PWM_Init)
    i.HAL_TIM_PWM_MspInit                    0x080011fc   Section        0  stm32f4xx_hal_tim.o(i.HAL_TIM_PWM_MspInit)
    i.HAL_TIM_PWM_Start                      0x08001200   Section        0  stm32f4xx_hal_tim.o(i.HAL_TIM_PWM_Start)
    i.HardFault_Handler                      0x08001230   Section        0  stm32f4xx_it.o(i.HardFault_Handler)
    i.LCD_Clear                              0x08001234   Section        0  stm32f4xx_nucleo_extlcd.o(i.LCD_Clear)
    i.LCD_CtrlLinesConfig                    0x08001264   Section        0  stm32f4xx_nucleo_extlcd.o(i.LCD_CtrlLinesConfig)
    i.LCD_DisplayChar                        0x080012d4   Section        0  stm32f4xx_nucleo_extlcd.o(i.LCD_DisplayChar)
    i.LCD_DisplayStringLine                  0x080012f8   Section        0  stm32f4xx_nucleo_extlcd.o(i.LCD_DisplayStringLine)
    i.LCD_DrawChar                           0x08001330   Section        0  stm32f4xx_nucleo_extlcd.o(i.LCD_DrawChar)
    i.LCD_GetFont                            0x080013b4   Section        0  stm32f4xx_nucleo_extlcd.o(i.LCD_GetFont)
    i.LCD_Init                               0x080013c0   Section        0  stm32f4xx_nucleo_extlcd.o(i.LCD_Init)
    i.LCD_STRING                             0x08001544   Section        0  stm32f4xx_nucleo_extlcd.o(i.LCD_STRING)
    i.LCD_SetDisplayDirect                   0x080015c8   Section        0  stm32f4xx_nucleo_extlcd.o(i.LCD_SetDisplayDirect)
    i.LCD_SetRamAddr                         0x080016a0   Section        0  stm32f4xx_nucleo_extlcd.o(i.LCD_SetRamAddr)
    i.LCD_Write_Char                         0x080016f0   Section        0  stm32f4xx_nucleo_extlcd.o(i.LCD_Write_Char)
    i.MemManage_Handler                      0x08001764   Section        0  stm32f4xx_it.o(i.MemManage_Handler)
    i.NMI_Handler                            0x08001766   Section        0  stm32f4xx_it.o(i.NMI_Handler)
    i.NVIC_SetPriority                       0x08001768   Section        0  stm32f4xx_hal_cortex.o(i.NVIC_SetPriority)
    NVIC_SetPriority                         0x08001769   Thumb Code    32  stm32f4xx_hal_cortex.o(i.NVIC_SetPriority)
    i.PendSV_Handler                         0x08001788   Section        0  stm32f4xx_it.o(i.PendSV_Handler)
    i.SPI_Flash_Read                         0x0800178c   Section        0  stm32f4xx_nucleo_ext25q16.o(i.SPI_Flash_Read)
    i.SPI_Flash_ReadID                       0x080017e0   Section        0  stm32f4xx_nucleo_ext25q16.o(i.SPI_Flash_ReadID)
    i.SPI_WaitOnFlagUntilTimeout             0x0800182c   Section        0  stm32f4xx_hal_spi.o(i.SPI_WaitOnFlagUntilTimeout)
    SPI_WaitOnFlagUntilTimeout               0x0800182d   Thumb Code   158  stm32f4xx_hal_spi.o(i.SPI_WaitOnFlagUntilTimeout)
    i.SPIx_Error                             0x080018cc   Section        0  stm32f4xx_nucleo.o(i.SPIx_Error)
    SPIx_Error                               0x080018cd   Thumb Code    16  stm32f4xx_nucleo.o(i.SPIx_Error)
    i.SPIx_Init                              0x080018e0   Section        0  stm32f4xx_nucleo.o(i.SPIx_Init)
    SPIx_Init                                0x080018e1   Thumb Code    74  stm32f4xx_nucleo.o(i.SPIx_Init)
    i.SPIx_MspInit                           0x08001934   Section        0  stm32f4xx_nucleo.o(i.SPIx_MspInit)
    SPIx_MspInit                             0x08001935   Thumb Code    98  stm32f4xx_nucleo.o(i.SPIx_MspInit)
    i.SPIx_Read                              0x080019a0   Section        0  stm32f4xx_nucleo.o(i.SPIx_Read)
    SPIx_Read                                0x080019a1   Thumb Code    38  stm32f4xx_nucleo.o(i.SPIx_Read)
    i.SPIx_Write                             0x080019d0   Section        0  stm32f4xx_nucleo.o(i.SPIx_Write)
    SPIx_Write                               0x080019d1   Thumb Code    26  stm32f4xx_nucleo.o(i.SPIx_Write)
    i.SVC_Handler                            0x080019f4   Section        0  stm32f4xx_it.o(i.SVC_Handler)
    i.SysTick_Handler                        0x080019f6   Section        0  stm32f4xx_it.o(i.SysTick_Handler)
    i.SystemClock_Config                     0x080019fc   Section        0  main.o(i.SystemClock_Config)
    SystemClock_Config                       0x080019fd   Thumb Code   106  main.o(i.SystemClock_Config)
    i.SystemInit                             0x08001a70   Section        0  system_stm32f4xx.o(i.SystemInit)
    i.TIM_Base_SetConfig                     0x08001ac4   Section        0  stm32f4xx_hal_tim.o(i.TIM_Base_SetConfig)
    i.TIM_CCxChannelCmd                      0x08001b54   Section        0  stm32f4xx_hal_tim.o(i.TIM_CCxChannelCmd)
    i.TIM_OC1_SetConfig                      0x08001b6c   Section        0  stm32f4xx_hal_tim.o(i.TIM_OC1_SetConfig)
    TIM_OC1_SetConfig                        0x08001b6d   Thumb Code    74  stm32f4xx_hal_tim.o(i.TIM_OC1_SetConfig)
    i.TIM_OC2_SetConfig                      0x08001bbc   Section        0  stm32f4xx_hal_tim.o(i.TIM_OC2_SetConfig)
    i.TIM_OC3_SetConfig                      0x08001c14   Section        0  stm32f4xx_hal_tim.o(i.TIM_OC3_SetConfig)
    TIM_OC3_SetConfig                        0x08001c15   Thumb Code    82  stm32f4xx_hal_tim.o(i.TIM_OC3_SetConfig)
    i.TIM_OC4_SetConfig                      0x08001c6c   Section        0  stm32f4xx_hal_tim.o(i.TIM_OC4_SetConfig)
    TIM_OC4_SetConfig                        0x08001c6d   Thumb Code    64  stm32f4xx_hal_tim.o(i.TIM_OC4_SetConfig)
    i.UsageFault_Handler                     0x08001cb0   Section        0  stm32f4xx_it.o(i.UsageFault_Handler)
    i.W25Q16_IO_Init                         0x08001cb4   Section        0  stm32f4xx_nucleo.o(i.W25Q16_IO_Init)
    i.W25Q16_IO_ReadByte                     0x08001cf0   Section        0  stm32f4xx_nucleo.o(i.W25Q16_IO_ReadByte)
    i.W25Q16_IO_WriteByte                    0x08001cfa   Section        0  stm32f4xx_nucleo.o(i.W25Q16_IO_WriteByte)
    i.W25Q16_Init                            0x08001cfe   Section        0  stm32f4xx_nucleo_ext25q16.o(i.W25Q16_Init)
    i.W25Q16_SPI_Init                        0x08001d14   Section        0  stm32f4xx_nucleo.o(i.W25Q16_SPI_Init)
    i.WriteCOM                               0x08001d18   Section        0  stm32f4xx_nucleo_extlcd.o(i.WriteCOM)
    i.WriteColor                             0x08001d78   Section        0  stm32f4xx_nucleo_extlcd.o(i.WriteColor)
    i.WriteDAT                               0x08001ddc   Section        0  stm32f4xx_nucleo_extlcd.o(i.WriteDAT)
    i.__0sprintf$6                           0x08001e3c   Section        0  printf6.o(i.__0sprintf$6)
    i.__scatterload_copy                     0x08001e64   Section       14  handlers.o(i.__scatterload_copy)
    i.__scatterload_null                     0x08001e72   Section        2  handlers.o(i.__scatterload_null)
    i.__scatterload_zeroinit                 0x08001e74   Section       14  handlers.o(i.__scatterload_zeroinit)
    i._printf_core                           0x08001e84   Section        0  printf6.o(i._printf_core)
    _printf_core                             0x08001e85   Thumb Code   748  printf6.o(i._printf_core)
    i._printf_post_padding                   0x08002174   Section        0  printf6.o(i._printf_post_padding)
    _printf_post_padding                     0x08002175   Thumb Code    36  printf6.o(i._printf_post_padding)
    i._printf_pre_padding                    0x08002198   Section        0  printf6.o(i._printf_pre_padding)
    _printf_pre_padding                      0x08002199   Thumb Code    46  printf6.o(i._printf_pre_padding)
    i._sputc                                 0x080021c6   Section        0  printf6.o(i._sputc)
    _sputc                                   0x080021c7   Thumb Code    10  printf6.o(i._sputc)
    i.delay                                  0x080021d0   Section        0  stm32f4xx_nucleo_extlcd.o(i.delay)
    delay                                    0x080021d1   Thumb Code    24  stm32f4xx_nucleo_extlcd.o(i.delay)
    i.main                                   0x080021e8   Section        0  main.o(i.main)
    .constdata                               0x08002374   Section       26  stm32f4xx_nucleo.o(.constdata)
    .constdata                               0x0800238e   Section     3040  stm32f4xx_nucleo_extlcd.o(.constdata)
    .constdata                               0x08002f6e   Section       16  stm32f4xx_hal_rcc.o(.constdata)
    .data                                    0x20000000   Section       20  system_stm32f4xx.o(.data)
    .data                                    0x20000014   Section       44  stm32f4xx_nucleo.o(.data)
    .data                                    0x20000040   Section       20  stm32f4xx_nucleo_extlcd.o(.data)
    LCD_CurrentDir                           0x20000042   Data           1  stm32f4xx_nucleo_extlcd.o(.data)
    TextColor                                0x20000044   Data           2  stm32f4xx_nucleo_extlcd.o(.data)
    BackColor                                0x20000046   Data           2  stm32f4xx_nucleo_extlcd.o(.data)
    LCD_Currentfonts                         0x20000048   Data           4  stm32f4xx_nucleo_extlcd.o(.data)
    .data                                    0x20000054   Section        4  stm32f4xx_hal.o(.data)
    uwTick                                   0x20000054   Data           4  stm32f4xx_hal.o(.data)
    .bss                                     0x20000058   Section       80  main.o(.bss)
    .bss                                     0x200000a8   Section       84  stm32f4xx_nucleo.o(.bss)
    hnucleo_Spi                              0x200000a8   Data          84  stm32f4xx_nucleo.o(.bss)
    STACK                                    0x20000100   Section     1024  startup_stm32f401xe.o(STACK)

    Global Symbols

    Symbol Name                              Value     Ov Type        Size  Object(Section)

    BuildAttributes$$THM_ISAv4$E$P$D$K$B$S$7EM$VFPi3$EXTD16$VFPS$VFMA$PE$A:L22UL41UL21$X:L11$S22US41US21$IEEE1$IW$USESV6$~STKCKD$USESV7$~SHL$OSPACE$ROPI$EBA8$MICROLIB$REQ8$PRES8$EABIv2 0x00000000   Number         0  anon$$obj.o ABSOLUTE
    __ARM_use_no_argv                        0x00000000   Number         0  main.o ABSOLUTE
    _printf_a                                0x00000000   Number         0  stubs.o ABSOLUTE
    _printf_c                                0x00000000   Number         0  stubs.o ABSOLUTE
    _printf_charcount                        0x00000000   Number         0  stubs.o ABSOLUTE
    _printf_d                                0x00000000   Number         0  stubs.o ABSOLUTE
    _printf_e                                0x00000000   Number         0  stubs.o ABSOLUTE
    _printf_f                                0x00000000   Number         0  stubs.o ABSOLUTE
    _printf_flags                            0x00000000   Number         0  stubs.o ABSOLUTE
    _printf_fp_dec                           0x00000000   Number         0  stubs.o ABSOLUTE
    _printf_fp_hex                           0x00000000   Number         0  stubs.o ABSOLUTE
    _printf_g                                0x00000000   Number         0  stubs.o ABSOLUTE
    _printf_i                                0x00000000   Number         0  stubs.o ABSOLUTE
    _printf_int_dec                          0x00000000   Number         0  stubs.o ABSOLUTE
    _printf_l                                0x00000000   Number         0  stubs.o ABSOLUTE
    _printf_lc                               0x00000000   Number         0  stubs.o ABSOLUTE
    _printf_ll                               0x00000000   Number         0  stubs.o ABSOLUTE
    _printf_lld                              0x00000000   Number         0  stubs.o ABSOLUTE
    _printf_lli                              0x00000000   Number         0  stubs.o ABSOLUTE
    _printf_llo                              0x00000000   Number         0  stubs.o ABSOLUTE
    _printf_llu                              0x00000000   Number         0  stubs.o ABSOLUTE
    _printf_llx                              0x00000000   Number         0  stubs.o ABSOLUTE
    _printf_longlong_dec                     0x00000000   Number         0  stubs.o ABSOLUTE
    _printf_longlong_hex                     0x00000000   Number         0  stubs.o ABSOLUTE
    _printf_longlong_oct                     0x00000000   Number         0  stubs.o ABSOLUTE
    _printf_ls                               0x00000000   Number         0  stubs.o ABSOLUTE
    _printf_mbtowc                           0x00000000   Number         0  stubs.o ABSOLUTE
    _printf_n                                0x00000000   Number         0  stubs.o ABSOLUTE
    _printf_o                                0x00000000   Number         0  stubs.o ABSOLUTE
    _printf_p                                0x00000000   Number         0  stubs.o ABSOLUTE
    _printf_percent                          0x00000000   Number         0  stubs.o ABSOLUTE
    _printf_pre_padding                      0x00000000   Number         0  stubs.o ABSOLUTE
    _printf_return_value                     0x00000000   Number         0  stubs.o ABSOLUTE
    _printf_s                                0x00000000   Number         0  stubs.o ABSOLUTE
    _printf_sizespec                         0x00000000   Number         0  stubs.o ABSOLUTE
    _printf_str                              0x00000000   Number         0  stubs.o ABSOLUTE
    _printf_truncate_signed                  0x00000000   Number         0  stubs.o ABSOLUTE
    _printf_truncate_unsigned                0x00000000   Number         0  stubs.o ABSOLUTE
    _printf_u                                0x00000000   Number         0  stubs.o ABSOLUTE
    _printf_wc                               0x00000000   Number         0  stubs.o ABSOLUTE
    _printf_wctomb                           0x00000000   Number         0  stubs.o ABSOLUTE
    _printf_widthprec                        0x00000000   Number         0  stubs.o ABSOLUTE
    _printf_x                                0x00000000   Number         0  stubs.o ABSOLUTE
    __cpp_initialize__aeabi_                  - Undefined Weak Reference
    __cxa_finalize                            - Undefined Weak Reference
    __decompress                              - Undefined Weak Reference
    _clock_init                               - Undefined Weak Reference
    _microlib_exit                            - Undefined Weak Reference
    __Vectors_Size                           0x00000194   Number         0  startup_stm32f401xe.o ABSOLUTE
    __Vectors                                0x08000000   Data           4  startup_stm32f401xe.o(RESET)
    __Vectors_End                            0x08000194   Data           0  startup_stm32f401xe.o(RESET)
    __main                                   0x08000195   Thumb Code     0  entry.o(.ARM.Collect$$$$00000000)
    _main_stk                                0x08000195   Thumb Code     0  entry2.o(.ARM.Collect$$$$00000001)
    _main_scatterload                        0x08000199   Thumb Code     0  entry5.o(.ARM.Collect$$$$00000004)
    __main_after_scatterload                 0x0800019d   Thumb Code     0  entry5.o(.ARM.Collect$$$$00000004)
    _main_clock                              0x0800019d   Thumb Code     0  entry7b.o(.ARM.Collect$$$$00000008)
    _main_cpp_init                           0x0800019d   Thumb Code     0  entry8b.o(.ARM.Collect$$$$0000000A)
    _main_init                               0x0800019d   Thumb Code     0  entry9a.o(.ARM.Collect$$$$0000000B)
    __rt_final_cpp                           0x080001a5   Thumb Code     0  entry10a.o(.ARM.Collect$$$$0000000D)
    __rt_final_exit                          0x080001a5   Thumb Code     0  entry11a.o(.ARM.Collect$$$$0000000F)
    Reset_Handler                            0x080001a9   Thumb Code     8  startup_stm32f401xe.o(.text)
    ADC_IRQHandler                           0x080001c3   Thumb Code     0  startup_stm32f401xe.o(.text)
    DMA1_Stream0_IRQHandler                  0x080001c3   Thumb Code     0  startup_stm32f401xe.o(.text)
    DMA1_Stream1_IRQHandler                  0x080001c3   Thumb Code     0  startup_stm32f401xe.o(.text)
    DMA1_Stream2_IRQHandler                  0x080001c3   Thumb Code     0  startup_stm32f401xe.o(.text)
    DMA1_Stream3_IRQHandler                  0x080001c3   Thumb Code     0  startup_stm32f401xe.o(.text)
    DMA1_Stream4_IRQHandler                  0x080001c3   Thumb Code     0  startup_stm32f401xe.o(.text)
    DMA1_Stream5_IRQHandler                  0x080001c3   Thumb Code     0  startup_stm32f401xe.o(.text)
    DMA1_Stream6_IRQHandler                  0x080001c3   Thumb Code     0  startup_stm32f401xe.o(.text)
    DMA1_Stream7_IRQHandler                  0x080001c3   Thumb Code     0  startup_stm32f401xe.o(.text)
    DMA2_Stream0_IRQHandler                  0x080001c3   Thumb Code     0  startup_stm32f401xe.o(.text)
    DMA2_Stream1_IRQHandler                  0x080001c3   Thumb Code     0  startup_stm32f401xe.o(.text)
    DMA2_Stream2_IRQHandler                  0x080001c3   Thumb Code     0  startup_stm32f401xe.o(.text)
    DMA2_Stream3_IRQHandler                  0x080001c3   Thumb Code     0  startup_stm32f401xe.o(.text)
    DMA2_Stream4_IRQHandler                  0x080001c3   Thumb Code     0  startup_stm32f401xe.o(.text)
    DMA2_Stream5_IRQHandler                  0x080001c3   Thumb Code     0  startup_stm32f401xe.o(.text)
    DMA2_Stream6_IRQHandler                  0x080001c3   Thumb Code     0  startup_stm32f401xe.o(.text)
    DMA2_Stream7_IRQHandler                  0x080001c3   Thumb Code     0  startup_stm32f401xe.o(.text)
    EXTI0_IRQHandler                         0x080001c3   Thumb Code     0  startup_stm32f401xe.o(.text)
    EXTI15_10_IRQHandler                     0x080001c3   Thumb Code     0  startup_stm32f401xe.o(.text)
    EXTI1_IRQHandler                         0x080001c3   Thumb Code     0  startup_stm32f401xe.o(.text)
    EXTI2_IRQHandler                         0x080001c3   Thumb Code     0  startup_stm32f401xe.o(.text)
    EXTI3_IRQHandler                         0x080001c3   Thumb Code     0  startup_stm32f401xe.o(.text)
    EXTI4_IRQHandler                         0x080001c3   Thumb Code     0  startup_stm32f401xe.o(.text)
    EXTI9_5_IRQHandler                       0x080001c3   Thumb Code     0  startup_stm32f401xe.o(.text)
    FLASH_IRQHandler                         0x080001c3   Thumb Code     0  startup_stm32f401xe.o(.text)
    FPU_IRQHandler                           0x080001c3   Thumb Code     0  startup_stm32f401xe.o(.text)
    I2C1_ER_IRQHandler                       0x080001c3   Thumb Code     0  startup_stm32f401xe.o(.text)
    I2C1_EV_IRQHandler                       0x080001c3   Thumb Code     0  startup_stm32f401xe.o(.text)
    I2C2_ER_IRQHandler                       0x080001c3   Thumb Code     0  startup_stm32f401xe.o(.text)
    I2C2_EV_IRQHandler                       0x080001c3   Thumb Code     0  startup_stm32f401xe.o(.text)
    I2C3_ER_IRQHandler                       0x080001c3   Thumb Code     0  startup_stm32f401xe.o(.text)
    I2C3_EV_IRQHandler                       0x080001c3   Thumb Code     0  startup_stm32f401xe.o(.text)
    OTG_FS_IRQHandler                        0x080001c3   Thumb Code     0  startup_stm32f401xe.o(.text)
    OTG_FS_WKUP_IRQHandler                   0x080001c3   Thumb Code     0  startup_stm32f401xe.o(.text)
    PVD_IRQHandler                           0x080001c3   Thumb Code     0  startup_stm32f401xe.o(.text)
    RCC_IRQHandler                           0x080001c3   Thumb Code     0  startup_stm32f401xe.o(.text)
    RTC_Alarm_IRQHandler                     0x080001c3   Thumb Code     0  startup_stm32f401xe.o(.text)
    RTC_WKUP_IRQHandler                      0x080001c3   Thumb Code     0  startup_stm32f401xe.o(.text)
    SDIO_IRQHandler                          0x080001c3   Thumb Code     0  startup_stm32f401xe.o(.text)
    SPI1_IRQHandler                          0x080001c3   Thumb Code     0  startup_stm32f401xe.o(.text)
    SPI2_IRQHandler                          0x080001c3   Thumb Code     0  startup_stm32f401xe.o(.text)
    SPI3_IRQHandler                          0x080001c3   Thumb Code     0  startup_stm32f401xe.o(.text)
    SPI4_IRQHandler                          0x080001c3   Thumb Code     0  startup_stm32f401xe.o(.text)
    TAMP_STAMP_IRQHandler                    0x080001c3   Thumb Code     0  startup_stm32f401xe.o(.text)
    TIM1_BRK_TIM9_IRQHandler                 0x080001c3   Thumb Code     0  startup_stm32f401xe.o(.text)
    TIM1_CC_IRQHandler                       0x080001c3   Thumb Code     0  startup_stm32f401xe.o(.text)
    TIM1_TRG_COM_TIM11_IRQHandler            0x080001c3   Thumb Code     0  startup_stm32f401xe.o(.text)
    TIM1_UP_TIM10_IRQHandler                 0x080001c3   Thumb Code     0  startup_stm32f401xe.o(.text)
    TIM2_IRQHandler                          0x080001c3   Thumb Code     0  startup_stm32f401xe.o(.text)
    TIM3_IRQHandler                          0x080001c3   Thumb Code     0  startup_stm32f401xe.o(.text)
    TIM4_IRQHandler                          0x080001c3   Thumb Code     0  startup_stm32f401xe.o(.text)
    TIM5_IRQHandler                          0x080001c3   Thumb Code     0  startup_stm32f401xe.o(.text)
    USART1_IRQHandler                        0x080001c3   Thumb Code     0  startup_stm32f401xe.o(.text)
    USART2_IRQHandler                        0x080001c3   Thumb Code     0  startup_stm32f401xe.o(.text)
    USART6_IRQHandler                        0x080001c3   Thumb Code     0  startup_stm32f401xe.o(.text)
    WWDG_IRQHandler                          0x080001c3   Thumb Code     0  startup_stm32f401xe.o(.text)
    __aeabi_uidiv                            0x080001cd   Thumb Code     0  uidiv.o(.text)
    __aeabi_uidivmod                         0x080001cd   Thumb Code    44  uidiv.o(.text)
    __scatterload                            0x080001f9   Thumb Code    28  init.o(.text)
    __scatterload_rt2                        0x080001f9   Thumb Code     0  init.o(.text)
    BK_LED_Set                               0x0800021d   Thumb Code     6  stm32f4xx_nucleo_extlcdbk.o(i.BK_LED_Set)
    BK_LED_TIMx_Config                       0x08000225   Thumb Code   134  stm32f4xx_nucleo_extlcdbk.o(i.BK_LED_TIMx_Config)
    BSP_LED_Init                             0x080002bd   Thumb Code    72  stm32f4xx_nucleo.o(i.BSP_LED_Init)
    BSP_LED_Toggle                           0x08000311   Thumb Code    16  stm32f4xx_nucleo.o(i.BSP_LED_Toggle)
    BusFault_Handler                         0x08000329   Thumb Code     2  stm32f4xx_it.o(i.BusFault_Handler)
    DebugMon_Handler                         0x0800032b   Thumb Code     2  stm32f4xx_it.o(i.DebugMon_Handler)
    DrawCharacter                            0x0800032d   Thumb Code    88  stm32f4xx_nucleo_extlcd.o(i.DrawCharacter)
    GetHzCode                                0x08000397   Thumb Code    40  stm32f4xx_nucleo_extlcd.o(i.GetHzCode)
    HAL_Delay                                0x080003bf   Thumb Code    22  stm32f4xx_hal.o(i.HAL_Delay)
    HAL_GPIO_Init                            0x080003d5   Thumb Code   400  stm32f4xx_hal_gpio.o(i.HAL_GPIO_Init)
    HAL_GPIO_TogglePin                       0x08000599   Thumb Code     8  stm32f4xx_hal_gpio.o(i.HAL_GPIO_TogglePin)
    HAL_GPIO_WritePin                        0x080005a1   Thumb Code    10  stm32f4xx_hal_gpio.o(i.HAL_GPIO_WritePin)
    HAL_GetTick                              0x080005ad   Thumb Code     6  stm32f4xx_hal.o(i.HAL_GetTick)
    HAL_IncTick                              0x080005b9   Thumb Code    10  stm32f4xx_hal.o(i.HAL_IncTick)
    HAL_Init                                 0x080005c9   Thumb Code    48  stm32f4xx_hal.o(i.HAL_Init)
    HAL_InitTick                             0x080005fd   Thumb Code    34  stm32f4xx_hal.o(i.HAL_InitTick)
    HAL_MspInit                              0x0800061f   Thumb Code     2  stm32f4xx_hal.o(i.HAL_MspInit)
    HAL_NVIC_SetPriority                     0x08000621   Thumb Code    60  stm32f4xx_hal_cortex.o(i.HAL_NVIC_SetPriority)
    HAL_NVIC_SetPriorityGrouping             0x08000661   Thumb Code    26  stm32f4xx_hal_cortex.o(i.HAL_NVIC_SetPriorityGrouping)
    HAL_RCC_ClockConfig                      0x08000685   Thumb Code   432  stm32f4xx_hal_rcc.o(i.HAL_RCC_ClockConfig)
    HAL_RCC_GetHCLKFreq                      0x0800083d   Thumb Code    38  stm32f4xx_hal_rcc.o(i.HAL_RCC_GetHCLKFreq)
    HAL_RCC_GetSysClockFreq                  0x08000871   Thumb Code   120  stm32f4xx_hal_rcc.o(i.HAL_RCC_GetSysClockFreq)
    HAL_RCC_OscConfig                        0x080008f1   Thumb Code   802  stm32f4xx_hal_rcc.o(i.HAL_RCC_OscConfig)
    HAL_SPI_DeInit                           0x08000c29   Thumb Code    42  stm32f4xx_hal_spi.o(i.HAL_SPI_DeInit)
    HAL_SPI_GetState                         0x08000c53   Thumb Code     6  stm32f4xx_hal_spi.o(i.HAL_SPI_GetState)
    HAL_SPI_Init                             0x08000c59   Thumb Code   130  stm32f4xx_hal_spi.o(i.HAL_SPI_Init)
    HAL_SPI_MspDeInit                        0x08000cdb   Thumb Code     2  stm32f4xx_hal_spi.o(i.HAL_SPI_MspDeInit)
    HAL_SPI_MspInit                          0x08000cdd   Thumb Code     2  stm32f4xx_hal_spi.o(i.HAL_SPI_MspInit)
    HAL_SPI_Transmit                         0x08000cdf   Thumb Code   326  stm32f4xx_hal_spi.o(i.HAL_SPI_Transmit)
    HAL_SPI_TransmitReceive                  0x08000e25   Thumb Code   688  stm32f4xx_hal_spi.o(i.HAL_SPI_TransmitReceive)
    HAL_SYSTICK_Config                       0x080010d5   Thumb Code    40  stm32f4xx_hal_cortex.o(i.HAL_SYSTICK_Config)
    HAL_TIM_PWM_ConfigChannel                0x080010fd   Thumb Code   208  stm32f4xx_hal_tim.o(i.HAL_TIM_PWM_ConfigChannel)
    HAL_TIM_PWM_Init                         0x080011cd   Thumb Code    48  stm32f4xx_hal_tim.o(i.HAL_TIM_PWM_Init)
    HAL_TIM_PWM_MspInit                      0x080011fd   Thumb Code     2  stm32f4xx_hal_tim.o(i.HAL_TIM_PWM_MspInit)
    HAL_TIM_PWM_Start                        0x08001201   Thumb Code    42  stm32f4xx_hal_tim.o(i.HAL_TIM_PWM_Start)
    HardFault_Handler                        0x08001231   Thumb Code     2  stm32f4xx_it.o(i.HardFault_Handler)
    LCD_Clear                                0x08001235   Thumb Code    42  stm32f4xx_nucleo_extlcd.o(i.LCD_Clear)
    LCD_CtrlLinesConfig                      0x08001265   Thumb Code    96  stm32f4xx_nucleo_extlcd.o(i.LCD_CtrlLinesConfig)
    LCD_DisplayChar                          0x080012d5   Thumb Code    32  stm32f4xx_nucleo_extlcd.o(i.LCD_DisplayChar)
    LCD_DisplayStringLine                    0x080012f9   Thumb Code    50  stm32f4xx_nucleo_extlcd.o(i.LCD_DisplayStringLine)
    LCD_DrawChar                             0x08001331   Thumb Code   126  stm32f4xx_nucleo_extlcd.o(i.LCD_DrawChar)
    LCD_GetFont                              0x080013b5   Thumb Code     6  stm32f4xx_nucleo_extlcd.o(i.LCD_GetFont)
    LCD_Init                                 0x080013c1   Thumb Code   382  stm32f4xx_nucleo_extlcd.o(i.LCD_Init)
    LCD_STRING                               0x08001545   Thumb Code   126  stm32f4xx_nucleo_extlcd.o(i.LCD_STRING)
    LCD_SetDisplayDirect                     0x080015c9   Thumb Code   210  stm32f4xx_nucleo_extlcd.o(i.LCD_SetDisplayDirect)
    LCD_SetRamAddr                           0x080016a1   Thumb Code    80  stm32f4xx_nucleo_extlcd.o(i.LCD_SetRamAddr)
    LCD_Write_Char                           0x080016f1   Thumb Code   116  stm32f4xx_nucleo_extlcd.o(i.LCD_Write_Char)
    MemManage_Handler                        0x08001765   Thumb Code     2  stm32f4xx_it.o(i.MemManage_Handler)
    NMI_Handler                              0x08001767   Thumb Code     2  stm32f4xx_it.o(i.NMI_Handler)
    PendSV_Handler                           0x08001789   Thumb Code     2  stm32f4xx_it.o(i.PendSV_Handler)
    SPI_Flash_Read                           0x0800178d   Thumb Code    80  stm32f4xx_nucleo_ext25q16.o(i.SPI_Flash_Read)
    SPI_Flash_ReadID                         0x080017e1   Thumb Code    70  stm32f4xx_nucleo_ext25q16.o(i.SPI_Flash_ReadID)
    SVC_Handler                              0x080019f5   Thumb Code     2  stm32f4xx_it.o(i.SVC_Handler)
    SysTick_Handler                          0x080019f7   Thumb Code     4  stm32f4xx_it.o(i.SysTick_Handler)
    SystemInit                               0x08001a71   Thumb Code    66  system_stm32f4xx.o(i.SystemInit)
    TIM_Base_SetConfig                       0x08001ac5   Thumb Code   114  stm32f4xx_hal_tim.o(i.TIM_Base_SetConfig)
    TIM_CCxChannelCmd                        0x08001b55   Thumb Code    22  stm32f4xx_hal_tim.o(i.TIM_CCxChannelCmd)
    TIM_OC2_SetConfig                        0x08001bbd   Thumb Code    84  stm32f4xx_hal_tim.o(i.TIM_OC2_SetConfig)
    UsageFault_Handler                       0x08001cb1   Thumb Code     2  stm32f4xx_it.o(i.UsageFault_Handler)
    W25Q16_IO_Init                           0x08001cb5   Thumb Code    52  stm32f4xx_nucleo.o(i.W25Q16_IO_Init)
    W25Q16_IO_ReadByte                       0x08001cf1   Thumb Code    10  stm32f4xx_nucleo.o(i.W25Q16_IO_ReadByte)
    W25Q16_IO_WriteByte                      0x08001cfb   Thumb Code     4  stm32f4xx_nucleo.o(i.W25Q16_IO_WriteByte)
    W25Q16_Init                              0x08001cff   Thumb Code    22  stm32f4xx_nucleo_ext25q16.o(i.W25Q16_Init)
    W25Q16_SPI_Init                          0x08001d15   Thumb Code     4  stm32f4xx_nucleo.o(i.W25Q16_SPI_Init)
    WriteCOM                                 0x08001d19   Thumb Code    88  stm32f4xx_nucleo_extlcd.o(i.WriteCOM)
    WriteColor                               0x08001d79   Thumb Code    92  stm32f4xx_nucleo_extlcd.o(i.WriteColor)
    WriteDAT                                 0x08001ddd   Thumb Code    88  stm32f4xx_nucleo_extlcd.o(i.WriteDAT)
    __0sprintf$6                             0x08001e3d   Thumb Code    34  printf6.o(i.__0sprintf$6)
    __1sprintf$6                             0x08001e3d   Thumb Code     0  printf6.o(i.__0sprintf$6)
    __2sprintf                               0x08001e3d   Thumb Code     0  printf6.o(i.__0sprintf$6)
    __scatterload_copy                       0x08001e65   Thumb Code    14  handlers.o(i.__scatterload_copy)
    __scatterload_null                       0x08001e73   Thumb Code     2  handlers.o(i.__scatterload_null)
    __scatterload_zeroinit                   0x08001e75   Thumb Code    14  handlers.o(i.__scatterload_zeroinit)
    main                                     0x080021e9   Thumb Code   250  main.o(i.main)
    BUTTON_IRQn                              0x08002374   Data           5  stm32f4xx_nucleo.o(.constdata)
    GPIO_PIN                                 0x0800237a   Data          10  stm32f4xx_nucleo.o(.constdata)
    BUTTON_PIN                               0x08002384   Data          10  stm32f4xx_nucleo.o(.constdata)
    ASCII8x16_Table                          0x0800238e   Data        3040  stm32f4xx_nucleo_extlcd.o(.constdata)
    APBAHBPrescTable                         0x08002f6e   Data          16  stm32f4xx_hal_rcc.o(.constdata)
    Region$$Table$$Base                      0x08002f80   Number         0  anon$$obj.o(Region$$Table)
    Region$$Table$$Limit                     0x08002fa0   Number         0  anon$$obj.o(Region$$Table)
    SystemCoreClock                          0x20000000   Data           4  system_stm32f4xx.o(.data)
    AHBPrescTable                            0x20000004   Data          16  system_stm32f4xx.o(.data)
    SpixTimeout                              0x20000014   Data           4  stm32f4xx_nucleo.o(.data)
    GPIO_PORT                                0x20000018   Data          20  stm32f4xx_nucleo.o(.data)
    BUTTON_PORT                              0x2000002c   Data          20  stm32f4xx_nucleo.o(.data)
    LCD_PIXEL_WIDTH                          0x20000040   Data           1  stm32f4xx_nucleo_extlcd.o(.data)
    LCD_PIXEL_HEIGHT                         0x20000041   Data           1  stm32f4xx_nucleo_extlcd.o(.data)
    Font8x16                                 0x2000004c   Data           8  stm32f4xx_nucleo_extlcd.o(.data)
    TimHandle                                0x20000058   Data          60  main.o(.bss)
    Info                                     0x20000094   Data          20  main.o(.bss)
    __initial_sp                             0x20000500   Data           0  startup_stm32f401xe.o(STACK)



==============================================================================

Memory Map of the image

  Image Entry point : 0x08000195

  Load Region LR_IROM1 (Base: 0x08000000, Size: 0x00002ff8, Max: 0x00060000, ABSOLUTE)

    Execution Region ER_IROM1 (Base: 0x08000000, Size: 0x00002fa0, Max: 0x00060000, ABSOLUTE)

    Base Addr    Size         Type   Attr      Idx    E Section Name        Object

    0x08000000   0x00000194   Data   RO            3    RESET               startup_stm32f401xe.o
    0x08000194   0x00000000   Code   RO         2795  * .ARM.Collect$$$$00000000  mc_w.l(entry.o)
    0x08000194   0x00000004   Code   RO         3059    .ARM.Collect$$$$00000001  mc_w.l(entry2.o)
    0x08000198   0x00000004   Code   RO         3062    .ARM.Collect$$$$00000004  mc_w.l(entry5.o)
    0x0800019c   0x00000000   Code   RO         3064    .ARM.Collect$$$$00000008  mc_w.l(entry7b.o)
    0x0800019c   0x00000000   Code   RO         3066    .ARM.Collect$$$$0000000A  mc_w.l(entry8b.o)
    0x0800019c   0x00000008   Code   RO         3067    .ARM.Collect$$$$0000000B  mc_w.l(entry9a.o)
    0x080001a4   0x00000000   Code   RO         3069    .ARM.Collect$$$$0000000D  mc_w.l(entry10a.o)
    0x080001a4   0x00000000   Code   RO         3071    .ARM.Collect$$$$0000000F  mc_w.l(entry11a.o)
    0x080001a4   0x00000004   Code   RO         3060    .ARM.Collect$$$$00002712  mc_w.l(entry2.o)
    0x080001a8   0x00000024   Code   RO            4    .text               startup_stm32f401xe.o
    0x080001cc   0x0000002c   Code   RO         3076    .text               mc_w.l(uidiv.o)
    0x080001f8   0x00000024   Code   RO         3091    .text               mc_w.l(init.o)
    0x0800021c   0x00000006   Code   RO          789    i.BK_LED_Set        stm32f4xx_nucleo_extlcdbk.o
    0x08000222   0x00000002   PAD
    0x08000224   0x00000098   Code   RO          790    i.BK_LED_TIMx_Config  stm32f4xx_nucleo_extlcdbk.o
    0x080002bc   0x00000054   Code   RO          263    i.BSP_LED_Init      stm32f4xx_nucleo.o
    0x08000310   0x00000018   Code   RO          266    i.BSP_LED_Toggle    stm32f4xx_nucleo.o
    0x08000328   0x00000002   Code   RO          159    i.BusFault_Handler  stm32f4xx_it.o
    0x0800032a   0x00000002   Code   RO          160    i.DebugMon_Handler  stm32f4xx_it.o
    0x0800032c   0x0000005c   Code   RO          406    i.DrawCharacter     stm32f4xx_nucleo_extlcd.o
    0x08000388   0x0000000e   Code   RO           12    i.Error_Handler     main.o
    0x08000396   0x00000028   Code   RO          409    i.GetHzCode         stm32f4xx_nucleo_extlcd.o
    0x080003be   0x00000016   Code   RO          816    i.HAL_Delay         stm32f4xx_hal.o
    0x080003d4   0x000001c4   Code   RO         1371    i.HAL_GPIO_Init     stm32f4xx_hal_gpio.o
    0x08000598   0x00000008   Code   RO         1374    i.HAL_GPIO_TogglePin  stm32f4xx_hal_gpio.o
    0x080005a0   0x0000000a   Code   RO         1375    i.HAL_GPIO_WritePin  stm32f4xx_hal_gpio.o
    0x080005aa   0x00000002   PAD
    0x080005ac   0x0000000c   Code   RO          828    i.HAL_GetTick       stm32f4xx_hal.o
    0x080005b8   0x00000010   Code   RO          829    i.HAL_IncTick       stm32f4xx_hal.o
    0x080005c8   0x00000034   Code   RO          830    i.HAL_Init          stm32f4xx_hal.o
    0x080005fc   0x00000022   Code   RO          831    i.HAL_InitTick      stm32f4xx_hal.o
    0x0800061e   0x00000002   Code   RO          833    i.HAL_MspInit       stm32f4xx_hal.o
    0x08000620   0x00000040   Code   RO          965    i.HAL_NVIC_SetPriority  stm32f4xx_hal_cortex.o
    0x08000660   0x00000024   Code   RO          966    i.HAL_NVIC_SetPriorityGrouping  stm32f4xx_hal_cortex.o
    0x08000684   0x000001b8   Code   RO         1585    i.HAL_RCC_ClockConfig  stm32f4xx_hal_rcc.o
    0x0800083c   0x00000034   Code   RO         1590    i.HAL_RCC_GetHCLKFreq  stm32f4xx_hal_rcc.o
    0x08000870   0x00000080   Code   RO         1594    i.HAL_RCC_GetSysClockFreq  stm32f4xx_hal_rcc.o
    0x080008f0   0x00000338   Code   RO         1597    i.HAL_RCC_OscConfig  stm32f4xx_hal_rcc.o
    0x08000c28   0x0000002a   Code   RO         1714    i.HAL_SPI_DeInit    stm32f4xx_hal_spi.o
    0x08000c52   0x00000006   Code   RO         1717    i.HAL_SPI_GetState  stm32f4xx_hal_spi.o
    0x08000c58   0x00000082   Code   RO         1719    i.HAL_SPI_Init      stm32f4xx_hal_spi.o
    0x08000cda   0x00000002   Code   RO         1720    i.HAL_SPI_MspDeInit  stm32f4xx_hal_spi.o
    0x08000cdc   0x00000002   Code   RO         1721    i.HAL_SPI_MspInit   stm32f4xx_hal_spi.o
    0x08000cde   0x00000146   Code   RO         1727    i.HAL_SPI_Transmit  stm32f4xx_hal_spi.o
    0x08000e24   0x000002b0   Code   RO         1728    i.HAL_SPI_TransmitReceive  stm32f4xx_hal_spi.o
    0x080010d4   0x00000028   Code   RO          970    i.HAL_SYSTICK_Config  stm32f4xx_hal_cortex.o
    0x080010fc   0x000000d0   Code   RO         2017    i.HAL_TIM_PWM_ConfigChannel  stm32f4xx_hal_tim.o
    0x080011cc   0x00000030   Code   RO         2020    i.HAL_TIM_PWM_Init  stm32f4xx_hal_tim.o
    0x080011fc   0x00000002   Code   RO         2022    i.HAL_TIM_PWM_MspInit  stm32f4xx_hal_tim.o
    0x080011fe   0x00000002   PAD
    0x08001200   0x00000030   Code   RO         2024    i.HAL_TIM_PWM_Start  stm32f4xx_hal_tim.o
    0x08001230   0x00000002   Code   RO          161    i.HardFault_Handler  stm32f4xx_it.o
    0x08001232   0x00000002   PAD
    0x08001234   0x00000030   Code   RO          412    i.LCD_Clear         stm32f4xx_nucleo_extlcd.o
    0x08001264   0x00000070   Code   RO          414    i.LCD_CtrlLinesConfig  stm32f4xx_nucleo_extlcd.o
    0x080012d4   0x00000024   Code   RO          415    i.LCD_DisplayChar   stm32f4xx_nucleo_extlcd.o
    0x080012f8   0x00000038   Code   RO          416    i.LCD_DisplayStringLine  stm32f4xx_nucleo_extlcd.o
    0x08001330   0x00000084   Code   RO          417    i.LCD_DrawChar      stm32f4xx_nucleo_extlcd.o
    0x080013b4   0x0000000c   Code   RO          426    i.LCD_GetFont       stm32f4xx_nucleo_extlcd.o
    0x080013c0   0x00000184   Code   RO          427    i.LCD_Init          stm32f4xx_nucleo_extlcd.o
    0x08001544   0x00000084   Code   RO          428    i.LCD_STRING        stm32f4xx_nucleo_extlcd.o
    0x080015c8   0x000000d8   Code   RO          432    i.LCD_SetDisplayDirect  stm32f4xx_nucleo_extlcd.o
    0x080016a0   0x00000050   Code   RO          434    i.LCD_SetRamAddr    stm32f4xx_nucleo_extlcd.o
    0x080016f0   0x00000074   Code   RO          437    i.LCD_Write_Char    stm32f4xx_nucleo_extlcd.o
    0x08001764   0x00000002   Code   RO          162    i.MemManage_Handler  stm32f4xx_it.o
    0x08001766   0x00000002   Code   RO          163    i.NMI_Handler       stm32f4xx_it.o
    0x08001768   0x00000020   Code   RO          972    i.NVIC_SetPriority  stm32f4xx_hal_cortex.o
    0x08001788   0x00000002   Code   RO          164    i.PendSV_Handler    stm32f4xx_it.o
    0x0800178a   0x00000002   PAD
    0x0800178c   0x00000054   Code   RO          691    i.SPI_Flash_Read    stm32f4xx_nucleo_ext25q16.o
    0x080017e0   0x0000004c   Code   RO          692    i.SPI_Flash_ReadID  stm32f4xx_nucleo_ext25q16.o
    0x0800182c   0x0000009e   Code   RO         1749    i.SPI_WaitOnFlagUntilTimeout  stm32f4xx_hal_spi.o
    0x080018ca   0x00000002   PAD
    0x080018cc   0x00000014   Code   RO          275    i.SPIx_Error        stm32f4xx_nucleo.o
    0x080018e0   0x00000054   Code   RO          276    i.SPIx_Init         stm32f4xx_nucleo.o
    0x08001934   0x0000006c   Code   RO          277    i.SPIx_MspInit      stm32f4xx_nucleo.o
    0x080019a0   0x00000030   Code   RO          278    i.SPIx_Read         stm32f4xx_nucleo.o
    0x080019d0   0x00000024   Code   RO          279    i.SPIx_Write        stm32f4xx_nucleo.o
    0x080019f4   0x00000002   Code   RO          165    i.SVC_Handler       stm32f4xx_it.o
    0x080019f6   0x00000004   Code   RO          166    i.SysTick_Handler   stm32f4xx_it.o
    0x080019fa   0x00000002   PAD
    0x080019fc   0x00000074   Code   RO           13    i.SystemClock_Config  main.o
    0x08001a70   0x00000054   Code   RO          231    i.SystemInit        system_stm32f4xx.o
    0x08001ac4   0x00000090   Code   RO         2034    i.TIM_Base_SetConfig  stm32f4xx_hal_tim.o
    0x08001b54   0x00000016   Code   RO         2035    i.TIM_CCxChannelCmd  stm32f4xx_hal_tim.o
    0x08001b6a   0x00000002   PAD
    0x08001b6c   0x00000050   Code   RO         2040    i.TIM_OC1_SetConfig  stm32f4xx_hal_tim.o
    0x08001bbc   0x00000058   Code   RO         2041    i.TIM_OC2_SetConfig  stm32f4xx_hal_tim.o
    0x08001c14   0x00000058   Code   RO         2042    i.TIM_OC3_SetConfig  stm32f4xx_hal_tim.o
    0x08001c6c   0x00000044   Code   RO         2043    i.TIM_OC4_SetConfig  stm32f4xx_hal_tim.o
    0x08001cb0   0x00000002   Code   RO          167    i.UsageFault_Handler  stm32f4xx_it.o
    0x08001cb2   0x00000002   PAD
    0x08001cb4   0x0000003c   Code   RO          280    i.W25Q16_IO_Init    stm32f4xx_nucleo.o
    0x08001cf0   0x0000000a   Code   RO          281    i.W25Q16_IO_ReadByte  stm32f4xx_nucleo.o
    0x08001cfa   0x00000004   Code   RO          282    i.W25Q16_IO_WriteByte  stm32f4xx_nucleo.o
    0x08001cfe   0x00000016   Code   RO          699    i.W25Q16_Init       stm32f4xx_nucleo_ext25q16.o
    0x08001d14   0x00000004   Code   RO          283    i.W25Q16_SPI_Init   stm32f4xx_nucleo.o
    0x08001d18   0x00000060   Code   RO          443    i.WriteCOM          stm32f4xx_nucleo_extlcd.o
    0x08001d78   0x00000064   Code   RO          444    i.WriteColor        stm32f4xx_nucleo_extlcd.o
    0x08001ddc   0x00000060   Code   RO          445    i.WriteDAT          stm32f4xx_nucleo_extlcd.o
    0x08001e3c   0x00000028   Code   RO         2955    i.__0sprintf$6      mc_w.l(printf6.o)
    0x08001e64   0x0000000e   Code   RO         3105    i.__scatterload_copy  mc_w.l(handlers.o)
    0x08001e72   0x00000002   Code   RO         3106    i.__scatterload_null  mc_w.l(handlers.o)
    0x08001e74   0x0000000e   Code   RO         3107    i.__scatterload_zeroinit  mc_w.l(handlers.o)
    0x08001e82   0x00000002   PAD
    0x08001e84   0x000002f0   Code   RO         2960    i._printf_core      mc_w.l(printf6.o)
    0x08002174   0x00000024   Code   RO         2961    i._printf_post_padding  mc_w.l(printf6.o)
    0x08002198   0x0000002e   Code   RO         2962    i._printf_pre_padding  mc_w.l(printf6.o)
    0x080021c6   0x0000000a   Code   RO         2964    i._sputc            mc_w.l(printf6.o)
    0x080021d0   0x00000018   Code   RO          446    i.delay             stm32f4xx_nucleo_extlcd.o
    0x080021e8   0x0000018c   Code   RO           14    i.main              main.o
    0x08002374   0x0000001a   Data   RO          285    .constdata          stm32f4xx_nucleo.o
    0x0800238e   0x00000be0   Data   RO          450    .constdata          stm32f4xx_nucleo_extlcd.o
    0x08002f6e   0x00000010   Data   RO         1598    .constdata          stm32f4xx_hal_rcc.o
    0x08002f7e   0x00000002   PAD
    0x08002f80   0x00000020   Data   RO         3103    Region$$Table       anon$$obj.o


    Execution Region RW_IRAM1 (Base: 0x20000000, Size: 0x00000500, Max: 0x00018000, ABSOLUTE)

    Base Addr    Size         Type   Attr      Idx    E Section Name        Object

    0x20000000   0x00000014   Data   RW          232    .data               system_stm32f4xx.o
    0x20000014   0x0000002c   Data   RW          286    .data               stm32f4xx_nucleo.o
    0x20000040   0x00000014   Data   RW          454    .data               stm32f4xx_nucleo_extlcd.o
    0x20000054   0x00000004   Data   RW          836    .data               stm32f4xx_hal.o
    0x20000058   0x00000050   Zero   RW           15    .bss                main.o
    0x200000a8   0x00000054   Zero   RW          284    .bss                stm32f4xx_nucleo.o
    0x200000fc   0x00000004   PAD
    0x20000100   0x00000400   Zero   RW            1    STACK               startup_stm32f401xe.o


==============================================================================

Image component sizes


      Code (inc. data)   RO Data    RW Data    ZI Data      Debug   Object Name

       526        156          0          0         80     226708   main.o
        36          8        404          0       1024        852   startup_stm32f401xe.o
       138         16          0          4          0       4736   stm32f4xx_hal.o
       172         14          0          0          0      29354   stm32f4xx_hal_cortex.o
       470         52          0          0          0       3725   stm32f4xx_hal_gpio.o
      1444         52         16          0          0       4937   stm32f4xx_hal_rcc.o
      1354          0          0          0          0       6626   stm32f4xx_hal_spi.o
       796         56          0          0          0       8166   stm32f4xx_hal_tim.o
        20          0          0          0          0       4242   stm32f4xx_it.o
       482         72         26         44         84       8222   stm32f4xx_nucleo.o
       182         10          0          0          0       2676   stm32f4xx_nucleo_ext25q16.o
      1776         90       3040         20          0      16683   stm32f4xx_nucleo_extlcd.o
       158         18          0          0          0       1666   stm32f4xx_nucleo_extlcdbk.o
        84         18          0         20          0       1157   system_stm32f4xx.o

    ----------------------------------------------------------------------
      7656        562       3520         88       1192     319750   Object Totals
         0          0         32          0          0          0   (incl. Generated)
        18          0          2          0          4          0   (incl. Padding)

    ----------------------------------------------------------------------

      Code (inc. data)   RO Data    RW Data    ZI Data      Debug   Library Member Name

         0          0          0          0          0          0   entry.o
         0          0          0          0          0          0   entry10a.o
         0          0          0          0          0          0   entry11a.o
         8          4          0          0          0          0   entry2.o
         4          0          0          0          0          0   entry5.o
         0          0          0          0          0          0   entry7b.o
         0          0          0          0          0          0   entry8b.o
         8          4          0          0          0          0   entry9a.o
        30          0          0          0          0          0   handlers.o
        36          8          0          0          0         68   init.o
       884         10          0          0          0        420   printf6.o
        44          0          0          0          0         80   uidiv.o

    ----------------------------------------------------------------------
      1016         26          0          0          0        568   Library Totals
         2          0          0          0          0          0   (incl. Padding)

    ----------------------------------------------------------------------

      Code (inc. data)   RO Data    RW Data    ZI Data      Debug   Library Name

      1014         26          0          0          0        568   mc_w.l

    ----------------------------------------------------------------------
      1016         26          0          0          0        568   Library Totals

    ----------------------------------------------------------------------

==============================================================================


      Code (inc. data)   RO Data    RW Data    ZI Data      Debug   

      8672        588       3520         88       1192     312914   Grand Totals
      8672        588       3520         88       1192     312914   ELF Image Totals
      8672        588       3520         88          0          0   ROM Totals

==============================================================================

    Total RO  Size (Code + RO Data)                12192 (  11.91kB)
    Total RW  Size (RW Data + ZI Data)              1280 (   1.25kB)
    Total ROM Size (Code + RO Data + RW Data)      12280 (  11.99kB)

==============================================================================

